<html>
<body>
<pre>
<h1>µVision Build Log</h1>
<h2>Tool Versions:</h2>
IDE-Version: ¦ÌVision V5.27.1.0
Copyright (C) 2019 ARM Ltd and ARM Germany GmbH. All rights reserved.
License Information: a a, a, LIC=FYKHL-0TRB7-S96G4-F60QM-5QI69-BI0GM
 
Tool Versions:
Toolchain:       MDK-ARM Plus  Version: 5.27.1.0
Toolchain Path:  D:\Keil\ARM\ARMCC\Bin
C Compiler:      Armcc.exe V5.06 update 6 (build 750)
Assembler:       Armasm.exe V5.06 update 6 (build 750)
Linker/Locator:  ArmLink.exe V5.06 update 6 (build 750)
Library Manager: ArmAr.exe V5.06 update 6 (build 750)
Hex Converter:   FromElf.exe V5.06 update 6 (build 750)
CPU DLL:         SARMCM3.DLL V5.27.1.0
Dialog DLL:      DCM.DLL V1.17.2.0
Target DLL:      Segger\JL2CM3.dll V2.99.35.0
Dialog DLL:      TCM.DLL V1.36.1.0
 
<h2>Project:</h2>
F:\Work\hero_robot\Ð¡ÔÆÌ¨\MDK-ARM\2018.07.12-infantry.uvprojx
Project File Date:  05/11/2019

<h2>Output:</h2>
*** Using Compiler 'V5.06 update 6 (build 750)', folder: 'D:\Keil\ARM\ARMCC\Bin'
Build target 'hero_robot'
compiling gun_task.c...
../Drivers/CMSIS/Device/ST/STM32F4xx/Include/stm32f427xx.h(70): warning:  #47-D: incompatible redefinition of macro "__FPU_PRESENT" 
  #define __FPU_PRESENT             1U       /*!< FPU present   	 */
../Drivers/CMSIS/Include/arm_math.h(4889): warning:  #223-D: function "__SMUAD" declared implicitly
      acc = (q31_t) __SMUAD((uint32_t)S->A0, (uint32_t)in);
../Drivers/CMSIS/Include/arm_math.h(4893): warning:  #223-D: function "__SMLALD" declared implicitly
      acc = (q63_t)__SMLALD((uint32_t)S->A1, (uint32_t)*vstate, (uint64_t)acc);
../Drivers/CMSIS/Include/arm_math.h(4907): warning:  #223-D: function "__SSAT" declared implicitly
      out = (q15_t) (__SSAT((acc >> 15), 16));
../Drivers/CMSIS/Include/arm_math.h(5032): warning:  #223-D: function "__QADD" declared implicitly
      *pIbeta = __QADD(product1, product2);
../Drivers/CMSIS/Include/arm_math.h(5129): warning:  #223-D: function "__QSUB" declared implicitly
      *pIb = __QSUB(product2, product1);
../Drivers/CMSIS/Include/arm_math.h(5250): warning:  #223-D: function "__QADD" declared implicitly
      *pId = __QADD(product1, product2);
../Drivers/CMSIS/Include/arm_math.h(5253): warning:  #223-D: function "__QSUB" declared implicitly
      *pIq = __QSUB(product4, product3);
../Drivers/CMSIS/Include/arm_math.h(5363): warning:  #223-D: function "__QSUB" declared implicitly
      *pIalpha = __QSUB(product1, product2);
../Drivers/CMSIS/Include/arm_math.h(5366): warning:  #223-D: function "__QADD" declared implicitly
      *pIbeta = __QADD(product4, product3);
APP_task\gun_task.c(72): warning:  #177-D: variable "motor_stop_flag"  was declared but never referenced
    uint8_t motor_stop_flag=0;
APP_task\gun_task.c(73): warning:  #550-D: variable "set_cnt"  was set but never used
    uint8_t set_cnt = 0;
APP_task\gun_task.c(74): warning:  #177-D: variable "set_angle"  was declared but never referenced
  	static int32_t set_angle = 0;
APP_task\gun_task.c(76): warning:  #177-D: variable "set_M_speed"  was declared but never referenced
    int32_t set_M_speed = 103;
APP_task\gun_task.c(77): warning:  #177-D: variable "block_flag"  was declared but never referenced
    static uint8_t block_flag;
APP_task\gun_task.c(79): warning:  #177-D: variable "contiue_flag"  was declared but never referenced
    static uint8_t contiue_flag = 0;
APP_task\gun_task.c: 16 warnings, 0 errors
linking...
Program Size: Code=25964 RO-data=752 RW-data=256 ZI-data=19960  
"2018.07.12-infantry\hero_robot.axf" - 0 Error(s), 16 Warning(s).

<h2>Software Packages used:</h2>

Package Vendor: ARM
                http://www.keil.com/pack/ARM.CMSIS.5.5.1.pack
                ARM.CMSIS.5.5.1
                CMSIS (Cortex Microcontroller Software Interface Standard)
   * Component: CORE Version: 5.2.0

Package Vendor: Keil
                http://www.keil.com/pack/Keil.STM32F4xx_DFP.2.9.0.pack
                Keil.STM32F4xx_DFP.2.9.0
                STMicroelectronics STM32F4 Series Device Support, Drivers and Examples

<h2>Collection of Component include folders:</h2>
  .\RTE\_hero_robot
  D:\Keil\Packs\ARM\CMSIS\5.5.1\CMSIS\Core\Include
  D:\Keil\Packs\Keil\STM32F4xx_DFP\2.9.0\Drivers\CMSIS\Device\ST\STM32F4xx\Include

<h2>Collection of Component Files used:</h2>

   * Component: ARM::CMSIS:CORE:5.2.0
Build Time Elapsed:  00:00:03
</pre>
</body>
</html>
