<html>
<body>
<pre>
<h1>µVision Build Log</h1>
<h2>Tool Versions:</h2>
IDE-Version: ¦ÌVision V5.27.1.0
Copyright (C) 2019 ARM Ltd and ARM Germany GmbH. All rights reserved.
License Information: a a, a, LIC=FYKHL-0TRB7-S96G4-F60QM-5QI69-BI0GM
 
Tool Versions:
Toolchain:       MDK-ARM Plus  Version: 5.27.1.0
Toolchain Path:  D:\Keil\ARM\ARMCC\Bin
C Compiler:      Armcc.exe V5.06 update 6 (build 750)
Assembler:       Armasm.exe V5.06 update 6 (build 750)
Linker/Locator:  ArmLink.exe V5.06 update 6 (build 750)
Library Manager: ArmAr.exe V5.06 update 6 (build 750)
Hex Converter:   FromElf.exe V5.06 update 6 (build 750)
CPU DLL:         SARMCM3.DLL V5.27.1.0
Dialog DLL:      DCM.DLL V1.17.2.0
Target DLL:      Segger\JL2CM3.dll V2.99.35.0
Dialog DLL:      TCM.DLL V1.36.1.0
 
<h2>Project:</h2>
F:\Work\hero\Ð¡ÔÆÌ¨\MDK-ARM\2018.07.12-infantry.uvprojx
Project File Date:  04/26/2019

<h2>Output:</h2>
*** Using Compiler 'V5.06 update 6 (build 750)', folder: 'D:\Keil\ARM\ARMCC\Bin'
Build target 'hero_robot'
compiling gun_task.c...
../Drivers/CMSIS/Device/ST/STM32F4xx/Include/stm32f427xx.h(70): warning:  #47-D: incompatible redefinition of macro "__FPU_PRESENT" 
  #define __FPU_PRESENT             1U       /*!< FPU present   	 */
../Drivers/CMSIS/Include/arm_math.h(4889): warning:  #223-D: function "__SMUAD" declared implicitly
      acc = (q31_t) __SMUAD((uint32_t)S->A0, (uint32_t)in);
../Drivers/CMSIS/Include/arm_math.h(4893): warning:  #223-D: function "__SMLALD" declared implicitly
      acc = (q63_t)__SMLALD((uint32_t)S->A1, (uint32_t)*vstate, (uint64_t)acc);
../Drivers/CMSIS/Include/arm_math.h(4907): warning:  #223-D: function "__SSAT" declared implicitly
      out = (q15_t) (__SSAT((acc >> 15), 16));
../Drivers/CMSIS/Include/arm_math.h(5032): warning:  #223-D: function "__QADD" declared implicitly
      *pIbeta = __QADD(product1, product2);
../Drivers/CMSIS/Include/arm_math.h(5129): warning:  #223-D: function "__QSUB" declared implicitly
      *pIb = __QSUB(product2, product1);
../Drivers/CMSIS/Include/arm_math.h(5250): warning:  #223-D: function "__QADD" declared implicitly
      *pId = __QADD(product1, product2);
../Drivers/CMSIS/Include/arm_math.h(5253): warning:  #223-D: function "__QSUB" declared implicitly
      *pIq = __QSUB(product4, product3);
../Drivers/CMSIS/Include/arm_math.h(5363): warning:  #223-D: function "__QSUB" declared implicitly
      *pIalpha = __QSUB(product1, product2);
../Drivers/CMSIS/Include/arm_math.h(5366): warning:  #223-D: function "__QADD" declared implicitly
      *pIbeta = __QADD(product4, product3);
APP_task\gun_task.c(116): warning:  #111-D: statement is unreachable
            }break;
APP_task\gun_task.c(64): warning:  #177-D: variable "motor_stop_flag"  was declared but never referenced
    uint8_t motor_stop_flag=0;
APP_task\gun_task.c(69): warning:  #177-D: variable "block_flag"  was declared but never referenced
    static uint8_t block_flag;
APP_task\gun_task.c: 13 warnings, 0 errors
compiling freertos.c...
../Drivers/CMSIS/Device/ST/STM32F4xx/Include/stm32f427xx.h(70): warning:  #47-D: incompatible redefinition of macro "__FPU_PRESENT" 
  #define __FPU_PRESENT             1U       /*!< FPU present   	 */
../Drivers/CMSIS/Include/arm_math.h(4889): warning:  #223-D: function "__SMUAD" declared implicitly
      acc = (q31_t) __SMUAD((uint32_t)S->A0, (uint32_t)in);
../Drivers/CMSIS/Include/arm_math.h(4893): warning:  #223-D: function "__SMLALD" declared implicitly
      acc = (q63_t)__SMLALD((uint32_t)S->A1, (uint32_t)*vstate, (uint64_t)acc);
../Drivers/CMSIS/Include/arm_math.h(4907): warning:  #223-D: function "__SSAT" declared implicitly
      out = (q15_t) (__SSAT((acc >> 15), 16));
../Drivers/CMSIS/Include/arm_math.h(5032): warning:  #223-D: function "__QADD" declared implicitly
      *pIbeta = __QADD(product1, product2);
../Drivers/CMSIS/Include/arm_math.h(5129): warning:  #223-D: function "__QSUB" declared implicitly
      *pIb = __QSUB(product2, product1);
../Drivers/CMSIS/Include/arm_math.h(5250): warning:  #223-D: function "__QADD" declared implicitly
      *pId = __QADD(product1, product2);
../Drivers/CMSIS/Include/arm_math.h(5253): warning:  #223-D: function "__QSUB" declared implicitly
      *pIq = __QSUB(product4, product3);
../Drivers/CMSIS/Include/arm_math.h(5363): warning:  #223-D: function "__QSUB" declared implicitly
      *pIalpha = __QSUB(product1, product2);
../Drivers/CMSIS/Include/arm_math.h(5366): warning:  #223-D: function "__QADD" declared implicitly
      *pIbeta = __QADD(product4, product3);
../Src/freertos.c: 10 warnings, 0 errors
compiling stm32f4xx_it.c...
../Drivers/CMSIS/Device/ST/STM32F4xx/Include/stm32f427xx.h(70): warning:  #47-D: incompatible redefinition of macro "__FPU_PRESENT" 
  #define __FPU_PRESENT             1U       /*!< FPU present   	 */
../Src/stm32f4xx_it.c: 1 warning, 0 errors
compiling main.c...
../Drivers/CMSIS/Device/ST/STM32F4xx/Include/stm32f427xx.h(70): warning:  #47-D: incompatible redefinition of macro "__FPU_PRESENT" 
  #define __FPU_PRESENT             1U       /*!< FPU present   	 */
../Src/main.c: 1 warning, 0 errors
compiling gimbal_task.c...
../Drivers/CMSIS/Device/ST/STM32F4xx/Include/stm32f427xx.h(70): warning:  #47-D: incompatible redefinition of macro "__FPU_PRESENT" 
  #define __FPU_PRESENT             1U       /*!< FPU present   	 */
APP_task\gimbal_task.c(121): warning:  #550-D: variable "pit_protect_correct_1"  was set but never used
  	uint16_t pit_protect_correct_1 = 0;
APP_task\gimbal_task.c(122): warning:  #550-D: variable "pit_protect_correct_2"  was set but never used
  	uint16_t pit_protect_correct_2 = 0;
APP_task\gimbal_task.c: 3 warnings, 0 errors
compiling test_task.c...
../Drivers/CMSIS/Device/ST/STM32F4xx/Include/stm32f427xx.h(70): warning:  #47-D: incompatible redefinition of macro "__FPU_PRESENT" 
  #define __FPU_PRESENT             1U       /*!< FPU present   	 */
APP_task\test_task.h(27): warning:  #1-D: last line of file ends without a newline
  /************************ (C) COPYRIGHT STMicroelectronics *****END OF FILE****/
APP_task\test_task.c(45): warning:  #177-D: variable "count"  was declared but never referenced
  		static uint8_t count = 0;
APP_task\test_task.c(68): warning:  #177-D: variable "p1"  was declared but never referenced
        int16_t  *p1  = &speed_set;
APP_task\test_task.c(69): warning:  #177-D: variable "p2"  was declared but never referenced
        float  *p2  = &(limit.Power_Calculat);
APP_task\test_task.c(30): warning:  #177-D: variable "micro_timenow"  was declared but never referenced
  	static double micro_timenow = 0;
APP_task\test_task.c(31): warning:  #177-D: variable "micro_timelast"  was declared but never referenced
  	static double micro_timelast = 0;
APP_task\test_task.c(32): warning:  #177-D: variable "micro_time"  was declared but never referenced
  	static double micro_time = 0;
APP_task\test_task.c(34): warning:  #177-D: variable "angle_yaw"  was declared but never referenced
    int16_t angle_yaw = 0;
APP_task\test_task.c(39): warning:  #177-D: variable "speed"  was declared but never referenced
    float speed[30];
APP_task\test_task.c(81): warning:  #1-D: last line of file ends without a newline
  /************************ (C) COPYRIGHT STMicroelectronics *****END OF FILE****/
APP_task\test_task.c: 11 warnings, 0 errors
compiling remote_task.c...
../Drivers/CMSIS/Device/ST/STM32F4xx/Include/stm32f427xx.h(70): warning:  #47-D: incompatible redefinition of macro "__FPU_PRESENT" 
  #define __FPU_PRESENT             1U       /*!< FPU present   	 */
APP_task\remote_task.c(198): warning:  #177-D: variable "NotifyValue"  was declared but never referenced
      uint32_t NotifyValue;
APP_task\remote_task.c: 2 warnings, 0 errors
compiling status_task.c...
../Drivers/CMSIS/Device/ST/STM32F4xx/Include/stm32f427xx.h(70): warning:  #47-D: incompatible redefinition of macro "__FPU_PRESENT" 
  #define __FPU_PRESENT             1U       /*!< FPU present   	 */
APP_task\status_task.h(27): warning:  #1-D: last line of file ends without a newline
  /************************ (C) COPYRIGHT STMicroelectronics *****END OF FILE****/
APP_task\status_task.c(117): warning:  #1-D: last line of file ends without a newline
  /************************ (C) COPYRIGHT STMicroelectronics *****END OF FILE****/
APP_task\status_task.c: 3 warnings, 0 errors
compiling BSP.c...
../Drivers/CMSIS/Device/ST/STM32F4xx/Include/stm32f427xx.h(70): warning:  #47-D: incompatible redefinition of macro "__FPU_PRESENT" 
  #define __FPU_PRESENT             1U       /*!< FPU present   	 */
..\Src\BSP.c: 1 warning, 0 errors
compiling Motor_USE_CAN.c...
../Drivers/CMSIS/Device/ST/STM32F4xx/Include/stm32f427xx.h(70): warning:  #47-D: incompatible redefinition of macro "__FPU_PRESENT" 
  #define __FPU_PRESENT             1U       /*!< FPU present   	 */
MotorDriver\Motor_USE_CAN.c(272): warning:  #1-D: last line of file ends without a newline
  }
MotorDriver\Motor_USE_CAN.c: 2 warnings, 0 errors
compiling communication.c...
../Drivers/CMSIS/Device/ST/STM32F4xx/Include/stm32f427xx.h(70): warning:  #47-D: incompatible redefinition of macro "__FPU_PRESENT" 
  #define __FPU_PRESENT             1U       /*!< FPU present   	 */
Communication\communication.c: 1 warning, 0 errors
compiling pid.c...
../Drivers/CMSIS/Device/ST/STM32F4xx/Include/stm32f427xx.h(70): warning:  #47-D: incompatible redefinition of macro "__FPU_PRESENT" 
  #define __FPU_PRESENT             1U       /*!< FPU present   	 */
Algorithm\pid.c: 1 warning, 0 errors
linking...
Program Size: Code=25196 RO-data=784 RW-data=268 ZI-data=19908  
"2018.07.12-infantry\hero_robot.axf" - 0 Error(s), 49 Warning(s).

<h2>Software Packages used:</h2>

Package Vendor: ARM
                http://www.keil.com/pack/ARM.CMSIS.5.5.1.pack
                ARM.CMSIS.5.5.1
                CMSIS (Cortex Microcontroller Software Interface Standard)
   * Component: CORE Version: 5.2.0

Package Vendor: Keil
                http://www.keil.com/pack/Keil.STM32F4xx_DFP.2.9.0.pack
                Keil.STM32F4xx_DFP.2.9.0
                STMicroelectronics STM32F4 Series Device Support, Drivers and Examples

<h2>Collection of Component include folders:</h2>
  .\RTE\_hero_robot
  D:\Keil\Packs\ARM\CMSIS\5.5.1\CMSIS\Core\Include
  D:\Keil\Packs\Keil\STM32F4xx_DFP\2.9.0\Drivers\CMSIS\Device\ST\STM32F4xx\Include

<h2>Collection of Component Files used:</h2>

   * Component: ARM::CMSIS:CORE:5.2.0
Build Time Elapsed:  00:00:23
</pre>
</body>
</html>
