Component: ARM Compiler 5.06 update 6 (build 750) Tool: armlink [4d35ed]

==============================================================================

Section Cross References

    main.o(i.SystemClock_Config) refers to stm32f4xx_hal_rcc.o(i.HAL_RCC_OscConfig) for HAL_RCC_OscConfig
    main.o(i.SystemClock_Config) refers to stm32f4xx_hal_rcc.o(i.HAL_RCC_ClockConfig) for HAL_RCC_ClockConfig
    main.o(i.SystemClock_Config) refers to stm32f4xx_hal_rcc.o(i.HAL_RCC_GetHCLKFreq) for HAL_RCC_GetHCLKFreq
    main.o(i.SystemClock_Config) refers to stm32f4xx_hal_cortex.o(i.HAL_SYSTICK_Config) for HAL_SYSTICK_Config
    main.o(i.SystemClock_Config) refers to stm32f4xx_hal_cortex.o(i.HAL_SYSTICK_CLKSourceConfig) for HAL_SYSTICK_CLKSourceConfig
    main.o(i.SystemClock_Config) refers to stm32f4xx_hal_cortex.o(i.HAL_NVIC_SetPriority) for HAL_NVIC_SetPriority
    main.o(i.main) refers to stm32f4xx_hal.o(i.HAL_Init) for HAL_Init
    main.o(i.main) refers to main.o(i.SystemClock_Config) for SystemClock_Config
    main.o(i.main) refers to port.o(i.vPortEnterCritical) for vPortEnterCritical
    main.o(i.main) refers to bsp.o(i.BSP_Init) for BSP_Init
    main.o(i.main) refers to freertos.o(i.MX_FREERTOS_Init) for MX_FREERTOS_Init
    main.o(i.main) refers to port.o(i.vPortExitCritical) for vPortExitCritical
    main.o(i.main) refers to cmsis_os.o(i.osKernelStart) for osKernelStart
    freertos.o(i.MX_FREERTOS_Init) refers to memcpya.o(.text) for __aeabi_memcpy4
    freertos.o(i.MX_FREERTOS_Init) refers to cmsis_os.o(i.osThreadCreate) for osThreadCreate
    freertos.o(i.MX_FREERTOS_Init) refers to freertos.o(.constdata) for .constdata
    freertos.o(i.MX_FREERTOS_Init) refers to freertos.o(.data) for .data
    freertos.o(i.StartDefaultTask) refers to cmsis_os.o(i.osDelay) for osDelay
    freertos.o(.constdata) refers to freertos.o(.conststring) for .conststring
    freertos.o(.constdata) refers to freertos.o(i.StartDefaultTask) for StartDefaultTask
    freertos.o(.constdata) refers to test_task.o(i.testTask) for testTask
    freertos.o(.constdata) refers to remote_task.o(i.Remote_Data_Task) for Remote_Data_Task
    freertos.o(.constdata) refers to gimbal_task.o(i.Gimbal_Contrl_Task) for Gimbal_Contrl_Task
    freertos.o(.constdata) refers to gun_task.o(i.Gun_Task) for Gun_Task
    freertos.o(.constdata) refers to status_task.o(i.Check_Task) for Check_Task
    freertos.o(.constdata) refers to systemstate.o(i.vOutLineCheck_Task) for vOutLineCheck_Task
    freertos.o(.constdata) refers to status_task.o(i.Status_Task) for Status_Task
    freertos.o(.constdata) refers to remote_task.o(i.MiniPC_Data_task) for MiniPC_Data_task
    stm32f4xx_it.o(.rev16_text) refers (Special) to usart.o(.bss) for huart2
    stm32f4xx_it.o(.revsh_text) refers (Special) to usart.o(.bss) for huart2
    stm32f4xx_it.o(.rrx_text) refers (Special) to usart.o(.bss) for huart2
    stm32f4xx_it.o(i.BusFault_Handler) refers (Special) to usart.o(.bss) for huart2
    stm32f4xx_it.o(i.CAN1_RX0_IRQHandler) refers (Special) to usart.o(.bss) for huart2
    stm32f4xx_it.o(i.CAN1_RX0_IRQHandler) refers to stm32f4xx_hal_can.o(i.HAL_CAN_IRQHandler) for HAL_CAN_IRQHandler
    stm32f4xx_it.o(i.CAN1_RX0_IRQHandler) refers to can.o(.bss) for hcan1
    stm32f4xx_it.o(i.CAN2_RX0_IRQHandler) refers (Special) to usart.o(.bss) for huart2
    stm32f4xx_it.o(i.CAN2_RX0_IRQHandler) refers to stm32f4xx_hal_can.o(i.HAL_CAN_IRQHandler) for HAL_CAN_IRQHandler
    stm32f4xx_it.o(i.CAN2_RX0_IRQHandler) refers to can.o(.bss) for hcan2
    stm32f4xx_it.o(i.DMA1_Stream2_IRQHandler) refers (Special) to usart.o(.bss) for huart2
    stm32f4xx_it.o(i.DMA1_Stream2_IRQHandler) refers to stm32f4xx_hal_dma.o(i.HAL_DMA_IRQHandler) for HAL_DMA_IRQHandler
    stm32f4xx_it.o(i.DMA1_Stream5_IRQHandler) refers (Special) to usart.o(.bss) for huart2
    stm32f4xx_it.o(i.DMA1_Stream5_IRQHandler) refers to stm32f4xx_hal_dma.o(i.HAL_DMA_IRQHandler) for HAL_DMA_IRQHandler
    stm32f4xx_it.o(i.DMA1_Stream6_IRQHandler) refers (Special) to usart.o(.bss) for huart2
    stm32f4xx_it.o(i.DMA1_Stream6_IRQHandler) refers to stm32f4xx_hal_dma.o(i.HAL_DMA_IRQHandler) for HAL_DMA_IRQHandler
    stm32f4xx_it.o(i.DMA2_Stream1_IRQHandler) refers (Special) to usart.o(.bss) for huart2
    stm32f4xx_it.o(i.DMA2_Stream1_IRQHandler) refers to stm32f4xx_hal_dma.o(i.HAL_DMA_IRQHandler) for HAL_DMA_IRQHandler
    stm32f4xx_it.o(i.DMA2_Stream2_IRQHandler) refers (Special) to usart.o(.bss) for huart2
    stm32f4xx_it.o(i.DMA2_Stream2_IRQHandler) refers to stm32f4xx_hal_dma.o(i.HAL_DMA_IRQHandler) for HAL_DMA_IRQHandler
    stm32f4xx_it.o(i.DMA2_Stream4_IRQHandler) refers (Special) to usart.o(.bss) for huart2
    stm32f4xx_it.o(i.DMA2_Stream4_IRQHandler) refers to stm32f4xx_hal_dma.o(i.HAL_DMA_IRQHandler) for HAL_DMA_IRQHandler
    stm32f4xx_it.o(i.DMA2_Stream4_IRQHandler) refers to adc.o(.bss) for hdma_adc1
[...]
    .data                                    0x20000098   Section        8  minipc.o(.data)
    .data                                    0x200000a0   Section       64  tasks.o(.data)
    uxTasksDeleted                           0x200000a4   Data           4  tasks.o(.data)
    uxCurrentNumberOfTasks                   0x200000a8   Data           4  tasks.o(.data)
    xTickCount                               0x200000ac   Data           4  tasks.o(.data)
    uxTopReadyPriority                       0x200000b0   Data           4  tasks.o(.data)
    xSchedulerRunning                        0x200000b4   Data           4  tasks.o(.data)
    uxPendedTicks                            0x200000b8   Data           4  tasks.o(.data)
    xYieldPending                            0x200000bc   Data           4  tasks.o(.data)
    xNumOfOverflows                          0x200000c0   Data           4  tasks.o(.data)
    uxTaskNumber                             0x200000c4   Data           4  tasks.o(.data)
    xNextTaskUnblockTime                     0x200000c8   Data           4  tasks.o(.data)
    uxSchedulerSuspended                     0x200000cc   Data           4  tasks.o(.data)
    ulTaskSwitchedInTime                     0x200000d0   Data           4  tasks.o(.data)
    ulTotalRunTime                           0x200000d4   Data           4  tasks.o(.data)
    pxDelayedTaskList                        0x200000d8   Data           4  tasks.o(.data)
    pxOverflowDelayedTaskList                0x200000dc   Data           4  tasks.o(.data)
    .data                                    0x200000e0   Section       24  heap_4.o(.data)
    pxEnd                                    0x200000e0   Data           4  heap_4.o(.data)
    xFreeBytesRemaining                      0x200000e4   Data           4  heap_4.o(.data)
    xMinimumEverFreeBytesRemaining           0x200000e8   Data           4  heap_4.o(.data)
    xBlockAllocatedBit                       0x200000ec   Data           4  heap_4.o(.data)
    xStart                                   0x200000f0   Data           8  heap_4.o(.data)
    .data                                    0x200000f8   Section       12  port.o(.data)
    ucMaxSysCallPriority                     0x200000f8   Data           1  port.o(.data)
    uxCriticalNesting                        0x200000fc   Data           4  port.o(.data)
    ulMaxPRIGROUPValue                       0x20000100   Data           4  port.o(.data)
    .data                                    0x20000104   Section        4  system_stm32f4xx.o(.data)
    .data                                    0x20000108   Section        4  stm32f4xx_hal.o(.data)
    .data                                    0x2000010c   Section        4  stdout.o(.data)
    .bss                                     0x20000110   Section      300  gun_task.o(.bss)
    .bss                                     0x2000023c   Section      544  gimbal_task.o(.bss)
    .bss                                     0x2000045c   Section      256  remote_task.o(.bss)
    .bss                                     0x2000055c   Section       88  spi.o(.bss)
    .bss                                     0x200005b4   Section      168  adc.o(.bss)
    .bss                                     0x2000065c   Section      240  tim.o(.bss)
    .bss                                     0x2000074c   Section      256  can.o(.bss)
    Tx1Message                               0x2000074c   Data          28  can.o(.bss)
    Rx1Message                               0x20000768   Data          36  can.o(.bss)
    Tx2Message                               0x2000078c   Data          28  can.o(.bss)
    Rx2Message                               0x200007a8   Data          36  can.o(.bss)
    .bss                                     0x2000084c   Section      864  usart.o(.bss)
    .bss                                     0x20000bac   Section       60  motor_use_can.o(.bss)
    .bss                                     0x20000be8   Section       60  motor_use_can.o(.bss)
    .bss                                     0x20000c24   Section       60  motor_use_can.o(.bss)
    .bss                                     0x20000c60   Section       56  motor_use_can.o(.bss)
    Cloud_Platform_Data                      0x20000c60   Data          28  motor_use_can.o(.bss)
    Shot_Motor_Data                          0x20000c7c   Data          28  motor_use_can.o(.bss)
    .bss                                     0x20000c98   Section       60  systemstate.o(.bss)
    .bss                                     0x20000cd4   Section       60  protocol.o(.bss)
    .bss                                     0x20000d10   Section      146  communication.o(.bss)
    raw_gz                                   0x20000d38   Data          24  communication.o(.bss)
    raw_gy                                   0x20000d50   Data          24  communication.o(.bss)
    .bss                                     0x20000da4   Section      240  tasks.o(.bss)
    pxReadyTasksLists                        0x20000da4   Data         140  tasks.o(.bss)
    xDelayedTaskList1                        0x20000e30   Data          20  tasks.o(.bss)
    xDelayedTaskList2                        0x20000e44   Data          20  tasks.o(.bss)
    xPendingReadyList                        0x20000e58   Data          20  tasks.o(.bss)
    xTasksWaitingTermination                 0x20000e6c   Data          20  tasks.o(.bss)
    xSuspendedTaskList                       0x20000e80   Data          20  tasks.o(.bss)
    .bss                                     0x20000e94   Section    15360  heap_4.o(.bss)
    ucHeap                                   0x20000e94   Data       15360  heap_4.o(.bss)
    .bss                                     0x20004a94   Section       60  stm32f4xx_hal.o(.bss)
    STACK                                    0x20004ad0   Section     1024  startup_stm32f427xx.o(STACK)

    Global Symbols

    Symbol Name                              Value     Ov Type        Size  Object(Section)

    BuildAttributes$$THM_ISAv4$E$P$D$K$B$S$7EM$VFPi3$EXTD16$VFPS$VFMA$PE$A:L22UL41UL21$X:L11$S22US41US21$IEEE1$IW$USESV6$~STKCKD$USESV7$~SHL$OTIME$ROPI$IEEEX$EBA8$MICROLIB$REQ8$PRES8$EABIv2 0x00000000   Number         0  anon$$obj.o ABSOLUTE
    __ARM_use_no_argv                        0x00000000   Number         0  main.o ABSOLUTE
    _printf_a                                0x00000000   Number         0  stubs.o ABSOLUTE
    _printf_c                                0x00000000   Number         0  stubs.o ABSOLUTE
    _printf_charcount                        0x00000000   Number         0  stubs.o ABSOLUTE
    _printf_d                                0x00000000   Number         0  stubs.o ABSOLUTE
    _printf_e                                0x00000000   Number         0  stubs.o ABSOLUTE
    _printf_f                                0x00000000   Number         0  stubs.o ABSOLUTE
    _printf_flags                            0x00000000   Number         0  stubs.o ABSOLUTE
    _printf_fp_dec                           0x00000000   Number         0  stubs.o ABSOLUTE
    _printf_fp_hex                           0x00000000   Number         0  stubs.o ABSOLUTE
    _printf_g                                0x00000000   Number         0  stubs.o ABSOLUTE
    _printf_i                                0x00000000   Number         0  stubs.o ABSOLUTE
    _printf_int_dec                          0x00000000   Number         0  stubs.o ABSOLUTE
    _printf_l                                0x00000000   Number         0  stubs.o ABSOLUTE
    _printf_lc                               0x00000000   Number         0  stubs.o ABSOLUTE
    _printf_ll                               0x00000000   Number         0  stubs.o ABSOLUTE
    _printf_lld                              0x00000000   Number         0  stubs.o ABSOLUTE
    _printf_lli                              0x00000000   Number         0  stubs.o ABSOLUTE
    _printf_llo                              0x00000000   Number         0  stubs.o ABSOLUTE
    _printf_llu                              0x00000000   Number         0  stubs.o ABSOLUTE
    _printf_llx                              0x00000000   Number         0  stubs.o ABSOLUTE
    _printf_longlong_dec                     0x00000000   Number         0  stubs.o ABSOLUTE
    _printf_longlong_hex                     0x00000000   Number         0  stubs.o ABSOLUTE
    _printf_longlong_oct                     0x00000000   Number         0  stubs.o ABSOLUTE
    _printf_ls                               0x00000000   Number         0  stubs.o ABSOLUTE
    _printf_mbtowc                           0x00000000   Number         0  stubs.o ABSOLUTE
    _printf_n                                0x00000000   Number         0  stubs.o ABSOLUTE
    _printf_o                                0x00000000   Number         0  stubs.o ABSOLUTE
    _printf_p                                0x00000000   Number         0  stubs.o ABSOLUTE
    _printf_percent                          0x00000000   Number         0  stubs.o ABSOLUTE
    _printf_pre_padding                      0x00000000   Number         0  stubs.o ABSOLUTE
    _printf_return_value                     0x00000000   Number         0  stubs.o ABSOLUTE
    _printf_s                                0x00000000   Number         0  stubs.o ABSOLUTE
    _printf_sizespec                         0x00000000   Number         0  stubs.o ABSOLUTE
    _printf_str                              0x00000000   Number         0  stubs.o ABSOLUTE
    _printf_truncate_signed                  0x00000000   Number         0  stubs.o ABSOLUTE
    _printf_truncate_unsigned                0x00000000   Number         0  stubs.o ABSOLUTE
    _printf_u                                0x00000000   Number         0  stubs.o ABSOLUTE
    _printf_wc                               0x00000000   Number         0  stubs.o ABSOLUTE
    _printf_wctomb                           0x00000000   Number         0  stubs.o ABSOLUTE
    _printf_widthprec                        0x00000000   Number         0  stubs.o ABSOLUTE
    _printf_x                                0x00000000   Number         0  stubs.o ABSOLUTE
    __cpp_initialize__aeabi_                  - Undefined Weak Reference
    __cxa_finalize                            - Undefined Weak Reference
    __decompress                              - Undefined Weak Reference
    _clock_init                               - Undefined Weak Reference
    _microlib_exit                            - Undefined Weak Reference
    __Vectors_Size                           0x000001ac   Number         0  startup_stm32f427xx.o ABSOLUTE
    __Vectors                                0x08000000   Data           4  startup_stm32f427xx.o(RESET)
    __Vectors_End                            0x080001ac   Data           0  startup_stm32f427xx.o(RESET)
    __main                                   0x080001ad   Thumb Code     0  entry.o(.ARM.Collect$$$$00000000)
    _main_stk                                0x080001ad   Thumb Code     0  entry2.o(.ARM.Collect$$$$00000001)
    _main_scatterload                        0x080001b1   Thumb Code     0  entry5.o(.ARM.Collect$$$$00000004)
    __main_after_scatterload                 0x080001b5   Thumb Code     0  entry5.o(.ARM.Collect$$$$00000004)
    _main_clock                              0x080001b5   Thumb Code     0  entry7b.o(.ARM.Collect$$$$00000008)
    _main_cpp_init                           0x080001b5   Thumb Code     0  entry8b.o(.ARM.Collect$$$$0000000A)
    _main_init                               0x080001b5   Thumb Code     0  entry9a.o(.ARM.Collect$$$$0000000B)
    __rt_final_cpp                           0x080001bd   Thumb Code     0  entry10a.o(.ARM.Collect$$$$0000000D)
    __rt_final_exit                          0x080001bd   Thumb Code     0  entry11a.o(.ARM.Collect$$$$0000000F)
    SVC_Handler                              0x080001c1   Thumb Code    28  port.o(.emb_text)
    __asm___6_port_c_39a90d8d__prvStartFirstTask 0x080001e1   Thumb Code    28  port.o(.emb_text)
    __asm___6_port_c_39a90d8d__prvEnableVFP  0x08000201   Thumb Code    16  port.o(.emb_text)
    PendSV_Handler                           0x08000215   Thumb Code    92  port.o(.emb_text)
    vPortGetIPSR                             0x08000275   Thumb Code     6  port.o(.emb_text)
    Reset_Handler                            0x0800027d   Thumb Code     8  startup_stm32f427xx.o(.text)
    ADC_IRQHandler                           0x08000297   Thumb Code     0  startup_stm32f427xx.o(.text)
    CAN1_RX1_IRQHandler                      0x08000297   Thumb Code     0  startup_stm32f427xx.o(.text)
    CAN1_SCE_IRQHandler                      0x08000297   Thumb Code     0  startup_stm32f427xx.o(.text)
    CAN1_TX_IRQHandler                       0x08000297   Thumb Code     0  startup_stm32f427xx.o(.text)
    CAN2_RX1_IRQHandler                      0x08000297   Thumb Code     0  startup_stm32f427xx.o(.text)
    CAN2_SCE_IRQHandler                      0x08000297   Thumb Code     0  startup_stm32f427xx.o(.text)
    CAN2_TX_IRQHandler                       0x08000297   Thumb Code     0  startup_stm32f427xx.o(.text)
    DCMI_IRQHandler                          0x08000297   Thumb Code     0  startup_stm32f427xx.o(.text)
    DMA1_Stream0_IRQHandler                  0x08000297   Thumb Code     0  startup_stm32f427xx.o(.text)
    DMA1_Stream1_IRQHandler                  0x08000297   Thumb Code     0  startup_stm32f427xx.o(.text)
    DMA1_Stream3_IRQHandler                  0x08000297   Thumb Code     0  startup_stm32f427xx.o(.text)
    DMA1_Stream4_IRQHandler                  0x08000297   Thumb Code     0  startup_stm32f427xx.o(.text)
    DMA1_Stream7_IRQHandler                  0x08000297   Thumb Code     0  startup_stm32f427xx.o(.text)
    DMA2D_IRQHandler                         0x08000297   Thumb Code     0  startup_stm32f427xx.o(.text)
    DMA2_Stream0_IRQHandler                  0x08000297   Thumb Code     0  startup_stm32f427xx.o(.text)
    DMA2_Stream3_IRQHandler                  0x08000297   Thumb Code     0  startup_stm32f427xx.o(.text)
    DMA2_Stream5_IRQHandler                  0x08000297   Thumb Code     0  startup_stm32f427xx.o(.text)
    DMA2_Stream6_IRQHandler                  0x08000297   Thumb Code     0  startup_stm32f427xx.o(.text)
    DMA2_Stream7_IRQHandler                  0x08000297   Thumb Code     0  startup_stm32f427xx.o(.text)
    ETH_IRQHandler                           0x08000297   Thumb Code     0  startup_stm32f427xx.o(.text)
    ETH_WKUP_IRQHandler                      0x08000297   Thumb Code     0  startup_stm32f427xx.o(.text)
    EXTI0_IRQHandler                         0x08000297   Thumb Code     0  startup_stm32f427xx.o(.text)
    EXTI15_10_IRQHandler                     0x08000297   Thumb Code     0  startup_stm32f427xx.o(.text)
    EXTI1_IRQHandler                         0x08000297   Thumb Code     0  startup_stm32f427xx.o(.text)
    EXTI3_IRQHandler                         0x08000297   Thumb Code     0  startup_stm32f427xx.o(.text)
    EXTI4_IRQHandler                         0x08000297   Thumb Code     0  startup_stm32f427xx.o(.text)
    FLASH_IRQHandler                         0x08000297   Thumb Code     0  startup_stm32f427xx.o(.text)
    FMC_IRQHandler                           0x08000297   Thumb Code     0  startup_stm32f427xx.o(.text)
    FPU_IRQHandler                           0x08000297   Thumb Code     0  startup_stm32f427xx.o(.text)
    HASH_RNG_IRQHandler                      0x08000297   Thumb Code     0  startup_stm32f427xx.o(.text)
    I2C1_ER_IRQHandler                       0x08000297   Thumb Code     0  startup_stm32f427xx.o(.text)
    I2C1_EV_IRQHandler                       0x08000297   Thumb Code     0  startup_stm32f427xx.o(.text)
    I2C2_ER_IRQHandler                       0x08000297   Thumb Code     0  startup_stm32f427xx.o(.text)
    I2C2_EV_IRQHandler                       0x08000297   Thumb Code     0  startup_stm32f427xx.o(.text)
    I2C3_ER_IRQHandler                       0x08000297   Thumb Code     0  startup_stm32f427xx.o(.text)
    I2C3_EV_IRQHandler                       0x08000297   Thumb Code     0  startup_stm32f427xx.o(.text)
    OTG_FS_IRQHandler                        0x08000297   Thumb Code     0  startup_stm32f427xx.o(.text)
    OTG_FS_WKUP_IRQHandler                   0x08000297   Thumb Code     0  startup_stm32f427xx.o(.text)
    OTG_HS_EP1_IN_IRQHandler                 0x08000297   Thumb Code     0  startup_stm32f427xx.o(.text)
    OTG_HS_EP1_OUT_IRQHandler                0x08000297   Thumb Code     0  startup_stm32f427xx.o(.text)
    OTG_HS_IRQHandler                        0x08000297   Thumb Code     0  startup_stm32f427xx.o(.text)
    OTG_HS_WKUP_IRQHandler                   0x08000297   Thumb Code     0  startup_stm32f427xx.o(.text)
    PVD_IRQHandler                           0x08000297   Thumb Code     0  startup_stm32f427xx.o(.text)
    RCC_IRQHandler                           0x08000297   Thumb Code     0  startup_stm32f427xx.o(.text)
    RTC_Alarm_IRQHandler                     0x08000297   Thumb Code     0  startup_stm32f427xx.o(.text)
    RTC_WKUP_IRQHandler                      0x08000297   Thumb Code     0  startup_stm32f427xx.o(.text)
    SAI1_IRQHandler                          0x08000297   Thumb Code     0  startup_stm32f427xx.o(.text)
    SDIO_IRQHandler                          0x08000297   Thumb Code     0  startup_stm32f427xx.o(.text)
    SPI1_IRQHandler                          0x08000297   Thumb Code     0  startup_stm32f427xx.o(.text)
    SPI2_IRQHandler                          0x08000297   Thumb Code     0  startup_stm32f427xx.o(.text)
    SPI3_IRQHandler                          0x08000297   Thumb Code     0  startup_stm32f427xx.o(.text)
    SPI4_IRQHandler                          0x08000297   Thumb Code     0  startup_stm32f427xx.o(.text)
    SPI5_IRQHandler                          0x08000297   Thumb Code     0  startup_stm32f427xx.o(.text)
    SPI6_IRQHandler                          0x08000297   Thumb Code     0  startup_stm32f427xx.o(.text)
    TAMP_STAMP_IRQHandler                    0x08000297   Thumb Code     0  startup_stm32f427xx.o(.text)
    TIM1_BRK_TIM9_IRQHandler                 0x08000297   Thumb Code     0  startup_stm32f427xx.o(.text)
    TIM1_CC_IRQHandler                       0x08000297   Thumb Code     0  startup_stm32f427xx.o(.text)
    TIM1_TRG_COM_TIM11_IRQHandler            0x08000297   Thumb Code     0  startup_stm32f427xx.o(.text)
    TIM2_IRQHandler                          0x08000297   Thumb Code     0  startup_stm32f427xx.o(.text)
    TIM4_IRQHandler                          0x08000297   Thumb Code     0  startup_stm32f427xx.o(.text)
    TIM5_IRQHandler                          0x08000297   Thumb Code     0  startup_stm32f427xx.o(.text)
    TIM7_IRQHandler                          0x08000297   Thumb Code     0  startup_stm32f427xx.o(.text)
    TIM8_CC_IRQHandler                       0x08000297   Thumb Code     0  startup_stm32f427xx.o(.text)
    TIM8_TRG_COM_TIM14_IRQHandler            0x08000297   Thumb Code     0  startup_stm32f427xx.o(.text)
    TIM8_UP_TIM13_IRQHandler                 0x08000297   Thumb Code     0  startup_stm32f427xx.o(.text)
    UART4_IRQHandler                         0x08000297   Thumb Code     0  startup_stm32f427xx.o(.text)
    UART5_IRQHandler                         0x08000297   Thumb Code     0  startup_stm32f427xx.o(.text)
    UART7_IRQHandler                         0x08000297   Thumb Code     0  startup_stm32f427xx.o(.text)
    UART8_IRQHandler                         0x08000297   Thumb Code     0  startup_stm32f427xx.o(.text)
    USART2_IRQHandler                        0x08000297   Thumb Code     0  startup_stm32f427xx.o(.text)
    USART6_IRQHandler                        0x08000297   Thumb Code     0  startup_stm32f427xx.o(.text)
    WWDG_IRQHandler                          0x08000297   Thumb Code     0  startup_stm32f427xx.o(.text)
    __aeabi_memcpy                           0x080002a1   Thumb Code    36  memcpya.o(.text)
    __aeabi_memcpy4                          0x080002a1   Thumb Code     0  memcpya.o(.text)
    __aeabi_memcpy8                          0x080002a1   Thumb Code     0  memcpya.o(.text)
    __aeabi_memset                           0x080002c5   Thumb Code    14  memseta.o(.text)
    __aeabi_memset4                          0x080002c5   Thumb Code     0  memseta.o(.text)
    __aeabi_memset8                          0x080002c5   Thumb Code     0  memseta.o(.text)
    __aeabi_memclr                           0x080002d3   Thumb Code     4  memseta.o(.text)
    __aeabi_memclr4                          0x080002d3   Thumb Code     0  memseta.o(.text)
    __aeabi_memclr8                          0x080002d3   Thumb Code     0  memseta.o(.text)
    _memset$wrapper                          0x080002d7   Thumb Code    18  memseta.o(.text)
    __aeabi_ddiv                             0x080002e9   Thumb Code   222  ddiv.o(.text)
    __aeabi_ui2d                             0x080003c7   Thumb Code    26  dfltui.o(.text)
    __aeabi_f2d                              0x080003e1   Thumb Code    38  f2d.o(.text)
    __aeabi_d2f                              0x08000407   Thumb Code    56  d2f.o(.text)
    __aeabi_uidiv                            0x0800043f   Thumb Code     0  uidiv.o(.text)
    __aeabi_uidivmod                         0x0800043f   Thumb Code    44  uidiv.o(.text)
    __aeabi_uldivmod                         0x0800046b   Thumb Code    98  uldiv.o(.text)
    __I$use$fp                               0x080004cd   Thumb Code     0  iusefp.o(.text)
    _float_round                             0x080004cd   Thumb Code    18  fepilogue.o(.text)
    _float_epilogue                          0x080004df   Thumb Code    92  fepilogue.o(.text)
    _double_round                            0x0800053b   Thumb Code    30  depilogue.o(.text)
    _double_epilogue                         0x08000559   Thumb Code   156  depilogue.o(.text)
    __aeabi_dadd                             0x080005f5   Thumb Code   322  dadd.o(.text)
    __aeabi_dsub                             0x08000737   Thumb Code     6  dadd.o(.text)
    __aeabi_drsub                            0x0800073d   Thumb Code     6  dadd.o(.text)
    __aeabi_dmul                             0x08000743   Thumb Code   228  dmul.o(.text)
    __aeabi_d2ulz                            0x08000827   Thumb Code    48  dfixul.o(.text)
    __aeabi_cdrcmple                         0x08000859   Thumb Code    48  cdrcmple.o(.text)
    __scatterload                            0x08000889   Thumb Code    28  init.o(.text)
    __scatterload_rt2                        0x08000889   Thumb Code     0  init.o(.text)
    __aeabi_llsl                             0x080008ad   Thumb Code    30  llshl.o(.text)
    _ll_shift_l                              0x080008ad   Thumb Code     0  llshl.o(.text)
    __aeabi_llsr                             0x080008cb   Thumb Code    32  llushr.o(.text)
    _ll_ushift_r                             0x080008cb   Thumb Code     0  llushr.o(.text)
    __aeabi_lasr                             0x080008eb   Thumb Code    36  llsshr.o(.text)
    _ll_sshift_r                             0x080008eb   Thumb Code     0  llsshr.o(.text)
    AX_Init                                  0x0800090f   Thumb Code   164  ax-12a.o(i.AX_Init)
    AutoMode                                 0x080009b5   Thumb Code    64  remote_task.o(i.AutoMode)
    BSP_Init                                 0x08000a05   Thumb Code   140  bsp.o(i.BSP_Init)
    BusFault_Handler                         0x08000aa5   Thumb Code     2  stm32f4xx_it.o(i.BusFault_Handler)
    CAN1_RX0_IRQHandler                      0x08000aa9   Thumb Code     6  stm32f4xx_it.o(i.CAN1_RX0_IRQHandler)
    CAN2_RX0_IRQHandler                      0x08000ab5   Thumb Code     6  stm32f4xx_it.o(i.CAN2_RX0_IRQHandler)
    CAN_Get_MiniPC                           0x08000ac1   Thumb Code    30  motor_use_can.o(i.CAN_Get_MiniPC)
    CAN_Get_Referee                          0x08000ae9   Thumb Code    58  motor_use_can.o(i.CAN_Get_Referee)
    CanFilter_Init                           0x08000c59   Thumb Code    74  can.o(i.CanFilter_Init)
    Check_Task                               0x08000ca9   Thumb Code   132  status_task.o(i.Check_Task)
    Close_Door                               0x08000d35   Thumb Code    10  ax-12a.o(i.Close_Door)
    Cloud_Platform_Motor                     0x08000d41   Thumb Code    50  motor_use_can.o(i.Cloud_Platform_Motor)
    Cloud_Platform_Motor_Disable             0x08000d79   Thumb Code    42  motor_use_can.o(i.Cloud_Platform_Motor_Disable)
    ConfigureTimerForRunTimeStats            0x08000da9   Thumb Code    12  bsp.o(i.ConfigureTimerForRunTimeStats)
    DMA1_Stream2_IRQHandler                  0x08000db9   Thumb Code     6  stm32f4xx_it.o(i.DMA1_Stream2_IRQHandler)
    DMA1_Stream5_IRQHandler                  0x08000dc5   Thumb Code     6  stm32f4xx_it.o(i.DMA1_Stream5_IRQHandler)
    DMA1_Stream6_IRQHandler                  0x08000dd1   Thumb Code     6  stm32f4xx_it.o(i.DMA1_Stream6_IRQHandler)
    DMA2_Stream1_IRQHandler                  0x08000ddd   Thumb Code     6  stm32f4xx_it.o(i.DMA2_Stream1_IRQHandler)
    DMA2_Stream2_IRQHandler                  0x08000de9   Thumb Code     6  stm32f4xx_it.o(i.DMA2_Stream2_IRQHandler)
    DMA2_Stream4_IRQHandler                  0x08000df5   Thumb Code     6  stm32f4xx_it.o(i.DMA2_Stream4_IRQHandler)
    DebugMon_Handler                         0x08000ea5   Thumb Code     2  stm32f4xx_it.o(i.DebugMon_Handler)
    EXTI2_IRQHandler                         0x08000ea7   Thumb Code     6  stm32f4xx_it.o(i.EXTI2_IRQHandler)
    EXTI9_5_IRQHandler                       0x08000ead   Thumb Code     6  stm32f4xx_it.o(i.EXTI9_5_IRQHandler)
    Error_Handler                            0x08000eb3   Thumb Code     2  main.o(i.Error_Handler)
    Friction_Wheel_Motor                     0x08000eb5   Thumb Code     4  motor_use_tim.o(i.Friction_Wheel_Motor)
    GUN_Init                                 0x08000eb9   Thumb Code    38  motor_use_tim.o(i.GUN_Init)
    GetSystemTimer                           0x08000ee9   Thumb Code     4  systemstate.o(i.GetSystemTimer)
    Gimbal_Contrl_Task                       0x08000eed   Thumb Code   392  gimbal_task.o(i.Gimbal_Contrl_Task)
    Gun_Pid_Init                             0x080010a1   Thumb Code    76  gun_task.o(i.Gun_Pid_Init)
    Gun_Task                                 0x08001101   Thumb Code   362  gun_task.o(i.Gun_Task)
    HAL_CAN_ConfigFilter                     0x08001295   Thumb Code   218  stm32f4xx_hal_can.o(i.HAL_CAN_ConfigFilter)
    HAL_CAN_IRQHandler                       0x08001379   Thumb Code    64  stm32f4xx_hal_can.o(i.HAL_CAN_IRQHandler)
    HAL_CAN_Init                             0x080013b9   Thumb Code   328  stm32f4xx_hal_can.o(i.HAL_CAN_Init)
    HAL_CAN_MspInit                          0x08001501   Thumb Code   168  can.o(i.HAL_CAN_MspInit)
    HAL_CAN_Receive_IT                       0x080015c1   Thumb Code   134  stm32f4xx_hal_can.o(i.HAL_CAN_Receive_IT)
    HAL_CAN_RxCpltCallback                   0x08001649   Thumb Code   204  stm32f4xx_it.o(i.HAL_CAN_RxCpltCallback)
    HAL_CAN_Transmit                         0x08001729   Thumb Code   390  stm32f4xx_hal_can.o(i.HAL_CAN_Transmit)
    HAL_DMA_Abort_IT                         0x080018bd   Thumb Code    36  stm32f4xx_hal_dma.o(i.HAL_DMA_Abort_IT)
    HAL_DMA_IRQHandler                       0x080018e1   Thumb Code   414  stm32f4xx_hal_dma.o(i.HAL_DMA_IRQHandler)
    HAL_DMA_Init                             0x08001a89   Thumb Code   202  stm32f4xx_hal_dma.o(i.HAL_DMA_Init)
    HAL_DMA_Start_IT                         0x08001b59   Thumb Code   120  stm32f4xx_hal_dma.o(i.HAL_DMA_Start_IT)
    HAL_Delay                                0x08001bd1   Thumb Code    22  stm32f4xx_hal.o(i.HAL_Delay)
    HAL_GPIO_EXTI_Callback                   0x08001be9   Thumb Code    78  stm32f4xx_it.o(i.HAL_GPIO_EXTI_Callback)
    HAL_GPIO_EXTI_IRQHandler                 0x08001c59   Thumb Code    18  stm32f4xx_hal_gpio.o(i.HAL_GPIO_EXTI_IRQHandler)
    HAL_GPIO_Init                            0x08001c71   Thumb Code   408  stm32f4xx_hal_gpio.o(i.HAL_GPIO_Init)
    HAL_GPIO_TogglePin                       0x08001e3d   Thumb Code     8  stm32f4xx_hal_gpio.o(i.HAL_GPIO_TogglePin)
    HAL_GPIO_WritePin                        0x08001e45   Thumb Code    10  stm32f4xx_hal_gpio.o(i.HAL_GPIO_WritePin)
    HAL_GetTick                              0x08001e51   Thumb Code     6  stm32f4xx_hal.o(i.HAL_GetTick)
    HAL_IncTick                              0x08001e5d   Thumb Code    10  stm32f4xx_hal.o(i.HAL_IncTick)
    HAL_Init                                 0x08001e6d   Thumb Code    48  stm32f4xx_hal.o(i.HAL_Init)
    HAL_InitTick                             0x08001ea1   Thumb Code   100  stm32f4xx_hal.o(i.HAL_InitTick)
    HAL_MspInit                              0x08001f15   Thumb Code    88  stm32f4xx_hal_msp.o(i.HAL_MspInit)
    HAL_NVIC_EnableIRQ                       0x08001f6d   Thumb Code    22  stm32f4xx_hal_cortex.o(i.HAL_NVIC_EnableIRQ)
    HAL_NVIC_SetPriority                     0x08001f85   Thumb Code    60  stm32f4xx_hal_cortex.o(i.HAL_NVIC_SetPriority)
    HAL_NVIC_SetPriorityGrouping             0x08001fc5   Thumb Code    26  stm32f4xx_hal_cortex.o(i.HAL_NVIC_SetPriorityGrouping)
    HAL_RCC_ClockConfig                      0x08001fe9   Thumb Code   364  stm32f4xx_hal_rcc.o(i.HAL_RCC_ClockConfig)
    HAL_RCC_GetClockConfig                   0x08002165   Thumb Code    54  stm32f4xx_hal_rcc.o(i.HAL_RCC_GetClockConfig)
    HAL_RCC_GetHCLKFreq                      0x080021a5   Thumb Code     6  stm32f4xx_hal_rcc.o(i.HAL_RCC_GetHCLKFreq)
    HAL_RCC_GetPCLK1Freq                     0x080021b1   Thumb Code    34  stm32f4xx_hal_rcc.o(i.HAL_RCC_GetPCLK1Freq)
    HAL_RCC_GetPCLK2Freq                     0x080021e1   Thumb Code    34  stm32f4xx_hal_rcc.o(i.HAL_RCC_GetPCLK2Freq)
    HAL_RCC_GetSysClockFreq                  0x08002211   Thumb Code   104  stm32f4xx_hal_rcc.o(i.HAL_RCC_GetSysClockFreq)
    HAL_RCC_OscConfig                        0x08002285   Thumb Code   722  stm32f4xx_hal_rcc.o(i.HAL_RCC_OscConfig)
    HAL_SPI_Init                             0x08002569   Thumb Code   128  stm32f4xx_hal_spi.o(i.HAL_SPI_Init)
    HAL_SPI_MspInit                          0x080025e9   Thumb Code    64  spi.o(i.HAL_SPI_MspInit)
    HAL_SPI_TransmitReceive                  0x08002635   Thumb Code   472  stm32f4xx_hal_spi.o(i.HAL_SPI_TransmitReceive)
    HAL_SYSTICK_CLKSourceConfig              0x0800280d   Thumb Code    24  stm32f4xx_hal_cortex.o(i.HAL_SYSTICK_CLKSourceConfig)
    HAL_SYSTICK_Config                       0x08002825   Thumb Code    40  stm32f4xx_hal_cortex.o(i.HAL_SYSTICK_Config)
    HAL_TIMEx_BreakCallback                  0x0800284d   Thumb Code     2  stm32f4xx_hal_tim_ex.o(i.HAL_TIMEx_BreakCallback)
    HAL_TIMEx_CommutationCallback            0x0800284f   Thumb Code     2  stm32f4xx_hal_tim_ex.o(i.HAL_TIMEx_CommutationCallback)
    HAL_TIM_Base_Init                        0x08002851   Thumb Code    54  stm32f4xx_hal_tim.o(i.HAL_TIM_Base_Init)
    HAL_TIM_Base_MspInit                     0x08002889   Thumb Code   144  tim.o(i.HAL_TIM_Base_MspInit)
    HAL_TIM_Base_Start_IT                    0x0800292d   Thumb Code    24  stm32f4xx_hal_tim.o(i.HAL_TIM_Base_Start_IT)
    HAL_TIM_ConfigClockSource                0x08002945   Thumb Code   242  stm32f4xx_hal_tim.o(i.HAL_TIM_ConfigClockSource)
    HAL_TIM_IC_CaptureCallback               0x08002a37   Thumb Code     2  stm32f4xx_hal_tim.o(i.HAL_TIM_IC_CaptureCallback)
    HAL_TIM_IRQHandler                       0x08002a39   Thumb Code   358  stm32f4xx_hal_tim.o(i.HAL_TIM_IRQHandler)
    HAL_TIM_OC_DelayElapsedCallback          0x08002b9f   Thumb Code     2  stm32f4xx_hal_tim.o(i.HAL_TIM_OC_DelayElapsedCallback)
    HAL_TIM_PWM_PulseFinishedCallback        0x08002ba1   Thumb Code     2  stm32f4xx_hal_tim.o(i.HAL_TIM_PWM_PulseFinishedCallback)
    HAL_TIM_PWM_Start                        0x08002ba5   Thumb Code    48  stm32f4xx_hal_tim.o(i.HAL_TIM_PWM_Start)
    HAL_TIM_PeriodElapsedCallback            0x08002bdd   Thumb Code    92  stm32f4xx_it.o(i.HAL_TIM_PeriodElapsedCallback)
    HAL_TIM_TriggerCallback                  0x08002c59   Thumb Code     2  stm32f4xx_hal_tim.o(i.HAL_TIM_TriggerCallback)
    HAL_UART_ErrorCallback                   0x08002c5b   Thumb Code     2  stm32f4xx_hal_uart.o(i.HAL_UART_ErrorCallback)
    HAL_UART_IRQHandler                      0x08002c5d   Thumb Code   266  stm32f4xx_hal_uart.o(i.HAL_UART_IRQHandler)
    HAL_UART_Init                            0x08002d6d   Thumb Code    98  stm32f4xx_hal_uart.o(i.HAL_UART_Init)
    HAL_UART_MspInit                         0x08002dd1   Thumb Code   730  usart.o(i.HAL_UART_MspInit)
    HAL_UART_Receive_DMA                     0x080030ed   Thumb Code   130  stm32f4xx_hal_uart.o(i.HAL_UART_Receive_DMA)
    HAL_UART_RxCpltCallback                  0x08003179   Thumb Code     2  stm32f4xx_it.o(i.HAL_UART_RxCpltCallback)
    HAL_UART_Transmit                        0x0800317b   Thumb Code   186  stm32f4xx_hal_uart.o(i.HAL_UART_Transmit)
    HAL_UART_TxCpltCallback                  0x08003235   Thumb Code     2  stm32f4xx_hal_uart.o(i.HAL_UART_TxCpltCallback)
    HardFault_Handler                        0x08003237   Thumb Code     2  stm32f4xx_it.o(i.HardFault_Handler)
    IMU_Get_Data                             0x08003239   Thumb Code   176  communication.o(i.IMU_Get_Data)
    MPU6500_Init                             0x080032ed   Thumb Code   212  communication.o(i.MPU6500_Init)
    MPU6500_Read_Reg                         0x080033d1   Thumb Code    68  communication.o(i.MPU6500_Read_Reg)
    MPU6500_Read_Regs                        0x08003421   Thumb Code    80  communication.o(i.MPU6500_Read_Regs)
    MPU6500_Write_Reg                        0x0800347d   Thumb Code    72  communication.o(i.MPU6500_Write_Reg)
    MX_CAN1_Init                             0x080034d1   Thumb Code    60  can.o(i.MX_CAN1_Init)
    MX_CAN2_Init                             0x08003515   Thumb Code    60  can.o(i.MX_CAN2_Init)
    MX_DMA_Init                              0x08003559   Thumb Code   120  dma.o(i.MX_DMA_Init)
    MX_FREERTOS_Init                         0x080035d5   Thumb Code   206  freertos.o(i.MX_FREERTOS_Init)
    MX_GPIO_Init                             0x080036ad   Thumb Code   556  gpio.o(i.MX_GPIO_Init)
    MX_SPI5_Init                             0x080038fd   Thumb Code    62  spi.o(i.MX_SPI5_Init)
    MX_TIM12_Init                            0x08003945   Thumb Code    60  tim.o(i.MX_TIM12_Init)
    MX_TIM3_Init                             0x08003989   Thumb Code    36  tim.o(i.MX_TIM3_Init)
    MX_TIM6_Init                             0x080039b5   Thumb Code    38  tim.o(i.MX_TIM6_Init)
    MX_UART4_Init                            0x080039e5   Thumb Code    48  usart.o(i.MX_UART4_Init)
    MX_UART8_Init                            0x08003a1d   Thumb Code    48  usart.o(i.MX_UART8_Init)
    MX_USART1_UART_Init                      0x08003a55   Thumb Code    46  usart.o(i.MX_USART1_UART_Init)
    MX_USART2_UART_Init                      0x08003a91   Thumb Code    48  usart.o(i.MX_USART2_UART_Init)
    MX_USART3_UART_Init                      0x08003ac9   Thumb Code    48  usart.o(i.MX_USART3_UART_Init)
    MX_USART6_UART_Init                      0x08003b01   Thumb Code    48  usart.o(i.MX_USART6_UART_Init)
    ManualMode                               0x08003b39   Thumb Code   120  remote_task.o(i.ManualMode)
    MemManage_Handler                        0x08003bcd   Thumb Code     2  stm32f4xx_it.o(i.MemManage_Handler)
    MiniPC_Data_task                         0x08003bcf   Thumb Code    44  remote_task.o(i.MiniPC_Data_task)
    Minipc_Pid_Init                          0x08003bfd   Thumb Code    84  remote_task.o(i.Minipc_Pid_Init)
    NMI_Handler                              0x08003c5d   Thumb Code     2  stm32f4xx_it.o(i.NMI_Handler)
    Open_Door                                0x08003c7f   Thumb Code     8  ax-12a.o(i.Open_Door)
    OutLine_Check                            0x08003c89   Thumb Code    72  systemstate.o(i.OutLine_Check)
    PID_struct_init                          0x08003cd9   Thumb Code    16  pid.o(i.PID_struct_init)
    Power_Init                               0x08003cf1   Thumb Code    54  bsp.o(i.Power_Init)
    RefreshDeviceOutLineTime                 0x08003d2d   Thumb Code    28  systemstate.o(i.RefreshDeviceOutLineTime)
    RefreshSysTime                           0x08003d4d   Thumb Code    10  systemstate.o(i.RefreshSysTime)
    RefreshTaskOutLineTime                   0x08003d5d   Thumb Code    28  systemstate.o(i.RefreshTaskOutLineTime)
    Remote_Ctrl                              0x08003d7d   Thumb Code   100  communication.o(i.Remote_Ctrl)
    Remote_Data_Task                         0x08003de5   Thumb Code   118  remote_task.o(i.Remote_Data_Task)
    Set_AX6                                  0x08003f27   Thumb Code   122  ax-12a.o(i.Set_AX6)
    Shot_Motor                               0x08003fa1   Thumb Code    48  motor_use_can.o(i.Shot_Motor)
    Sleep_Mode                               0x08003fd5   Thumb Code    64  remote_task.o(i.Sleep_Mode)
    StartDefaultTask                         0x08004029   Thumb Code     8  freertos.o(i.StartDefaultTask)
    Status_Task                              0x08004031   Thumb Code   308  status_task.o(i.Status_Task)
    SysTick_Handler                          0x0800416d   Thumb Code     4  stm32f4xx_it.o(i.SysTick_Handler)
    SystemClock_Config                       0x08004171   Thumb Code   150  main.o(i.SystemClock_Config)
    SystemInit                               0x08004211   Thumb Code    66  system_stm32f4xx.o(i.SystemInit)
    SystemState_Inite                        0x08004265   Thumb Code    18  systemstate.o(i.SystemState_Inite)
    TASK_Check                               0x08004281   Thumb Code    72  systemstate.o(i.TASK_Check)
    TIM1_UP_TIM10_IRQHandler                 0x080042d1   Thumb Code     6  stm32f4xx_it.o(i.TIM1_UP_TIM10_IRQHandler)
    TIM3_IRQHandler                          0x080042dd   Thumb Code     6  stm32f4xx_it.o(i.TIM3_IRQHandler)
    TIM5_PWM_Init                            0x080042e9   Thumb Code    10  motor_use_tim.o(i.TIM5_PWM_Init)
    TIM6_DAC_IRQHandler                      0x080042f9   Thumb Code     6  stm32f4xx_it.o(i.TIM6_DAC_IRQHandler)
    TIM8_BRK_TIM12_IRQHandler                0x08004305   Thumb Code     6  stm32f4xx_it.o(i.TIM8_BRK_TIM12_IRQHandler)
    TIM_Base_SetConfig                       0x08004311   Thumb Code   148  stm32f4xx_hal_tim.o(i.TIM_Base_SetConfig)
    TIM_CCxChannelCmd                        0x080043d1   Thumb Code    22  stm32f4xx_hal_tim.o(i.TIM_CCxChannelCmd)
    USART1_IRQHandler                        0x08004915   Thumb Code   102  stm32f4xx_it.o(i.USART1_IRQHandler)
    USART3_IRQHandler                        0x0800498d   Thumb Code    28  stm32f4xx_it.o(i.USART3_IRQHandler)
    UsageFault_Handler                       0x080049ad   Thumb Code     2  stm32f4xx_it.o(i.UsageFault_Handler)
    Usart_SendArray                          0x080049af   Thumb Code    34  usart.o(i.Usart_SendArray)
    Usart_SendByte                           0x080049d1   Thumb Code    16  usart.o(i.Usart_SendByte)
    __0printf                                0x080049e5   Thumb Code    22  printfa.o(i.__0printf)
    __1printf                                0x080049e5   Thumb Code     0  printfa.o(i.__0printf)
    __2printf                                0x080049e5   Thumb Code     0  printfa.o(i.__0printf)
    __c89printf                              0x080049e5   Thumb Code     0  printfa.o(i.__0printf)
    printf                                   0x080049e5   Thumb Code     0  printfa.o(i.__0printf)
    __scatterload_copy                       0x08004a05   Thumb Code    14  handlers.o(i.__scatterload_copy)
    __scatterload_null                       0x08004a13   Thumb Code     2  handlers.o(i.__scatterload_null)
    __scatterload_zeroinit                   0x08004a15   Thumb Code    14  handlers.o(i.__scatterload_zeroinit)
    abs_limit                                0x080052d7   Thumb Code    42  pid.o(i.abs_limit)
    fputc                                    0x08005301   Thumb Code    18  usart.o(i.fputc)
    get_moto_measure_GM3510                  0x08005319   Thumb Code    56  motor_use_can.o(i.get_moto_measure_GM3510)
    get_moto_measure_GM6020                  0x08005351   Thumb Code    72  motor_use_can.o(i.get_moto_measure_GM6020)
    get_moto_offset                          0x08005399   Thumb Code    12  motor_use_can.o(i.get_moto_offset)
    gimbal_pid_init                          0x080053a5   Thumb Code   126  gimbal_task.o(i.gimbal_pid_init)
    main                                     0x08005435   Thumb Code    30  main.o(i.main)
    osDelay                                  0x0800545f   Thumb Code    14  cmsis_os.o(i.osDelay)
    osDelayUntil                             0x0800546d   Thumb Code    14  cmsis_os.o(i.osDelayUntil)
    osKernelStart                            0x0800547b   Thumb Code    10  cmsis_os.o(i.osKernelStart)
    osSystickHandler                         0x08005485   Thumb Code    20  cmsis_os.o(i.osSystickHandler)
    osThreadCreate                           0x08005499   Thumb Code    56  cmsis_os.o(i.osThreadCreate)
    pid_calc                                 0x080054d1   Thumb Code   448  pid.o(i.pid_calc)
    pvPortMalloc                             0x08005839   Thumb Code   210  heap_4.o(i.pvPortMalloc)
    pxPortInitialiseStack                    0x08005911   Thumb Code    36  port.o(i.pxPortInitialiseStack)
    ramp_calc                                0x08005939   Thumb Code    80  user_lib.o(i.ramp_calc)
    ramp_init                                0x08005989   Thumb Code    26  user_lib.o(i.ramp_init)
    testTask                                 0x080059a5   Thumb Code   124  test_task.o(i.testTask)
    uart_t                                   0x08005a45   Thumb Code    16  ax-12a.o(i.uart_t)
    ulTaskNotifyTake                         0x08005a59   Thumb Code   142  tasks.o(i.ulTaskNotifyTake)
    uxListRemove                             0x08005af5   Thumb Code    36  list.o(i.uxListRemove)
    vListInitialise                          0x08005b19   Thumb Code    22  list.o(i.vListInitialise)
    vListInitialiseItem                      0x08005b2f   Thumb Code     6  list.o(i.vListInitialiseItem)
    vListInsert                              0x08005b35   Thumb Code    48  list.o(i.vListInsert)
    vListInsertEnd                           0x08005b65   Thumb Code    24  list.o(i.vListInsertEnd)
    vOutLineCheck_Task                       0x08005b7d   Thumb Code    32  systemstate.o(i.vOutLineCheck_Task)
    vPortEnterCritical                       0x08005b9d   Thumb Code    54  port.o(i.vPortEnterCritical)
    vPortExitCritical                        0x08005bdd   Thumb Code    34  port.o(i.vPortExitCritical)
    vPortFree                                0x08005c05   Thumb Code    88  heap_4.o(i.vPortFree)
    vPortSetupTimerInterrupt                 0x08005c61   Thumb Code    26  port.o(i.vPortSetupTimerInterrupt)
    vTaskDelay                               0x08005c81   Thumb Code    94  tasks.o(i.vTaskDelay)
    vTaskDelayUntil                          0x08005ce9   Thumb Code   158  tasks.o(i.vTaskDelayUntil)
    vTaskStartScheduler                      0x08005d91   Thumb Code    90  tasks.o(i.vTaskStartScheduler)
    vTaskSuspendAll                          0x08005dfd   Thumb Code    10  tasks.o(i.vTaskSuspendAll)
    vTaskSwitchContext                       0x08005e0d   Thumb Code   110  tasks.o(i.vTaskSwitchContext)
    vcan_sendware                            0x08005e89   Thumb Code    50  usart.o(i.vcan_sendware)
    xPortStartScheduler                      0x08005ec9   Thumb Code   202  port.o(i.xPortStartScheduler)
    xPortSysTickHandler                      0x08005fa9   Thumb Code    38  port.o(i.xPortSysTickHandler)
    xTaskGenericCreate                       0x08005fd5   Thumb Code   434  tasks.o(i.xTaskGenericCreate)
    xTaskGetSchedulerState                   0x08006195   Thumb Code    22  tasks.o(i.xTaskGetSchedulerState)
    xTaskGetTickCount                        0x080061b1   Thumb Code     6  tasks.o(i.xTaskGetTickCount)
    xTaskIncrementTick                       0x080061bd   Thumb Code   194  tasks.o(i.xTaskIncrementTick)
    xTaskResumeAll                           0x08006289   Thumb Code   182  tasks.o(i.xTaskResumeAll)
    APBAHBPrescTable                         0x08006414   Data          16  stm32f4xx_hal_rcc.o(.constdata)
    Region$$Table$$Base                      0x08006490   Number         0  anon$$obj.o(Region$$Table)
    Region$$Table$$Limit                     0x080064b0   Number         0  anon$$obj.o(Region$$Table)
    defaultTaskHandle                        0x20000000   Data           4  freertos.o(.data)
    testTaskHandle                           0x20000004   Data           4  freertos.o(.data)
    RemoteDataTaskHandle                     0x20000008   Data           4  freertos.o(.data)
    GimbalTaskHandle                         0x2000000c   Data           4  freertos.o(.data)
    GunTaskHandle                            0x20000010   Data           4  freertos.o(.data)
    vOutLineCheckTaskHandle                  0x20000014   Data           4  freertos.o(.data)
    CheckTaskHandle                          0x20000018   Data           4  freertos.o(.data)
    StatusTaskHandle                         0x2000001c   Data           4  freertos.o(.data)
    MiniPCTaskHandle                         0x20000020   Data           4  freertos.o(.data)
    RemoteData_flag                          0x20000024   Data           1  stm32f4xx_it.o(.data)
    speed_golf                               0x20000028   Data           4  stm32f4xx_it.o(.data)
    Communication_flag                       0x20000030   Data           1  stm32f4xx_it.o(.data)
    MoCa_Flag                                0x20000034   Data           1  gun_task.o(.data)
    gimbal_disable_flg                       0x20000041   Data           1  gimbal_task.o(.data)
    gimbal_mode                              0x20000042   Data           1  gimbal_task.o(.data)
    gate1_counter                            0x20000048   Data           2  test_task.o(.data)
    Photoelectric_gate1                      0x2000004c   Data           4  test_task.o(.data)
    Photoelectric_gate2                      0x20000050   Data           4  test_task.o(.data)
    Golf_speed                               0x20000054   Data           4  test_task.o(.data)
    gate2_counter                            0x20000058   Data           2  test_task.o(.data)
    Micro_Tick                               0x2000005c   Data           4  test_task.o(.data)
    press_counter                            0x20000060   Data           1  remote_task.o(.data)
    FreeRTOSRunTimeTicks                     0x20000068   Data           8  bsp.o(.data)
    communication_message                    0x20000074   Data           1  communication.o(.data)
    MPU_id                                   0x20000075   Data           1  communication.o(.data)
    USART6_RX_DATA                           0x20000084   Data           5  communication.o(.data)
    minipc_rx_small                          0x20000098   Data           8  minipc.o(.data)
    pxCurrentTCB                             0x200000a0   Data           4  tasks.o(.data)
    SystemCoreClock                          0x20000104   Data           4  system_stm32f4xx.o(.data)
    uwTick                                   0x20000108   Data           4  stm32f4xx_hal.o(.data)
    __stdout                                 0x2000010c   Data           4  stdout.o(.data)
    pid_dial_pos                             0x20000110   Data         128  gun_task.o(.bss)
    pid_dial_spd                             0x20000190   Data         128  gun_task.o(.bss)
    ptr_heat_gun_t                           0x20000210   Data          24  gun_task.o(.bss)
    shoot                                    0x20000228   Data          20  gun_task.o(.bss)
    pid_yaw                                  0x2000023c   Data         128  gimbal_task.o(.bss)
    pid_pit                                  0x200002bc   Data         128  gimbal_task.o(.bss)
    pid_yaw_spd                              0x2000033c   Data         128  gimbal_task.o(.bss)
    pid_pit_spd                              0x200003bc   Data         128  gimbal_task.o(.bss)
    yaw_set                                  0x2000043c   Data          16  gimbal_task.o(.bss)
    pit_set                                  0x2000044c   Data          16  gimbal_task.o(.bss)
    pid_minipc_yaw                           0x2000045c   Data         128  remote_task.o(.bss)
    pid_minipc_pit                           0x200004dc   Data         128  remote_task.o(.bss)
    hspi5                                    0x2000055c   Data          88  spi.o(.bss)
    hadc1                                    0x200005b4   Data          72  adc.o(.bss)
    hdma_adc1                                0x200005fc   Data          96  adc.o(.bss)
    htim5                                    0x2000065c   Data          60  tim.o(.bss)
    htim12                                   0x20000698   Data          60  tim.o(.bss)
    htim3                                    0x200006d4   Data          60  tim.o(.bss)
    htim6                                    0x20000710   Data          60  tim.o(.bss)
    hcan1                                    0x200007cc   Data          64  can.o(.bss)
    hcan2                                    0x2000080c   Data          64  can.o(.bss)
    huart1                                   0x2000084c   Data          64  usart.o(.bss)
    huart2                                   0x2000088c   Data          64  usart.o(.bss)
    huart3                                   0x200008cc   Data          64  usart.o(.bss)
    huart4                                   0x2000090c   Data          64  usart.o(.bss)
    huart6                                   0x2000094c   Data          64  usart.o(.bss)
    huart8                                   0x2000098c   Data          64  usart.o(.bss)
    hdma_usart1_rx                           0x200009cc   Data          96  usart.o(.bss)
    hdma_usart2_rx                           0x20000a2c   Data          96  usart.o(.bss)
    hdma_uart4_rx                            0x20000a8c   Data          96  usart.o(.bss)
    hdma_usart6_rx                           0x20000aec   Data          96  usart.o(.bss)
    hdma_uart8_rx                            0x20000b4c   Data          96  usart.o(.bss)
    moto_dial_get                            0x20000bac   Data          60  motor_use_can.o(.bss)
    pit_get                                  0x20000be8   Data          60  motor_use_can.o(.bss)
    yaw_get                                  0x20000c24   Data          60  motor_use_can.o(.bss)
    SystemState                              0x20000c98   Data          20  systemstate.o(.bss)
    g_Time_DeviceOutLine                     0x20000cac   Data          16  systemstate.o(.bss)
    g_Time_TASKOutLine                       0x20000cbc   Data          24  systemstate.o(.bss)
    Robot                                    0x20000cd4   Data          60  protocol.o(.bss)
    imu_data                                 0x20000d10   Data          20  communication.o(.bss)
    imu_data_offest                          0x20000d24   Data          20  communication.o(.bss)
    USART1_RX_DATA                           0x20000d68   Data          18  communication.o(.bss)
    gy_data_filter                           0x20000d7a   Data          10  communication.o(.bss)
    gz_data_filter                           0x20000d84   Data          10  communication.o(.bss)
    RC_Ctl                                   0x20000d8e   Data          20  communication.o(.bss)
    htim1                                    0x20004a94   Data          60  stm32f4xx_hal.o(.bss)
    __initial_sp                             0x20004ed0   Data           0  startup_stm32f427xx.o(STACK)



==============================================================================

Memory Map of the image

  Image Entry point : 0x080001ad

  Load Region LR_IROM1 (Base: 0x08000000, Size: 0x000065c0, Max: 0x00200000, ABSOLUTE)

    Execution Region ER_IROM1 (Exec base: 0x08000000, Load base: 0x08000000, Size: 0x000064b0, Max: 0x00200000, ABSOLUTE)

    Exec Addr    Load Addr    Size         Type   Attr      Idx    E Section Name        Object

    0x08000000   0x08000000   0x000001ac   Data   RO         2919    RESET               startup_stm32f427xx.o
    0x080001ac   0x080001ac   0x00000000   Code   RO         5834  * .ARM.Collect$$$$00000000  mc_w.l(entry.o)
    0x080001ac   0x080001ac   0x00000004   Code   RO         6132    .ARM.Collect$$$$00000001  mc_w.l(entry2.o)
    0x080001b0   0x080001b0   0x00000004   Code   RO         6135    .ARM.Collect$$$$00000004  mc_w.l(entry5.o)
    0x080001b4   0x080001b4   0x00000000   Code   RO         6137    .ARM.Collect$$$$00000008  mc_w.l(entry7b.o)
    0x080001b4   0x080001b4   0x00000000   Code   RO         6139    .ARM.Collect$$$$0000000A  mc_w.l(entry8b.o)
    0x080001b4   0x080001b4   0x00000008   Code   RO         6140    .ARM.Collect$$$$0000000B  mc_w.l(entry9a.o)
    0x080001bc   0x080001bc   0x00000000   Code   RO         6142    .ARM.Collect$$$$0000000D  mc_w.l(entry10a.o)
    0x080001bc   0x080001bc   0x00000000   Code   RO         6144    .ARM.Collect$$$$0000000F  mc_w.l(entry11a.o)
    0x080001bc   0x080001bc   0x00000004   Code   RO         6133    .ARM.Collect$$$$00002712  mc_w.l(entry2.o)
    0x080001c0   0x080001c0   0x000000ba   Code   RO         2852    .emb_text           port.o
    0x0800027a   0x0800027a   0x00000002   PAD
    0x0800027c   0x0800027c   0x00000024   Code   RO         2920    .text               startup_stm32f427xx.o
    0x080002a0   0x080002a0   0x00000024   Code   RO         5837    .text               mc_w.l(memcpya.o)
    0x080002c4   0x080002c4   0x00000024   Code   RO         5839    .text               mc_w.l(memseta.o)
    0x080002e8   0x080002e8   0x000000de   Code   RO         6108    .text               mf_w.l(ddiv.o)
    0x080003c6   0x080003c6   0x0000001a   Code   RO         6110    .text               mf_w.l(dfltui.o)
    0x080003e0   0x080003e0   0x00000026   Code   RO         6112    .text               mf_w.l(f2d.o)
    0x08000406   0x08000406   0x00000038   Code   RO         6114    .text               mf_w.l(d2f.o)
    0x0800043e   0x0800043e   0x0000002c   Code   RO         6147    .text               mc_w.l(uidiv.o)
    0x0800046a   0x0800046a   0x00000062   Code   RO         6149    .text               mc_w.l(uldiv.o)
    0x080004cc   0x080004cc   0x00000000   Code   RO         6158    .text               mc_w.l(iusefp.o)
    0x080004cc   0x080004cc   0x0000006e   Code   RO         6159    .text               mf_w.l(fepilogue.o)
    0x0800053a   0x0800053a   0x000000ba   Code   RO         6161    .text               mf_w.l(depilogue.o)
    0x080005f4   0x080005f4   0x0000014e   Code   RO         6163    .text               mf_w.l(dadd.o)
    0x08000742   0x08000742   0x000000e4   Code   RO         6165    .text               mf_w.l(dmul.o)
    0x08000826   0x08000826   0x00000030   Code   RO         6167    .text               mf_w.l(dfixul.o)
    0x08000856   0x08000856   0x00000002   PAD
    0x08000858   0x08000858   0x00000030   Code   RO         6169    .text               mf_w.l(cdrcmple.o)
    0x08000888   0x08000888   0x00000024   Code   RO         6173    .text               mc_w.l(init.o)
    0x080008ac   0x080008ac   0x0000001e   Code   RO         6175    .text               mc_w.l(llshl.o)
    0x080008ca   0x080008ca   0x00000020   Code   RO         6177    .text               mc_w.l(llushr.o)
    0x080008ea   0x080008ea   0x00000024   Code   RO         6179    .text               mc_w.l(llsshr.o)
    0x0800090e   0x0800090e   0x000000a4   Code   RO         1370    i.AX_Init           ax-12a.o
    0x080009b2   0x080009b2   0x00000002   PAD
    0x080009b4   0x080009b4   0x00000050   Code   RO          714    i.AutoMode          remote_task.o
    0x08000a04   0x08000a04   0x000000a0   Code   RO          828    i.BSP_Init          bsp.o
    0x08000aa4   0x08000aa4   0x00000002   Code   RO          369    i.BusFault_Handler  stm32f4xx_it.o
    0x08000aa6   0x08000aa6   0x00000002   PAD
    0x08000aa8   0x08000aa8   0x0000000c   Code   RO          370    i.CAN1_RX0_IRQHandler  stm32f4xx_it.o
    0x08000ab4   0x08000ab4   0x0000000c   Code   RO          371    i.CAN2_RX0_IRQHandler  stm32f4xx_it.o
    0x08000ac0   0x08000ac0   0x00000028   Code   RO         1225    i.CAN_Get_MiniPC    motor_use_can.o
    0x08000ae8   0x08000ae8   0x00000044   Code   RO         1226    i.CAN_Get_Referee   motor_use_can.o
    0x08000b2c   0x08000b2c   0x0000012c   Code   RO         3712    i.CAN_Receive_IT    stm32f4xx_hal_can.o
    0x08000c58   0x08000c58   0x00000050   Code   RO         1026    i.CanFilter_Init    can.o
    0x08000ca8   0x08000ca8   0x0000008c   Code   RO          795    i.Check_Task        status_task.o
    0x08000d34   0x08000d34   0x0000000a   Code   RO         1371    i.Close_Door        ax-12a.o
    0x08000d3e   0x08000d3e   0x00000002   PAD
    0x08000d40   0x08000d40   0x00000038   Code   RO         1227    i.Cloud_Platform_Motor  motor_use_can.o
    0x08000d78   0x08000d78   0x00000030   Code   RO         1229    i.Cloud_Platform_Motor_Disable  motor_use_can.o
    0x08000da8   0x08000da8   0x00000010   Code   RO          829    i.ConfigureTimerForRunTimeStats  bsp.o
    0x08000db8   0x08000db8   0x0000000c   Code   RO          372    i.DMA1_Stream2_IRQHandler  stm32f4xx_it.o
    0x08000dc4   0x08000dc4   0x0000000c   Code   RO          373    i.DMA1_Stream5_IRQHandler  stm32f4xx_it.o
    0x08000dd0   0x08000dd0   0x0000000c   Code   RO          374    i.DMA1_Stream6_IRQHandler  stm32f4xx_it.o
    0x08000ddc   0x08000ddc   0x0000000c   Code   RO          375    i.DMA2_Stream1_IRQHandler  stm32f4xx_it.o
    0x08000de8   0x08000de8   0x0000000c   Code   RO          376    i.DMA2_Stream2_IRQHandler  stm32f4xx_it.o
    0x08000df4   0x08000df4   0x0000000c   Code   RO          377    i.DMA2_Stream4_IRQHandler  stm32f4xx_it.o
    0x08000e00   0x08000e00   0x00000028   Code   RO         5163    i.DMA_CalcBaseAndBitshift  stm32f4xx_hal_dma.o
    0x08000e28   0x08000e28   0x00000054   Code   RO         5164    i.DMA_CheckFifoParam  stm32f4xx_hal_dma.o
    0x08000e7c   0x08000e7c   0x00000028   Code   RO         5165    i.DMA_SetConfig     stm32f4xx_hal_dma.o
    0x08000ea4   0x08000ea4   0x00000002   Code   RO          378    i.DebugMon_Handler  stm32f4xx_it.o
    0x08000ea6   0x08000ea6   0x00000006   Code   RO          379    i.EXTI2_IRQHandler  stm32f4xx_it.o
    0x08000eac   0x08000eac   0x00000006   Code   RO          380    i.EXTI9_5_IRQHandler  stm32f4xx_it.o
    0x08000eb2   0x08000eb2   0x00000002   Code   RO            4    i.Error_Handler     main.o
    0x08000eb4   0x08000eb4   0x00000004   Code   RO         1315    i.Friction_Wheel_Motor  motor_use_tim.o
    0x08000eb8   0x08000eb8   0x00000030   Code   RO         1317    i.GUN_Init          motor_use_tim.o
    0x08000ee8   0x08000ee8   0x00000004   Code   RO         1487    i.GetSystemTimer    systemstate.o
    0x08000eec   0x08000eec   0x000001b4   Code   RO          629    i.Gimbal_Contrl_Task  gimbal_task.o
    0x080010a0   0x080010a0   0x00000060   Code   RO          586    i.Gun_Pid_Init      gun_task.o
    0x08001100   0x08001100   0x00000194   Code   RO          587    i.Gun_Task          gun_task.o
    0x08001294   0x08001294   0x000000e4   Code   RO         3713    i.HAL_CAN_ConfigFilter  stm32f4xx_hal_can.o
    0x08001378   0x08001378   0x00000040   Code   RO         3718    i.HAL_CAN_IRQHandler  stm32f4xx_hal_can.o
    0x080013b8   0x080013b8   0x00000148   Code   RO         3719    i.HAL_CAN_Init      stm32f4xx_hal_can.o
    0x08001500   0x08001500   0x000000c0   Code   RO         1028    i.HAL_CAN_MspInit   can.o
    0x080015c0   0x080015c0   0x00000086   Code   RO         3723    i.HAL_CAN_Receive_IT  stm32f4xx_hal_can.o
    0x08001646   0x08001646   0x00000002   PAD
    0x08001648   0x08001648   0x000000e0   Code   RO          381    i.HAL_CAN_RxCpltCallback  stm32f4xx_it.o
    0x08001728   0x08001728   0x00000194   Code   RO         3726    i.HAL_CAN_Transmit  stm32f4xx_hal_can.o
    0x080018bc   0x080018bc   0x00000024   Code   RO         5167    i.HAL_DMA_Abort_IT  stm32f4xx_hal_dma.o
    0x080018e0   0x080018e0   0x000001a8   Code   RO         5171    i.HAL_DMA_IRQHandler  stm32f4xx_hal_dma.o
    0x08001a88   0x08001a88   0x000000d0   Code   RO         5172    i.HAL_DMA_Init      stm32f4xx_hal_dma.o
    0x08001b58   0x08001b58   0x00000078   Code   RO         5176    i.HAL_DMA_Start_IT  stm32f4xx_hal_dma.o
    0x08001bd0   0x08001bd0   0x00000016   Code   RO         4427    i.HAL_Delay         stm32f4xx_hal.o
    0x08001be6   0x08001be6   0x00000002   PAD
    0x08001be8   0x08001be8   0x00000070   Code   RO          382    i.HAL_GPIO_EXTI_Callback  stm32f4xx_it.o
    0x08001c58   0x08001c58   0x00000018   Code   RO         3648    i.HAL_GPIO_EXTI_IRQHandler  stm32f4xx_hal_gpio.o
    0x08001c70   0x08001c70   0x000001cc   Code   RO         3649    i.HAL_GPIO_Init     stm32f4xx_hal_gpio.o
    0x08001e3c   0x08001e3c   0x00000008   Code   RO         3652    i.HAL_GPIO_TogglePin  stm32f4xx_hal_gpio.o
    0x08001e44   0x08001e44   0x0000000a   Code   RO         3653    i.HAL_GPIO_WritePin  stm32f4xx_hal_gpio.o
    0x08001e4e   0x08001e4e   0x00000002   PAD
    0x08001e50   0x08001e50   0x0000000c   Code   RO         4435    i.HAL_GetTick       stm32f4xx_hal.o
    0x08001e5c   0x08001e5c   0x00000010   Code   RO         4436    i.HAL_IncTick       stm32f4xx_hal.o
    0x08001e6c   0x08001e6c   0x00000034   Code   RO         4437    i.HAL_Init          stm32f4xx_hal.o
    0x08001ea0   0x08001ea0   0x00000074   Code   RO         4438    i.HAL_InitTick      stm32f4xx_hal.o
    0x08001f14   0x08001f14   0x00000058   Code   RO          563    i.HAL_MspInit       stm32f4xx_hal_msp.o
    0x08001f6c   0x08001f6c   0x00000016   Code   RO         4200    i.HAL_NVIC_EnableIRQ  stm32f4xx_hal_cortex.o
    0x08001f82   0x08001f82   0x00000002   PAD
    0x08001f84   0x08001f84   0x00000040   Code   RO         4206    i.HAL_NVIC_SetPriority  stm32f4xx_hal_cortex.o
    0x08001fc4   0x08001fc4   0x00000024   Code   RO         4207    i.HAL_NVIC_SetPriorityGrouping  stm32f4xx_hal_cortex.o
    0x08001fe8   0x08001fe8   0x0000017c   Code   RO         4820    i.HAL_RCC_ClockConfig  stm32f4xx_hal_rcc.o
    0x08002164   0x08002164   0x00000040   Code   RO         4824    i.HAL_RCC_GetClockConfig  stm32f4xx_hal_rcc.o
    0x080021a4   0x080021a4   0x0000000c   Code   RO         4825    i.HAL_RCC_GetHCLKFreq  stm32f4xx_hal_rcc.o
    0x080021b0   0x080021b0   0x00000030   Code   RO         4827    i.HAL_RCC_GetPCLK1Freq  stm32f4xx_hal_rcc.o
    0x080021e0   0x080021e0   0x00000030   Code   RO         4828    i.HAL_RCC_GetPCLK2Freq  stm32f4xx_hal_rcc.o
    0x08002210   0x08002210   0x00000074   Code   RO         4829    i.HAL_RCC_GetSysClockFreq  stm32f4xx_hal_rcc.o
    0x08002284   0x08002284   0x000002e4   Code   RO         4832    i.HAL_RCC_OscConfig  stm32f4xx_hal_rcc.o
    0x08002568   0x08002568   0x00000080   Code   RO         5277    i.HAL_SPI_Init      stm32f4xx_hal_spi.o
    0x080025e8   0x080025e8   0x0000004c   Code   RO          877    i.HAL_SPI_MspInit   spi.o
    0x08002634   0x08002634   0x000001d8   Code   RO         5286    i.HAL_SPI_TransmitReceive  stm32f4xx_hal_spi.o
    0x0800280c   0x0800280c   0x00000018   Code   RO         4209    i.HAL_SYSTICK_CLKSourceConfig  stm32f4xx_hal_cortex.o
    0x08002824   0x08002824   0x00000028   Code   RO         4211    i.HAL_SYSTICK_Config  stm32f4xx_hal_cortex.o
    0x0800284c   0x0800284c   0x00000002   Code   RO         4924    i.HAL_TIMEx_BreakCallback  stm32f4xx_hal_tim_ex.o
    0x0800284e   0x0800284e   0x00000002   Code   RO         4925    i.HAL_TIMEx_CommutationCallback  stm32f4xx_hal_tim_ex.o
    0x08002850   0x08002850   0x00000036   Code   RO         2999    i.HAL_TIM_Base_Init  stm32f4xx_hal_tim.o
    0x08002886   0x08002886   0x00000002   PAD
    0x08002888   0x08002888   0x000000a4   Code   RO          960    i.HAL_TIM_Base_MspInit  tim.o
    0x0800292c   0x0800292c   0x00000018   Code   RO         3004    i.HAL_TIM_Base_Start_IT  stm32f4xx_hal_tim.o
    0x08002944   0x08002944   0x000000f2   Code   RO         3008    i.HAL_TIM_ConfigClockSource  stm32f4xx_hal_tim.o
    0x08002a36   0x08002a36   0x00000002   Code   RO         3028    i.HAL_TIM_IC_CaptureCallback  stm32f4xx_hal_tim.o
    0x08002a38   0x08002a38   0x00000166   Code   RO         3041    i.HAL_TIM_IRQHandler  stm32f4xx_hal_tim.o
    0x08002b9e   0x08002b9e   0x00000002   Code   RO         3044    i.HAL_TIM_OC_DelayElapsedCallback  stm32f4xx_hal_tim.o
    0x08002ba0   0x08002ba0   0x00000002   Code   RO         3071    i.HAL_TIM_PWM_PulseFinishedCallback  stm32f4xx_hal_tim.o
    0x08002ba2   0x08002ba2   0x00000002   PAD
    0x08002ba4   0x08002ba4   0x00000038   Code   RO         3072    i.HAL_TIM_PWM_Start  stm32f4xx_hal_tim.o
    0x08002bdc   0x08002bdc   0x0000007c   Code   RO          383    i.HAL_TIM_PeriodElapsedCallback  stm32f4xx_it.o
    0x08002c58   0x08002c58   0x00000002   Code   RO         3082    i.HAL_TIM_TriggerCallback  stm32f4xx_hal_tim.o
    0x08002c5a   0x08002c5a   0x00000002   Code   RO         3962    i.HAL_UART_ErrorCallback  stm32f4xx_hal_uart.o
    0x08002c5c   0x08002c5c   0x00000110   Code   RO         3965    i.HAL_UART_IRQHandler  stm32f4xx_hal_uart.o
    0x08002d6c   0x08002d6c   0x00000062   Code   RO         3966    i.HAL_UART_Init     stm32f4xx_hal_uart.o
    0x08002dce   0x08002dce   0x00000002   PAD
    0x08002dd0   0x08002dd0   0x0000031c   Code   RO         1130    i.HAL_UART_MspInit  usart.o
    0x080030ec   0x080030ec   0x0000008c   Code   RO         3970    i.HAL_UART_Receive_DMA  stm32f4xx_hal_uart.o
    0x08003178   0x08003178   0x00000002   Code   RO          384    i.HAL_UART_RxCpltCallback  stm32f4xx_it.o
    0x0800317a   0x0800317a   0x000000ba   Code   RO         3974    i.HAL_UART_Transmit  stm32f4xx_hal_uart.o
    0x08003234   0x08003234   0x00000002   Code   RO         3977    i.HAL_UART_TxCpltCallback  stm32f4xx_hal_uart.o
    0x08003236   0x08003236   0x00000002   Code   RO          385    i.HardFault_Handler  stm32f4xx_it.o
    0x08003238   0x08003238   0x000000b4   Code   RO         1717    i.IMU_Get_Data      communication.o
    0x080032ec   0x080032ec   0x000000e4   Code   RO         1721    i.MPU6500_Init      communication.o
    0x080033d0   0x080033d0   0x00000050   Code   RO         1722    i.MPU6500_Read_Reg  communication.o
    0x08003420   0x08003420   0x0000005c   Code   RO         1723    i.MPU6500_Read_Regs  communication.o
    0x0800347c   0x0800347c   0x00000054   Code   RO         1726    i.MPU6500_Write_Reg  communication.o
    0x080034d0   0x080034d0   0x00000044   Code   RO         1029    i.MX_CAN1_Init      can.o
    0x08003514   0x08003514   0x00000044   Code   RO         1030    i.MX_CAN2_Init      can.o
    0x08003558   0x08003558   0x0000007c   Code   RO         1105    i.MX_DMA_Init       dma.o
    0x080035d4   0x080035d4   0x000000d8   Code   RO          296    i.MX_FREERTOS_Init  freertos.o
    0x080036ac   0x080036ac   0x00000250   Code   RO         1081    i.MX_GPIO_Init      gpio.o
    0x080038fc   0x080038fc   0x00000048   Code   RO          878    i.MX_SPI5_Init      spi.o
    0x08003944   0x08003944   0x00000044   Code   RO          963    i.MX_TIM12_Init     tim.o
    0x08003988   0x08003988   0x0000002c   Code   RO          964    i.MX_TIM3_Init      tim.o
    0x080039b4   0x080039b4   0x00000030   Code   RO          966    i.MX_TIM6_Init      tim.o
    0x080039e4   0x080039e4   0x00000038   Code   RO         1131    i.MX_UART4_Init     usart.o
    0x08003a1c   0x08003a1c   0x00000038   Code   RO         1132    i.MX_UART8_Init     usart.o
    0x08003a54   0x08003a54   0x0000003c   Code   RO         1133    i.MX_USART1_UART_Init  usart.o
    0x08003a90   0x08003a90   0x00000038   Code   RO         1134    i.MX_USART2_UART_Init  usart.o
    0x08003ac8   0x08003ac8   0x00000038   Code   RO         1135    i.MX_USART3_UART_Init  usart.o
    0x08003b00   0x08003b00   0x00000038   Code   RO         1136    i.MX_USART6_UART_Init  usart.o
    0x08003b38   0x08003b38   0x00000094   Code   RO          715    i.ManualMode        remote_task.o
    0x08003bcc   0x08003bcc   0x00000002   Code   RO          386    i.MemManage_Handler  stm32f4xx_it.o
    0x08003bce   0x08003bce   0x0000002c   Code   RO          716    i.MiniPC_Data_task  remote_task.o
    0x08003bfa   0x08003bfa   0x00000002   PAD
    0x08003bfc   0x08003bfc   0x00000060   Code   RO          717    i.Minipc_Pid_Init   remote_task.o
    0x08003c5c   0x08003c5c   0x00000002   Code   RO          387    i.NMI_Handler       stm32f4xx_it.o
    0x08003c5e   0x08003c5e   0x00000020   Code   RO         4213    i.NVIC_SetPriority  stm32f4xx_hal_cortex.o
    0x08003c7e   0x08003c7e   0x00000008   Code   RO         1372    i.Open_Door         ax-12a.o
    0x08003c86   0x08003c86   0x00000002   PAD
    0x08003c88   0x08003c88   0x00000050   Code   RO         1488    i.OutLine_Check     systemstate.o
    0x08003cd8   0x08003cd8   0x00000018   Code   RO         1418    i.PID_struct_init   pid.o
    0x08003cf0   0x08003cf0   0x0000003c   Code   RO          831    i.Power_Init        bsp.o
    0x08003d2c   0x08003d2c   0x00000020   Code   RO         1489    i.RefreshDeviceOutLineTime  systemstate.o
    0x08003d4c   0x08003d4c   0x00000010   Code   RO         1490    i.RefreshSysTime    systemstate.o
    0x08003d5c   0x08003d5c   0x00000020   Code   RO         1491    i.RefreshTaskOutLineTime  systemstate.o
    0x08003d7c   0x08003d7c   0x00000068   Code   RO         1728    i.Remote_Ctrl       communication.o
    0x08003de4   0x08003de4   0x0000008c   Code   RO          718    i.Remote_Data_Task  remote_task.o
    0x08003e70   0x08003e70   0x00000020   Code   RO         5299    i.SPI_CheckFlag_BSY  stm32f4xx_hal_spi.o
    0x08003e90   0x08003e90   0x00000096   Code   RO         5315    i.SPI_WaitFlagStateUntilTimeout  stm32f4xx_hal_spi.o
    0x08003f26   0x08003f26   0x0000007a   Code   RO         1373    i.Set_AX6           ax-12a.o
    0x08003fa0   0x08003fa0   0x00000034   Code   RO         1230    i.Shot_Motor        motor_use_can.o
    0x08003fd4   0x08003fd4   0x00000054   Code   RO          719    i.Sleep_Mode        remote_task.o
    0x08004028   0x08004028   0x00000008   Code   RO          297    i.StartDefaultTask  freertos.o
    0x08004030   0x08004030   0x0000013c   Code   RO          796    i.Status_Task       status_task.o
    0x0800416c   0x0800416c   0x00000004   Code   RO          388    i.SysTick_Handler   stm32f4xx_it.o
    0x08004170   0x08004170   0x000000a0   Code   RO            5    i.SystemClock_Config  main.o
    0x08004210   0x08004210   0x00000054   Code   RO         2928    i.SystemInit        system_stm32f4xx.o
    0x08004264   0x08004264   0x0000001c   Code   RO         1492    i.SystemState_Inite  systemstate.o
    0x08004280   0x08004280   0x00000050   Code   RO         1493    i.TASK_Check        systemstate.o
    0x080042d0   0x080042d0   0x0000000c   Code   RO          389    i.TIM1_UP_TIM10_IRQHandler  stm32f4xx_it.o
    0x080042dc   0x080042dc   0x0000000c   Code   RO          390    i.TIM3_IRQHandler   stm32f4xx_it.o
    0x080042e8   0x080042e8   0x00000010   Code   RO         1319    i.TIM5_PWM_Init     motor_use_tim.o
    0x080042f8   0x080042f8   0x0000000c   Code   RO          391    i.TIM6_DAC_IRQHandler  stm32f4xx_it.o
    0x08004304   0x08004304   0x0000000c   Code   RO          392    i.TIM8_BRK_TIM12_IRQHandler  stm32f4xx_it.o
    0x08004310   0x08004310   0x000000c0   Code   RO         3083    i.TIM_Base_SetConfig  stm32f4xx_hal_tim.o
    0x080043d0   0x080043d0   0x00000016   Code   RO         3084    i.TIM_CCxChannelCmd  stm32f4xx_hal_tim.o
    0x080043e6   0x080043e6   0x00000014   Code   RO         3090    i.TIM_ETR_SetConfig  stm32f4xx_hal_tim.o
    0x080043fa   0x080043fa   0x00000010   Code   RO         3091    i.TIM_ITRx_SetConfig  stm32f4xx_hal_tim.o
    0x0800440a   0x0800440a   0x00000022   Code   RO         3097    i.TIM_TI1_ConfigInputStage  stm32f4xx_hal_tim.o
    0x0800442c   0x0800442c   0x00000024   Code   RO         3099    i.TIM_TI2_ConfigInputStage  stm32f4xx_hal_tim.o
    0x08004450   0x08004450   0x00000010   Code   RO         3979    i.UART_DMAAbortOnError  stm32f4xx_hal_uart.o
    0x08004460   0x08004460   0x0000004a   Code   RO         3980    i.UART_DMAError     stm32f4xx_hal_uart.o
    0x080044aa   0x080044aa   0x0000003c   Code   RO         3981    i.UART_DMAReceiveCplt  stm32f4xx_hal_uart.o
    0x080044e6   0x080044e6   0x0000001c   Code   RO         3984    i.UART_EndRxTransfer  stm32f4xx_hal_uart.o
    0x08004502   0x08004502   0x00000012   Code   RO         3985    i.UART_EndTxTransfer  stm32f4xx_hal_uart.o
    0x08004514   0x08004514   0x0000008c   Code   RO         3986    i.UART_Receive_IT   stm32f4xx_hal_uart.o
    0x080045a0   0x080045a0   0x000002ac   Code   RO         3987    i.UART_SetConfig    stm32f4xx_hal_uart.o
    0x0800484c   0x0800484c   0x00000062   Code   RO         3988    i.UART_Transmit_IT  stm32f4xx_hal_uart.o
    0x080048ae   0x080048ae   0x00000064   Code   RO         3989    i.UART_WaitOnFlagUntilTimeout  stm32f4xx_hal_uart.o
    0x08004912   0x08004912   0x00000002   PAD
    0x08004914   0x08004914   0x00000078   Code   RO          393    i.USART1_IRQHandler  stm32f4xx_it.o
    0x0800498c   0x0800498c   0x00000020   Code   RO          394    i.USART3_IRQHandler  stm32f4xx_it.o
    0x080049ac   0x080049ac   0x00000002   Code   RO          395    i.UsageFault_Handler  stm32f4xx_it.o
    0x080049ae   0x080049ae   0x00000022   Code   RO         1137    i.Usart_SendArray   usart.o
    0x080049d0   0x080049d0   0x00000014   Code   RO         1138    i.Usart_SendByte    usart.o
    0x080049e4   0x080049e4   0x00000020   Code   RO         6080    i.__0printf         mc_w.l(printfa.o)
    0x08004a04   0x08004a04   0x0000000e   Code   RO         6183    i.__scatterload_copy  mc_w.l(handlers.o)
    0x08004a12   0x08004a12   0x00000002   Code   RO         6184    i.__scatterload_null  mc_w.l(handlers.o)
    0x08004a14   0x08004a14   0x0000000e   Code   RO         6185    i.__scatterload_zeroinit  mc_w.l(handlers.o)
    0x08004a22   0x08004a22   0x00000002   PAD
    0x08004a24   0x08004a24   0x00000184   Code   RO         6087    i._fp_digits        mc_w.l(printfa.o)
    0x08004ba8   0x08004ba8   0x000006dc   Code   RO         6088    i._printf_core      mc_w.l(printfa.o)
    0x08005284   0x08005284   0x00000024   Code   RO         6089    i._printf_post_padding  mc_w.l(printfa.o)
    0x080052a8   0x080052a8   0x0000002e   Code   RO         6090    i._printf_pre_padding  mc_w.l(printfa.o)
    0x080052d6   0x080052d6   0x0000002a   Code   RO         1419    i.abs_limit         pid.o
    0x08005300   0x08005300   0x00000018   Code   RO         1139    i.fputc             usart.o
    0x08005318   0x08005318   0x00000038   Code   RO         1231    i.get_moto_measure_GM3510  motor_use_can.o
    0x08005350   0x08005350   0x00000048   Code   RO         1232    i.get_moto_measure_GM6020  motor_use_can.o
    0x08005398   0x08005398   0x0000000c   Code   RO         1233    i.get_moto_offset   motor_use_can.o
    0x080053a4   0x080053a4   0x00000090   Code   RO          630    i.gimbal_pid_init   gimbal_task.o
    0x08005434   0x08005434   0x0000001e   Code   RO            6    i.main              main.o
    0x08005452   0x08005452   0x0000000c   Code   RO         1864    i.makeFreeRtosPriority  cmsis_os.o
    0x0800545e   0x0800545e   0x0000000e   Code   RO         1865    i.osDelay           cmsis_os.o
    0x0800546c   0x0800546c   0x0000000e   Code   RO         1866    i.osDelayUntil      cmsis_os.o
    0x0800547a   0x0800547a   0x0000000a   Code   RO         1868    i.osKernelStart     cmsis_os.o
    0x08005484   0x08005484   0x00000014   Code   RO         1897    i.osSystickHandler  cmsis_os.o
    0x08005498   0x08005498   0x00000038   Code   RO         1898    i.osThreadCreate    cmsis_os.o
    0x080054d0   0x080054d0   0x000001c4   Code   RO         1420    i.pid_calc          pid.o
    0x08005694   0x08005694   0x0000000e   Code   RO         1421    i.pid_param_init    pid.o
    0x080056a2   0x080056a2   0x00000006   Code   RO         1422    i.pid_reset         pid.o
    0x080056a8   0x080056a8   0x00000034   Code   RO         2195    i.prvAddCurrentTaskToDelayedList  tasks.o
    0x080056dc   0x080056dc   0x00000054   Code   RO         2196    i.prvCheckTasksWaitingTermination  tasks.o
    0x08005730   0x08005730   0x0000004c   Code   RO         2675    i.prvHeapInit       heap_4.o
    0x0800577c   0x0800577c   0x00000028   Code   RO         2197    i.prvIdleTask       tasks.o
    0x080057a4   0x080057a4   0x0000004c   Code   RO         2676    i.prvInsertBlockIntoFreeList  heap_4.o
    0x080057f0   0x080057f0   0x00000020   Code   RO         2199    i.prvResetNextTaskUnblockTime  tasks.o
    0x08005810   0x08005810   0x00000028   Code   RO         2853    i.prvTaskExitError  port.o
    0x08005838   0x08005838   0x000000d8   Code   RO         2677    i.pvPortMalloc      heap_4.o
    0x08005910   0x08005910   0x00000028   Code   RO         2854    i.pxPortInitialiseStack  port.o
    0x08005938   0x08005938   0x00000050   Code   RO         1570    i.ramp_calc         user_lib.o
    0x08005988   0x08005988   0x0000001a   Code   RO         1571    i.ramp_init         user_lib.o
    0x080059a2   0x080059a2   0x00000002   PAD
    0x080059a4   0x080059a4   0x000000a0   Code   RO          681    i.testTask          test_task.o
    0x08005a44   0x08005a44   0x00000014   Code   RO         1374    i.uart_t            ax-12a.o
    0x08005a58   0x08005a58   0x0000009c   Code   RO         2203    i.ulTaskNotifyTake  tasks.o
    0x08005af4   0x08005af4   0x00000024   Code   RO         2816    i.uxListRemove      list.o
    0x08005b18   0x08005b18   0x00000016   Code   RO         2817    i.vListInitialise   list.o
    0x08005b2e   0x08005b2e   0x00000006   Code   RO         2818    i.vListInitialiseItem  list.o
    0x08005b34   0x08005b34   0x00000030   Code   RO         2819    i.vListInsert       list.o
    0x08005b64   0x08005b64   0x00000018   Code   RO         2820    i.vListInsertEnd    list.o
    0x08005b7c   0x08005b7c   0x00000020   Code   RO         1494    i.vOutLineCheck_Task  systemstate.o
    0x08005b9c   0x08005b9c   0x00000040   Code   RO         2856    i.vPortEnterCritical  port.o
    0x08005bdc   0x08005bdc   0x00000028   Code   RO         2857    i.vPortExitCritical  port.o
    0x08005c04   0x08005c04   0x0000005c   Code   RO         2678    i.vPortFree         heap_4.o
    0x08005c60   0x08005c60   0x00000020   Code   RO         2858    i.vPortSetupTimerInterrupt  port.o
    0x08005c80   0x08005c80   0x00000068   Code   RO         2210    i.vTaskDelay        tasks.o
    0x08005ce8   0x08005ce8   0x000000a8   Code   RO         2211    i.vTaskDelayUntil   tasks.o
    0x08005d90   0x08005d90   0x0000006c   Code   RO         2225    i.vTaskStartScheduler  tasks.o
    0x08005dfc   0x08005dfc   0x00000010   Code   RO         2227    i.vTaskSuspendAll   tasks.o
    0x08005e0c   0x08005e0c   0x0000007c   Code   RO         2228    i.vTaskSwitchContext  tasks.o
    0x08005e88   0x08005e88   0x00000040   Code   RO         1140    i.vcan_sendware     usart.o
    0x08005ec8   0x08005ec8   0x000000e0   Code   RO         2860    i.xPortStartScheduler  port.o
    0x08005fa8   0x08005fa8   0x0000002c   Code   RO         2861    i.xPortSysTickHandler  port.o
    0x08005fd4   0x08005fd4   0x000001c0   Code   RO         2230    i.xTaskGenericCreate  tasks.o
    0x08006194   0x08006194   0x0000001c   Code   RO         2234    i.xTaskGetSchedulerState  tasks.o
    0x080061b0   0x080061b0   0x0000000c   Code   RO         2235    i.xTaskGetTickCount  tasks.o
    0x080061bc   0x080061bc   0x000000cc   Code   RO         2237    i.xTaskIncrementTick  tasks.o
    0x08006288   0x08006288   0x000000c4   Code   RO         2243    i.xTaskResumeAll    tasks.o
    0x0800634c   0x0800634c   0x000000b4   Data   RO          298    .constdata          freertos.o
    0x08006400   0x08006400   0x00000014   Data   RO         1733    .constdata          communication.o
    0x08006414   0x08006414   0x00000010   Data   RO         4833    .constdata          stm32f4xx_hal_rcc.o
    0x08006424   0x08006424   0x00000008   Data   RO         5178    .constdata          stm32f4xx_hal_dma.o
    0x0800642c   0x0800642c   0x00000064   Data   RO          299    .conststring        freertos.o
    0x08006490   0x08006490   0x00000020   Data   RO         6181    Region$$Table       anon$$obj.o


    Execution Region RW_IRAM1 (Exec base: 0x20000000, Load base: 0x080064b0, Size: 0x00004ed0, Max: 0x00030000, ABSOLUTE)

    Exec Addr    Load Addr    Size         Type   Attr      Idx    E Section Name        Object

    0x20000000   0x080064b0   0x00000024   Data   RW          300    .data               freertos.o
    0x20000024   0x080064d4   0x0000000c   Data   RW          396    .data               stm32f4xx_it.o
    0x20000030   0x080064e0   0x00000001   Data   RW          397    .data               stm32f4xx_it.o
    0x20000031   0x080064e1   0x00000003   PAD
    0x20000034   0x080064e4   0x0000000c   Data   RW          589    .data               gun_task.o
    0x20000040   0x080064f0   0x00000008   Data   RW          639    .data               gimbal_task.o
    0x20000048   0x080064f8   0x00000010   Data   RW          682    .data               test_task.o
    0x20000058   0x08006508   0x00000002   Data   RW          683    .data               test_task.o
    0x2000005a   0x0800650a   0x00000002   PAD
    0x2000005c   0x0800650c   0x00000004   Data   RW          685    .data               test_task.o
    0x20000060   0x08006510   0x00000001   Data   RW          727    .data               remote_task.o
    0x20000061   0x08006511   0x00000007   PAD
    0x20000068   0x08006518   0x00000008   Data   RW          832    .data               bsp.o
    0x20000070   0x08006520   0x00000004   Data   RW         1032    .data               can.o
    0x20000074   0x08006524   0x00000023   Data   RW         1734    .data               communication.o
    0x20000097   0x08006547   0x00000001   PAD
    0x20000098   0x08006548   0x00000008   Data   RW         1834    .data               minipc.o
    0x200000a0   0x08006550   0x00000040   Data   RW         2246    .data               tasks.o
    0x200000e0   0x08006590   0x00000018   Data   RW         2683    .data               heap_4.o
    0x200000f8   0x080065a8   0x0000000c   Data   RW         2862    .data               port.o
    0x20000104   0x080065b4   0x00000004   Data   RW         2930    .data               system_stm32f4xx.o
    0x20000108   0x080065b8   0x00000004   Data   RW         4445    .data               stm32f4xx_hal.o
    0x2000010c   0x080065bc   0x00000004   Data   RW         6146    .data               mc_w.l(stdout.o)
    0x20000110        -       0x0000012c   Zero   RW          588    .bss                gun_task.o
    0x2000023c        -       0x00000220   Zero   RW          631    .bss                gimbal_task.o
    0x2000045c        -       0x00000100   Zero   RW          720    .bss                remote_task.o
    0x2000055c        -       0x00000058   Zero   RW          879    .bss                spi.o
    0x200005b4        -       0x000000a8   Zero   RW          921    .bss                adc.o
    0x2000065c        -       0x000000f0   Zero   RW          967    .bss                tim.o
    0x2000074c        -       0x00000100   Zero   RW         1031    .bss                can.o
    0x2000084c        -       0x00000360   Zero   RW         1141    .bss                usart.o
    0x20000bac        -       0x0000003c   Zero   RW         1235    .bss                motor_use_can.o
    0x20000be8        -       0x0000003c   Zero   RW         1236    .bss                motor_use_can.o
    0x20000c24        -       0x0000003c   Zero   RW         1237    .bss                motor_use_can.o
    0x20000c60        -       0x00000038   Zero   RW         1238    .bss                motor_use_can.o
    0x20000c98        -       0x0000003c   Zero   RW         1495    .bss                systemstate.o
    0x20000cd4        -       0x0000003c   Zero   RW         1688    .bss                protocol.o
    0x20000d10        -       0x00000092   Zero   RW         1732    .bss                communication.o
    0x20000da2   0x080065c0   0x00000002   PAD
    0x20000da4        -       0x000000f0   Zero   RW         2245    .bss                tasks.o
    0x20000e94        -       0x00003c00   Zero   RW         2682    .bss                heap_4.o
    0x20004a94        -       0x0000003c   Zero   RW         4443    .bss                stm32f4xx_hal.o
    0x20004ad0        -       0x00000400   Zero   RW         2917    STACK               startup_stm32f427xx.o


==============================================================================

Image component sizes


      Code (inc. data)   RO Data    RW Data    ZI Data      Debug   Object Name

         0          0          0          0        168        218   adc.o
       324          4          0          0          0       2841   ax-12a.o
       236         30          0          8          0       1747   bsp.o
       408         46          0          4        256       2967   can.o
       126          0          0          0          0      14287   cmsis_os.o
       768         60         20         35        146      12377   communication.o
       124          4          0          0          0        794   dma.o
       224         10        280         36          0       6691   freertos.o
       580         62          0          8        544       4326   gimbal_task.o
       592         36          0          0          0       1303   gpio.o
       500         68          0         12        300       5352   gun_task.o
       460         24          0         24      15360       7115   heap_4.o
       136          0          0          0          0       3454   list.o
       192         10          0          0          0     393763   main.o
         0          0          0          8          0        808   minipc.o
       404         36          0          0        236       6152   motor_use_can.o
        68         16          0          0          0       2118   motor_use_tim.o
       538         12          0          0          0       5228   pid.o
       670         74          0         12          0       8288   port.o
         0          0          0          0         60       5508   protocol.o
       592         98          0          1        256       5441   remote_task.o
       148         22          0          0         88       1537   spi.o
        36          8        428          0       1024        788   startup_stm32f427xx.o
       456         16          0          0          0       1299   status_task.o
       218         32          0          4         60       4410   stm32f4xx_hal.o
      1458         24          0          0          0       5811   stm32f4xx_hal_can.o
       218         14          0          0          0      30933   stm32f4xx_hal_cortex.o
       952         22          8          0          0       6374   stm32f4xx_hal_dma.o
       502         58          0          0          0       3704   stm32f4xx_hal_gpio.o
        88          0          0          0          0        510   stm32f4xx_hal_msp.o
      1408         90         16          0          0       6436   stm32f4xx_hal_rcc.o
       782          0          0          0          0       4345   stm32f4xx_hal_spi.o
      1062         52          0          0          0      10963   stm32f4xx_hal_tim.o
         4          0          0          0          0       1570   stm32f4xx_hal_tim_ex.o
      1918         24          0          0          0      11444   stm32f4xx_hal_uart.o
       786        180          0         13          0      18612   stm32f4xx_it.o
        84         18          0          4          0       1293   system_stm32f4xx.o
       304         40          0          0         60       6070   systemstate.o
      1772        150          0         64        240      26780   tasks.o
       160         36          0         22          0       1676   test_task.o
       324         46          0          0        240       2720   tim.o
      1278        144          0          0        864       7612   usart.o
       106          0          0          0          0       2564   user_lib.o

    ----------------------------------------------------------------------
     21036       1566        784        268      19904     648229   Object Totals
         0          0         32          0          0          0   (incl. Generated)
        30          0          0         13          2          0   (incl. Padding)

    ----------------------------------------------------------------------

      Code (inc. data)   RO Data    RW Data    ZI Data      Debug   Library Member Name

         0          0          0          0          0          0   entry.o
         0          0          0          0          0          0   entry10a.o
         0          0          0          0          0          0   entry11a.o
         8          4          0          0          0          0   entry2.o
         4          0          0          0          0          0   entry5.o
         0          0          0          0          0          0   entry7b.o
         0          0          0          0          0          0   entry8b.o
         8          4          0          0          0          0   entry9a.o
        30          0          0          0          0          0   handlers.o
        36          8          0          0          0         68   init.o
         0          0          0          0          0          0   iusefp.o
        30          0          0          0          0         68   llshl.o
        36          0          0          0          0         68   llsshr.o
        32          0          0          0          0         68   llushr.o
        36          0          0          0          0         68   memcpya.o
        36          0          0          0          0        108   memseta.o
      2258         90          0          0          0        452   printfa.o
         0          0          0          4          0          0   stdout.o
        44          0          0          0          0         80   uidiv.o
        98          0          0          0          0         92   uldiv.o
        48          0          0          0          0         68   cdrcmple.o
        56          0          0          0          0         88   d2f.o
       334          0          0          0          0        148   dadd.o
       222          0          0          0          0        100   ddiv.o
       186          0          0          0          0        176   depilogue.o
        48          0          0          0          0         68   dfixul.o
        26          0          0          0          0         76   dfltui.o
       228          0          0          0          0         96   dmul.o
        38          0          0          0          0         68   f2d.o
       110          0          0          0          0        168   fepilogue.o

    ----------------------------------------------------------------------
      3956        106          0          4          0       2128   Library Totals
         4          0          0          0          0          0   (incl. Padding)

    ----------------------------------------------------------------------

      Code (inc. data)   RO Data    RW Data    ZI Data      Debug   Library Name

      2656        106          0          4          0       1072   mc_w.l
      1296          0          0          0          0       1056   mf_w.l

    ----------------------------------------------------------------------
      3956        106          0          4          0       2128   Library Totals

    ----------------------------------------------------------------------

==============================================================================


      Code (inc. data)   RO Data    RW Data    ZI Data      Debug   

     24992       1672        784        272      19904     629121   Grand Totals
     24992       1672        784        272      19904     629121   ELF Image Totals
     24992       1672        784        272          0          0   ROM Totals

==============================================================================

    Total RO  Size (Code + RO Data)                25776 (  25.17kB)
    Total RW  Size (RW Data + ZI Data)             20176 (  19.70kB)
    Total ROM Size (Code + RO Data + RW Data)      26048 (  25.44kB)

==============================================================================

