<html>
<body>
<pre>
<h1>µVision Build Log</h1>
<h2>Tool Versions:</h2>
IDE-Version: ¦ÌVision V5.26.2.0
Copyright (C) 2018 ARM Ltd and ARM Germany GmbH. All rights reserved.
License Information: a a, a, LIC=RC9MM-XCDTZ-IGS7N-YIFKY-26WJD-KBQKB
 
Tool Versions:
Toolchain:       MDK-ARM Plus  Version: 5.26.2.0
Toolchain Path:  D:\Keil\ARM\ARMCC\Bin
C Compiler:      Armcc.exe V5.06 update 6 (build 750)
Assembler:       Armasm.exe V5.06 update 6 (build 750)
Linker/Locator:  ArmLink.exe V5.06 update 6 (build 750)
Library Manager: ArmAr.exe V5.06 update 6 (build 750)
Hex Converter:   FromElf.exe V5.06 update 6 (build 750)
CPU DLL:         SARMCM3.DLL V5.26.2.0
Dialog DLL:      DCM.DLL V1.17.2.0
Target DLL:      Segger\JL2CM3.dll V2.99.31.0
Dialog DLL:      TCM.DLL V1.36.1.0
 
<h2>Project:</h2>
F:\Work\hero\4.1_show\MDK-ARM\2018.07.12-infantry.uvprojx
Project File Date:  03/23/2019

<h2>Output:</h2>
*** Using Compiler 'V5.06 update 6 (build 750)', folder: 'D:\Keil\ARM\ARMCC\Bin'
Build target '2018.07.12-infantry'
compiling test_task.c...
APP_task\test_task.h(26): warning:  #1-D: last line of file ends without a newline
  /************************ (C) COPYRIGHT STMicroelectronics *****END OF FILE****/
APP_task\test_task.c(44): warning:  #177-D: variable "count"  was declared but never referenced
  		static uint8_t count = 0;
APP_task\test_task.c(77): warning:  #177-D: variable "p1"  was declared but never referenced
        int16_t  *p1  = &speed_set;
APP_task\test_task.c(29): warning:  #177-D: variable "micro_timenow"  was declared but never referenced
  	static double micro_timenow = 0;
APP_task\test_task.c(30): warning:  #177-D: variable "micro_timelast"  was declared but never referenced
  	static double micro_timelast = 0;
APP_task\test_task.c(31): warning:  #177-D: variable "micro_time"  was declared but never referenced
  	static double micro_time = 0;
APP_task\test_task.c(33): warning:  #177-D: variable "angle_yaw"  was declared but never referenced
    int16_t angle_yaw = 0;
APP_task\test_task.c(38): warning:  #177-D: variable "speed"  was declared but never referenced
    float speed[30];
APP_task\test_task.c(90): warning:  #1-D: last line of file ends without a newline
  /************************ (C) COPYRIGHT STMicroelectronics *****END OF FILE****/
APP_task\test_task.c: 9 warnings, 0 errors
linking...
Program Size: Code=29752 RO-data=692 RW-data=344 ZI-data=21392  
"2018.07.12-infantry\2018.07.12-infantry" - 0 Error(s), 9 Warning(s).

<h2>Software Packages used:</h2>

Package Vendor: ARM
                http://www.keil.com/pack/ARM.CMSIS.5.4.0.pack
                ARM.CMSIS.5.4.0
                CMSIS (Cortex Microcontroller Software Interface Standard)
   * Component: CORE Version: 5.1.2

Package Vendor: Keil
                http://www.keil.com/pack/Keil.STM32F4xx_DFP.2.9.0.pack
                Keil.STM32F4xx_DFP.2.9.0
                STMicroelectronics STM32F4 Series Device Support, Drivers and Examples

<h2>Collection of Component include folders:</h2>
  .\RTE\_2018.07.12-infantry
  D:\Keil\ARM\PACK\ARM\CMSIS\5.4.0\CMSIS\Core\Include
  D:\Keil\ARM\PACK\Keil\STM32F4xx_DFP\2.9.0\Drivers\CMSIS\Device\ST\STM32F4xx\Include

<h2>Collection of Component Files used:</h2>

   * Component: ARM::CMSIS:CORE:5.1.2
Build Time Elapsed:  00:00:05
</pre>
</body>
</html>
