Component: ARM Compiler 5.06 update 6 (build 750) Tool: armlink [4d35ed]

==============================================================================

Section Cross References

    main.o(i.SystemClock_Config) refers to stm32f4xx_hal_rcc.o(i.HAL_RCC_OscConfig) for HAL_RCC_OscConfig
    main.o(i.SystemClock_Config) refers to stm32f4xx_hal_rcc.o(i.HAL_RCC_ClockConfig) for HAL_RCC_ClockConfig
    main.o(i.SystemClock_Config) refers to stm32f4xx_hal_rcc.o(i.HAL_RCC_GetHCLKFreq) for HAL_RCC_GetHCLKFreq
    main.o(i.SystemClock_Config) refers to stm32f4xx_hal_cortex.o(i.HAL_SYSTICK_Config) for HAL_SYSTICK_Config
    main.o(i.SystemClock_Config) refers to stm32f4xx_hal_cortex.o(i.HAL_SYSTICK_CLKSourceConfig) for HAL_SYSTICK_CLKSourceConfig
    main.o(i.SystemClock_Config) refers to stm32f4xx_hal_cortex.o(i.HAL_NVIC_SetPriority) for HAL_NVIC_SetPriority
    main.o(i.main) refers to stm32f4xx_hal.o(i.HAL_Init) for HAL_Init
    main.o(i.main) refers to main.o(i.SystemClock_Config) for SystemClock_Config
    main.o(i.main) refers to port.o(i.vPortEnterCritical) for vPortEnterCritical
    main.o(i.main) refers to bsp.o(i.BSP_Init) for BSP_Init
    main.o(i.main) refers to freertos.o(i.MX_FREERTOS_Init) for MX_FREERTOS_Init
    main.o(i.main) refers to port.o(i.vPortExitCritical) for vPortExitCritical
    main.o(i.main) refers to cmsis_os.o(i.osKernelStart) for osKernelStart
    freertos.o(i.MX_FREERTOS_Init) refers to memcpya.o(.text) for __aeabi_memcpy4
    freertos.o(i.MX_FREERTOS_Init) refers to cmsis_os.o(i.osThreadCreate) for osThreadCreate
    freertos.o(i.MX_FREERTOS_Init) refers to freertos.o(.constdata) for .constdata
    freertos.o(i.MX_FREERTOS_Init) refers to freertos.o(.data) for .data
    freertos.o(i.StartDefaultTask) refers to cmsis_os.o(i.osDelay) for osDelay
    freertos.o(.constdata) refers to freertos.o(.conststring) for .conststring
    freertos.o(.constdata) refers to freertos.o(i.StartDefaultTask) for StartDefaultTask
    freertos.o(.constdata) refers to test_task.o(i.testTask) for testTask
    freertos.o(.constdata) refers to remote_task.o(i.Remote_Data_Task) for Remote_Data_Task
    freertos.o(.constdata) refers to gimbal_task.o(i.Gimbal_Contrl_Task) for Gimbal_Contrl_Task
    freertos.o(.constdata) refers to gun_task.o(i.Gun_Task) for Gun_Task
    stm32f4xx_it.o(i.CAN1_RX0_IRQHandler) refers to stm32f4xx_hal_can.o(i.HAL_CAN_IRQHandler) for HAL_CAN_IRQHandler
    stm32f4xx_it.o(i.CAN1_RX0_IRQHandler) refers to can.o(.bss) for hcan1
    stm32f4xx_it.o(i.CAN2_RX0_IRQHandler) refers to stm32f4xx_hal_can.o(i.HAL_CAN_IRQHandler) for HAL_CAN_IRQHandler
    stm32f4xx_it.o(i.CAN2_RX0_IRQHandler) refers to can.o(.bss) for hcan2
    stm32f4xx_it.o(i.DMA1_Stream2_IRQHandler) refers to stm32f4xx_hal_dma.o(i.HAL_DMA_IRQHandler) for HAL_DMA_IRQHandler
    stm32f4xx_it.o(i.DMA1_Stream2_IRQHandler) refers to usart.o(.bss) for hdma_uart4_rx
    stm32f4xx_it.o(i.DMA1_Stream5_IRQHandler) refers to stm32f4xx_hal_dma.o(i.HAL_DMA_IRQHandler) for HAL_DMA_IRQHandler
    stm32f4xx_it.o(i.DMA1_Stream5_IRQHandler) refers to usart.o(.bss) for hdma_usart2_rx
    stm32f4xx_it.o(i.DMA1_Stream6_IRQHandler) refers to stm32f4xx_hal_dma.o(i.HAL_DMA_IRQHandler) for HAL_DMA_IRQHandler
    stm32f4xx_it.o(i.DMA1_Stream6_IRQHandler) refers to usart.o(.bss) for hdma_uart8_rx
    stm32f4xx_it.o(i.DMA2_Stream1_IRQHandler) refers to stm32f4xx_hal_dma.o(i.HAL_DMA_IRQHandler) for HAL_DMA_IRQHandler
    stm32f4xx_it.o(i.DMA2_Stream1_IRQHandler) refers to usart.o(.bss) for hdma_usart6_rx
    stm32f4xx_it.o(i.DMA2_Stream2_IRQHandler) refers to stm32f4xx_hal_dma.o(i.HAL_DMA_IRQHandler) for HAL_DMA_IRQHandler
    stm32f4xx_it.o(i.DMA2_Stream2_IRQHandler) refers to usart.o(.bss) for hdma_usart1_rx
    stm32f4xx_it.o(i.DMA2_Stream4_IRQHandler) refers to stm32f4xx_hal_dma.o(i.HAL_DMA_IRQHandler) for HAL_DMA_IRQHandler
    stm32f4xx_it.o(i.DMA2_Stream4_IRQHandler) refers to adc.o(.bss) for hdma_adc1
    stm32f4xx_it.o(i.EXTI2_IRQHandler) refers to stm32f4xx_hal_gpio.o(i.HAL_GPIO_EXTI_IRQHandler) for HAL_GPIO_EXTI_IRQHandler
    stm32f4xx_it.o(i.EXTI9_5_IRQHandler) refers to stm32f4xx_hal_gpio.o(i.HAL_GPIO_EXTI_IRQHandler) for HAL_GPIO_EXTI_IRQHandler
    stm32f4xx_it.o(i.HAL_CAN_RxCpltCallback) refers to systemstate.o(i.RefreshDeviceOutLineTime) for RefreshDeviceOutLineTime
    stm32f4xx_it.o(i.HAL_CAN_RxCpltCallback) refers to motor_use_can.o(i.get_moto_offset) for get_moto_offset
    stm32f4xx_it.o(i.HAL_CAN_RxCpltCallback) refers to motor_use_can.o(i.get_moto_measure_6623) for get_moto_measure_6623
    stm32f4xx_it.o(i.HAL_CAN_RxCpltCallback) refers to stm32f4xx_hal_can.o(i.HAL_CAN_Receive_IT) for HAL_CAN_Receive_IT
    stm32f4xx_it.o(i.HAL_CAN_RxCpltCallback) refers to motor_use_can.o(i.get_moto_measure_3508) for get_moto_measure_3508
    stm32f4xx_it.o(i.HAL_CAN_RxCpltCallback) refers to can.o(.bss) for hcan1
[...]
    xNumOfOverflows                          0x200000c4   Data           4  tasks.o(.data)
    uxTaskNumber                             0x200000c8   Data           4  tasks.o(.data)
    xNextTaskUnblockTime                     0x200000cc   Data           4  tasks.o(.data)
    uxSchedulerSuspended                     0x200000d0   Data           4  tasks.o(.data)
    ulTaskSwitchedInTime                     0x200000d4   Data           4  tasks.o(.data)
    ulTotalRunTime                           0x200000d8   Data           4  tasks.o(.data)
    pxDelayedTaskList                        0x200000dc   Data           4  tasks.o(.data)
    pxOverflowDelayedTaskList                0x200000e0   Data           4  tasks.o(.data)
    .data                                    0x200000e4   Section       24  heap_4.o(.data)
    pxEnd                                    0x200000e4   Data           4  heap_4.o(.data)
    xFreeBytesRemaining                      0x200000e8   Data           4  heap_4.o(.data)
    xMinimumEverFreeBytesRemaining           0x200000ec   Data           4  heap_4.o(.data)
    xBlockAllocatedBit                       0x200000f0   Data           4  heap_4.o(.data)
    xStart                                   0x200000f4   Data           8  heap_4.o(.data)
    .data                                    0x200000fc   Section       12  port.o(.data)
    ucMaxSysCallPriority                     0x200000fc   Data           1  port.o(.data)
    uxCriticalNesting                        0x20000100   Data           4  port.o(.data)
    ulMaxPRIGROUPValue                       0x20000104   Data           4  port.o(.data)
    .data                                    0x20000108   Section        4  system_stm32f4xx.o(.data)
    .data                                    0x2000010c   Section        4  stm32f4xx_hal.o(.data)
    .data                                    0x20000110   Section        4  stdout.o(.data)
    .bss                                     0x20000114   Section      536  gun_task.o(.bss)
    .bss                                     0x2000032c   Section      816  gimbal_task.o(.bss)
    .bss                                     0x2000065c   Section       88  spi.o(.bss)
    .bss                                     0x200006b4   Section      168  adc.o(.bss)
    .bss                                     0x2000075c   Section      240  tim.o(.bss)
    .bss                                     0x2000084c   Section      256  can.o(.bss)
    Tx1Message                               0x2000084c   Data          28  can.o(.bss)
    Rx1Message                               0x20000868   Data          36  can.o(.bss)
    Tx2Message                               0x2000088c   Data          28  can.o(.bss)
    Rx2Message                               0x200008a8   Data          36  can.o(.bss)
    .bss                                     0x2000094c   Section      864  usart.o(.bss)
    .bss                                     0x20000cac   Section      408  motor_use_can.o(.bss)
    Cloud_Platform_Data                      0x20000d9c   Data          28  motor_use_can.o(.bss)
    Chassis_Motor_Data                       0x20000db8   Data          28  motor_use_can.o(.bss)
    Shot_Motor_Data                          0x20000dd4   Data          28  motor_use_can.o(.bss)
    CAN_Data_YK                              0x20000df0   Data          28  motor_use_can.o(.bss)
    CANSend_YT                               0x20000e0c   Data          28  motor_use_can.o(.bss)
    CANSend_Error                            0x20000e28   Data          28  motor_use_can.o(.bss)
    .bss                                     0x20000e44   Section       60  motor_use_can.o(.bss)
    .bss                                     0x20000e80   Section      120  motor_use_can.o(.bss)
    .bss                                     0x20000ef8   Section       60  motor_use_can.o(.bss)
    .bss                                     0x20000f34   Section       60  motor_use_can.o(.bss)
    .bss                                     0x20000f70   Section      136  power_restriction.o(.bss)
    .bss                                     0x20000ff8   Section       96  systemstate.o(.bss)
    .bss                                     0x20001058   Section      348  communication.o(.bss)
    raw_gz                                   0x20001128   Data          24  communication.o(.bss)
    raw_gy                                   0x20001140   Data          24  communication.o(.bss)
    .bss                                     0x200011b4   Section       33  communication.o(.bss)
    .bss                                     0x200011d6   Section       21  minipc.o(.bss)
    .bss                                     0x200011ec   Section      240  tasks.o(.bss)
    pxReadyTasksLists                        0x200011ec   Data         140  tasks.o(.bss)
    xDelayedTaskList1                        0x20001278   Data          20  tasks.o(.bss)
    xDelayedTaskList2                        0x2000128c   Data          20  tasks.o(.bss)
    xPendingReadyList                        0x200012a0   Data          20  tasks.o(.bss)
    xTasksWaitingTermination                 0x200012b4   Data          20  tasks.o(.bss)
    xSuspendedTaskList                       0x200012c8   Data          20  tasks.o(.bss)
    .bss                                     0x200012dc   Section    15360  heap_4.o(.bss)
    ucHeap                                   0x200012dc   Data       15360  heap_4.o(.bss)
    .bss                                     0x20004edc   Section       60  stm32f4xx_hal.o(.bss)
    STACK                                    0x20004f18   Section     1024  startup_stm32f427xx.o(STACK)

    Global Symbols

    Symbol Name                              Value     Ov Type        Size  Object(Section)

    BuildAttributes$$THM_ISAv4$E$P$D$K$B$S$7EM$VFPi3$EXTD16$VFPS$VFMA$PE$A:L22UL41UL21$X:L11$S22US41US21$IEEE1$IW$USESV6$~STKCKD$USESV7$~SHL$OTIME$ROPI$EBA8$MICROLIB$REQ8$PRES8$EABIv2 0x00000000   Number         0  anon$$obj.o ABSOLUTE
    __ARM_use_no_argv                        0x00000000   Number         0  main.o ABSOLUTE
    _printf_a                                0x00000000   Number         0  stubs.o ABSOLUTE
    _printf_c                                0x00000000   Number         0  stubs.o ABSOLUTE
    _printf_charcount                        0x00000000   Number         0  stubs.o ABSOLUTE
    _printf_d                                0x00000000   Number         0  stubs.o ABSOLUTE
    _printf_e                                0x00000000   Number         0  stubs.o ABSOLUTE
    _printf_f                                0x00000000   Number         0  stubs.o ABSOLUTE
    _printf_flags                            0x00000000   Number         0  stubs.o ABSOLUTE
    _printf_fp_dec                           0x00000000   Number         0  stubs.o ABSOLUTE
    _printf_fp_hex                           0x00000000   Number         0  stubs.o ABSOLUTE
    _printf_g                                0x00000000   Number         0  stubs.o ABSOLUTE
    _printf_i                                0x00000000   Number         0  stubs.o ABSOLUTE
    _printf_int_dec                          0x00000000   Number         0  stubs.o ABSOLUTE
    _printf_l                                0x00000000   Number         0  stubs.o ABSOLUTE
    _printf_lc                               0x00000000   Number         0  stubs.o ABSOLUTE
    _printf_ll                               0x00000000   Number         0  stubs.o ABSOLUTE
    _printf_lld                              0x00000000   Number         0  stubs.o ABSOLUTE
    _printf_lli                              0x00000000   Number         0  stubs.o ABSOLUTE
    _printf_llo                              0x00000000   Number         0  stubs.o ABSOLUTE
    _printf_llu                              0x00000000   Number         0  stubs.o ABSOLUTE
    _printf_llx                              0x00000000   Number         0  stubs.o ABSOLUTE
    _printf_longlong_dec                     0x00000000   Number         0  stubs.o ABSOLUTE
    _printf_longlong_hex                     0x00000000   Number         0  stubs.o ABSOLUTE
    _printf_longlong_oct                     0x00000000   Number         0  stubs.o ABSOLUTE
    _printf_ls                               0x00000000   Number         0  stubs.o ABSOLUTE
    _printf_mbtowc                           0x00000000   Number         0  stubs.o ABSOLUTE
    _printf_n                                0x00000000   Number         0  stubs.o ABSOLUTE
    _printf_o                                0x00000000   Number         0  stubs.o ABSOLUTE
    _printf_p                                0x00000000   Number         0  stubs.o ABSOLUTE
    _printf_percent                          0x00000000   Number         0  stubs.o ABSOLUTE
    _printf_pre_padding                      0x00000000   Number         0  stubs.o ABSOLUTE
    _printf_return_value                     0x00000000   Number         0  stubs.o ABSOLUTE
    _printf_s                                0x00000000   Number         0  stubs.o ABSOLUTE
    _printf_sizespec                         0x00000000   Number         0  stubs.o ABSOLUTE
    _printf_str                              0x00000000   Number         0  stubs.o ABSOLUTE
    _printf_truncate_signed                  0x00000000   Number         0  stubs.o ABSOLUTE
    _printf_truncate_unsigned                0x00000000   Number         0  stubs.o ABSOLUTE
    _printf_u                                0x00000000   Number         0  stubs.o ABSOLUTE
    _printf_wc                               0x00000000   Number         0  stubs.o ABSOLUTE
    _printf_wctomb                           0x00000000   Number         0  stubs.o ABSOLUTE
    _printf_widthprec                        0x00000000   Number         0  stubs.o ABSOLUTE
    _printf_x                                0x00000000   Number         0  stubs.o ABSOLUTE
    __cpp_initialize__aeabi_                  - Undefined Weak Reference
    __cxa_finalize                            - Undefined Weak Reference
    __decompress                              - Undefined Weak Reference
    _clock_init                               - Undefined Weak Reference
    _microlib_exit                            - Undefined Weak Reference
    __Vectors_Size                           0x000001ac   Number         0  startup_stm32f427xx.o ABSOLUTE
    __Vectors                                0x08000000   Data           4  startup_stm32f427xx.o(RESET)
    __Vectors_End                            0x080001ac   Data           0  startup_stm32f427xx.o(RESET)
    __main                                   0x080001ad   Thumb Code     0  entry.o(.ARM.Collect$$$$00000000)
    _main_stk                                0x080001ad   Thumb Code     0  entry2.o(.ARM.Collect$$$$00000001)
    _main_scatterload                        0x080001b1   Thumb Code     0  entry5.o(.ARM.Collect$$$$00000004)
    __main_after_scatterload                 0x080001b5   Thumb Code     0  entry5.o(.ARM.Collect$$$$00000004)
    _main_clock                              0x080001b5   Thumb Code     0  entry7b.o(.ARM.Collect$$$$00000008)
    _main_cpp_init                           0x080001b5   Thumb Code     0  entry8b.o(.ARM.Collect$$$$0000000A)
    _main_init                               0x080001b5   Thumb Code     0  entry9a.o(.ARM.Collect$$$$0000000B)
    __rt_final_cpp                           0x080001bd   Thumb Code     0  entry10a.o(.ARM.Collect$$$$0000000D)
    __rt_final_exit                          0x080001bd   Thumb Code     0  entry11a.o(.ARM.Collect$$$$0000000F)
    SVC_Handler                              0x080001c1   Thumb Code    28  port.o(.emb_text)
    __asm___6_port_c_39a90d8d__prvStartFirstTask 0x080001e1   Thumb Code    28  port.o(.emb_text)
    __asm___6_port_c_39a90d8d__prvEnableVFP  0x08000201   Thumb Code    16  port.o(.emb_text)
    PendSV_Handler                           0x08000215   Thumb Code    92  port.o(.emb_text)
    vPortGetIPSR                             0x08000275   Thumb Code     6  port.o(.emb_text)
    Reset_Handler                            0x0800027d   Thumb Code     8  startup_stm32f427xx.o(.text)
    ADC_IRQHandler                           0x08000297   Thumb Code     0  startup_stm32f427xx.o(.text)
    CAN1_RX1_IRQHandler                      0x08000297   Thumb Code     0  startup_stm32f427xx.o(.text)
    CAN1_SCE_IRQHandler                      0x08000297   Thumb Code     0  startup_stm32f427xx.o(.text)
    CAN1_TX_IRQHandler                       0x08000297   Thumb Code     0  startup_stm32f427xx.o(.text)
    CAN2_RX1_IRQHandler                      0x08000297   Thumb Code     0  startup_stm32f427xx.o(.text)
    CAN2_SCE_IRQHandler                      0x08000297   Thumb Code     0  startup_stm32f427xx.o(.text)
    CAN2_TX_IRQHandler                       0x08000297   Thumb Code     0  startup_stm32f427xx.o(.text)
    DCMI_IRQHandler                          0x08000297   Thumb Code     0  startup_stm32f427xx.o(.text)
    DMA1_Stream0_IRQHandler                  0x08000297   Thumb Code     0  startup_stm32f427xx.o(.text)
    DMA1_Stream1_IRQHandler                  0x08000297   Thumb Code     0  startup_stm32f427xx.o(.text)
    DMA1_Stream3_IRQHandler                  0x08000297   Thumb Code     0  startup_stm32f427xx.o(.text)
    DMA1_Stream4_IRQHandler                  0x08000297   Thumb Code     0  startup_stm32f427xx.o(.text)
    DMA1_Stream7_IRQHandler                  0x08000297   Thumb Code     0  startup_stm32f427xx.o(.text)
    DMA2D_IRQHandler                         0x08000297   Thumb Code     0  startup_stm32f427xx.o(.text)
    DMA2_Stream0_IRQHandler                  0x08000297   Thumb Code     0  startup_stm32f427xx.o(.text)
    DMA2_Stream3_IRQHandler                  0x08000297   Thumb Code     0  startup_stm32f427xx.o(.text)
    DMA2_Stream5_IRQHandler                  0x08000297   Thumb Code     0  startup_stm32f427xx.o(.text)
    DMA2_Stream6_IRQHandler                  0x08000297   Thumb Code     0  startup_stm32f427xx.o(.text)
    DMA2_Stream7_IRQHandler                  0x08000297   Thumb Code     0  startup_stm32f427xx.o(.text)
    ETH_IRQHandler                           0x08000297   Thumb Code     0  startup_stm32f427xx.o(.text)
    ETH_WKUP_IRQHandler                      0x08000297   Thumb Code     0  startup_stm32f427xx.o(.text)
    EXTI0_IRQHandler                         0x08000297   Thumb Code     0  startup_stm32f427xx.o(.text)
    EXTI15_10_IRQHandler                     0x08000297   Thumb Code     0  startup_stm32f427xx.o(.text)
    EXTI1_IRQHandler                         0x08000297   Thumb Code     0  startup_stm32f427xx.o(.text)
    EXTI3_IRQHandler                         0x08000297   Thumb Code     0  startup_stm32f427xx.o(.text)
    EXTI4_IRQHandler                         0x08000297   Thumb Code     0  startup_stm32f427xx.o(.text)
    FLASH_IRQHandler                         0x08000297   Thumb Code     0  startup_stm32f427xx.o(.text)
    FMC_IRQHandler                           0x08000297   Thumb Code     0  startup_stm32f427xx.o(.text)
    FPU_IRQHandler                           0x08000297   Thumb Code     0  startup_stm32f427xx.o(.text)
    HASH_RNG_IRQHandler                      0x08000297   Thumb Code     0  startup_stm32f427xx.o(.text)
    I2C1_ER_IRQHandler                       0x08000297   Thumb Code     0  startup_stm32f427xx.o(.text)
    I2C1_EV_IRQHandler                       0x08000297   Thumb Code     0  startup_stm32f427xx.o(.text)
    I2C2_ER_IRQHandler                       0x08000297   Thumb Code     0  startup_stm32f427xx.o(.text)
    I2C2_EV_IRQHandler                       0x08000297   Thumb Code     0  startup_stm32f427xx.o(.text)
    I2C3_ER_IRQHandler                       0x08000297   Thumb Code     0  startup_stm32f427xx.o(.text)
    I2C3_EV_IRQHandler                       0x08000297   Thumb Code     0  startup_stm32f427xx.o(.text)
    OTG_FS_IRQHandler                        0x08000297   Thumb Code     0  startup_stm32f427xx.o(.text)
    OTG_FS_WKUP_IRQHandler                   0x08000297   Thumb Code     0  startup_stm32f427xx.o(.text)
    OTG_HS_EP1_IN_IRQHandler                 0x08000297   Thumb Code     0  startup_stm32f427xx.o(.text)
    OTG_HS_EP1_OUT_IRQHandler                0x08000297   Thumb Code     0  startup_stm32f427xx.o(.text)
    OTG_HS_IRQHandler                        0x08000297   Thumb Code     0  startup_stm32f427xx.o(.text)
    OTG_HS_WKUP_IRQHandler                   0x08000297   Thumb Code     0  startup_stm32f427xx.o(.text)
    PVD_IRQHandler                           0x08000297   Thumb Code     0  startup_stm32f427xx.o(.text)
    RCC_IRQHandler                           0x08000297   Thumb Code     0  startup_stm32f427xx.o(.text)
    RTC_Alarm_IRQHandler                     0x08000297   Thumb Code     0  startup_stm32f427xx.o(.text)
    RTC_WKUP_IRQHandler                      0x08000297   Thumb Code     0  startup_stm32f427xx.o(.text)
    SAI1_IRQHandler                          0x08000297   Thumb Code     0  startup_stm32f427xx.o(.text)
    SDIO_IRQHandler                          0x08000297   Thumb Code     0  startup_stm32f427xx.o(.text)
    SPI1_IRQHandler                          0x08000297   Thumb Code     0  startup_stm32f427xx.o(.text)
    SPI2_IRQHandler                          0x08000297   Thumb Code     0  startup_stm32f427xx.o(.text)
    SPI3_IRQHandler                          0x08000297   Thumb Code     0  startup_stm32f427xx.o(.text)
    SPI4_IRQHandler                          0x08000297   Thumb Code     0  startup_stm32f427xx.o(.text)
    SPI5_IRQHandler                          0x08000297   Thumb Code     0  startup_stm32f427xx.o(.text)
    SPI6_IRQHandler                          0x08000297   Thumb Code     0  startup_stm32f427xx.o(.text)
    TAMP_STAMP_IRQHandler                    0x08000297   Thumb Code     0  startup_stm32f427xx.o(.text)
    TIM1_BRK_TIM9_IRQHandler                 0x08000297   Thumb Code     0  startup_stm32f427xx.o(.text)
    TIM1_CC_IRQHandler                       0x08000297   Thumb Code     0  startup_stm32f427xx.o(.text)
    TIM1_TRG_COM_TIM11_IRQHandler            0x08000297   Thumb Code     0  startup_stm32f427xx.o(.text)
    TIM2_IRQHandler                          0x08000297   Thumb Code     0  startup_stm32f427xx.o(.text)
    TIM4_IRQHandler                          0x08000297   Thumb Code     0  startup_stm32f427xx.o(.text)
    TIM5_IRQHandler                          0x08000297   Thumb Code     0  startup_stm32f427xx.o(.text)
    TIM7_IRQHandler                          0x08000297   Thumb Code     0  startup_stm32f427xx.o(.text)
    TIM8_CC_IRQHandler                       0x08000297   Thumb Code     0  startup_stm32f427xx.o(.text)
    TIM8_TRG_COM_TIM14_IRQHandler            0x08000297   Thumb Code     0  startup_stm32f427xx.o(.text)
    TIM8_UP_TIM13_IRQHandler                 0x08000297   Thumb Code     0  startup_stm32f427xx.o(.text)
    UART5_IRQHandler                         0x08000297   Thumb Code     0  startup_stm32f427xx.o(.text)
    UART7_IRQHandler                         0x08000297   Thumb Code     0  startup_stm32f427xx.o(.text)
    WWDG_IRQHandler                          0x08000297   Thumb Code     0  startup_stm32f427xx.o(.text)
    __aeabi_memcpy                           0x080002a1   Thumb Code    36  memcpya.o(.text)
    __aeabi_memcpy4                          0x080002a1   Thumb Code     0  memcpya.o(.text)
    __aeabi_memcpy8                          0x080002a1   Thumb Code     0  memcpya.o(.text)
    __aeabi_memset                           0x080002c5   Thumb Code    14  memseta.o(.text)
    __aeabi_memset4                          0x080002c5   Thumb Code     0  memseta.o(.text)
    __aeabi_memset8                          0x080002c5   Thumb Code     0  memseta.o(.text)
    __aeabi_memclr                           0x080002d3   Thumb Code     4  memseta.o(.text)
    __aeabi_memclr4                          0x080002d3   Thumb Code     0  memseta.o(.text)
    __aeabi_memclr8                          0x080002d3   Thumb Code     0  memseta.o(.text)
    _memset$wrapper                          0x080002d7   Thumb Code    18  memseta.o(.text)
    __aeabi_dadd                             0x080002e9   Thumb Code   322  dadd.o(.text)
    __aeabi_dsub                             0x0800042b   Thumb Code     6  dadd.o(.text)
    __aeabi_drsub                            0x08000431   Thumb Code     6  dadd.o(.text)
    __aeabi_ddiv                             0x08000437   Thumb Code   222  ddiv.o(.text)
    __aeabi_i2d                              0x08000515   Thumb Code    34  dflti.o(.text)
    __aeabi_ui2d                             0x08000537   Thumb Code    26  dfltui.o(.text)
    __aeabi_f2d                              0x08000551   Thumb Code    38  f2d.o(.text)
    __aeabi_d2f                              0x08000577   Thumb Code    56  d2f.o(.text)
    __aeabi_uidiv                            0x080005af   Thumb Code     0  uidiv.o(.text)
    __aeabi_uidivmod                         0x080005af   Thumb Code    44  uidiv.o(.text)
    __aeabi_uldivmod                         0x080005db   Thumb Code    98  uldiv.o(.text)
    __aeabi_llsl                             0x0800063d   Thumb Code    30  llshl.o(.text)
    _ll_shift_l                              0x0800063d   Thumb Code     0  llshl.o(.text)
    __aeabi_lasr                             0x0800065b   Thumb Code    36  llsshr.o(.text)
    _ll_sshift_r                             0x0800065b   Thumb Code     0  llsshr.o(.text)
    __I$use$fp                               0x0800067f   Thumb Code     0  iusefp.o(.text)
    _float_round                             0x0800067f   Thumb Code    18  fepilogue.o(.text)
    _float_epilogue                          0x08000691   Thumb Code    92  fepilogue.o(.text)
    _double_round                            0x080006ed   Thumb Code    30  depilogue.o(.text)
    _double_epilogue                         0x0800070b   Thumb Code   156  depilogue.o(.text)
    __aeabi_dmul                             0x080007a7   Thumb Code   228  dmul.o(.text)
    __aeabi_d2ulz                            0x0800088b   Thumb Code    48  dfixul.o(.text)
    __aeabi_cdrcmple                         0x080008bd   Thumb Code    48  cdrcmple.o(.text)
    __scatterload                            0x080008ed   Thumb Code    28  init.o(.text)
    __scatterload_rt2                        0x080008ed   Thumb Code     0  init.o(.text)
    __aeabi_llsr                             0x08000911   Thumb Code    32  llushr.o(.text)
    _ll_ushift_r                             0x08000911   Thumb Code     0  llushr.o(.text)
    BSP_Init                                 0x08000ae9   Thumb Code   230  bsp.o(i.BSP_Init)
    BusFault_Handler                         0x08000c05   Thumb Code     2  stm32f4xx_it.o(i.BusFault_Handler)
    CAN1_RX0_IRQHandler                      0x08000c09   Thumb Code     6  stm32f4xx_it.o(i.CAN1_RX0_IRQHandler)
    CAN2_RX0_IRQHandler                      0x08000c15   Thumb Code     6  stm32f4xx_it.o(i.CAN2_RX0_IRQHandler)
    CAN_Send_YK                              0x08000d4d   Thumb Code    56  motor_use_can.o(i.CAN_Send_YK)
    CanFilter_Init                           0x08000d89   Thumb Code    74  can.o(i.CanFilter_Init)
    ChassisModeProcess                       0x08000dd9   Thumb Code   196  remote_task.o(i.ChassisModeProcess)
    Cloud_Platform_Motor                     0x08000ebd   Thumb Code    50  motor_use_can.o(i.Cloud_Platform_Motor)
    Cloud_Platform_Motor_Disable             0x08000ef5   Thumb Code    42  motor_use_can.o(i.Cloud_Platform_Motor_Disable)
    ConfigureTimerForRunTimeStats            0x08000f25   Thumb Code    12  bsp.o(i.ConfigureTimerForRunTimeStats)
    DMA1_Stream2_IRQHandler                  0x08000f35   Thumb Code     6  stm32f4xx_it.o(i.DMA1_Stream2_IRQHandler)
    DMA1_Stream5_IRQHandler                  0x08000f41   Thumb Code     6  stm32f4xx_it.o(i.DMA1_Stream5_IRQHandler)
    DMA1_Stream6_IRQHandler                  0x08000f4d   Thumb Code     6  stm32f4xx_it.o(i.DMA1_Stream6_IRQHandler)
    DMA2_Stream1_IRQHandler                  0x08000f59   Thumb Code     6  stm32f4xx_it.o(i.DMA2_Stream1_IRQHandler)
    DMA2_Stream2_IRQHandler                  0x08000f65   Thumb Code     6  stm32f4xx_it.o(i.DMA2_Stream2_IRQHandler)
    DMA2_Stream4_IRQHandler                  0x08000f71   Thumb Code     6  stm32f4xx_it.o(i.DMA2_Stream4_IRQHandler)
    DebugMon_Handler                         0x08001021   Thumb Code     2  stm32f4xx_it.o(i.DebugMon_Handler)
    EXTI2_IRQHandler                         0x08001023   Thumb Code     6  stm32f4xx_it.o(i.EXTI2_IRQHandler)
    EXTI9_5_IRQHandler                       0x08001029   Thumb Code     6  stm32f4xx_it.o(i.EXTI9_5_IRQHandler)
    Error_Handler                            0x0800102f   Thumb Code     2  main.o(i.Error_Handler)
    GetSystemTimer                           0x08001031   Thumb Code    62  systemstate.o(i.GetSystemTimer)
    Gimbal_Contrl_Task                       0x0800107d   Thumb Code   782  gimbal_task.o(i.Gimbal_Contrl_Task)
    Gun_Pid_Init                             0x080013c5   Thumb Code   122  gun_task.o(i.Gun_Pid_Init)
    Gun_Task                                 0x08001459   Thumb Code   366  gun_task.o(i.Gun_Task)
    HAL_ADC_ConfigChannel                    0x080015ed   Thumb Code   324  stm32f4xx_hal_adc.o(i.HAL_ADC_ConfigChannel)
    HAL_ADC_ConvCpltCallback                 0x08001741   Thumb Code     2  stm32f4xx_hal_adc.o(i.HAL_ADC_ConvCpltCallback)
    HAL_ADC_ConvHalfCpltCallback             0x08001743   Thumb Code     2  stm32f4xx_hal_adc.o(i.HAL_ADC_ConvHalfCpltCallback)
    HAL_ADC_ErrorCallback                    0x08001745   Thumb Code     2  stm32f4xx_hal_adc.o(i.HAL_ADC_ErrorCallback)
    HAL_ADC_Init                             0x08001747   Thumb Code    84  stm32f4xx_hal_adc.o(i.HAL_ADC_Init)
    HAL_ADC_MspInit                          0x0800179d   Thumb Code   104  adc.o(i.HAL_ADC_MspInit)
    HAL_ADC_Start_DMA                        0x08001819   Thumb Code   228  stm32f4xx_hal_adc.o(i.HAL_ADC_Start_DMA)
    HAL_CAN_ConfigFilter                     0x08001915   Thumb Code   218  stm32f4xx_hal_can.o(i.HAL_CAN_ConfigFilter)
    HAL_CAN_IRQHandler                       0x080019f9   Thumb Code    64  stm32f4xx_hal_can.o(i.HAL_CAN_IRQHandler)
    HAL_CAN_Init                             0x08001a39   Thumb Code   328  stm32f4xx_hal_can.o(i.HAL_CAN_Init)
    HAL_CAN_MspInit                          0x08001b81   Thumb Code   168  can.o(i.HAL_CAN_MspInit)
    HAL_CAN_Receive_IT                       0x08001c41   Thumb Code   134  stm32f4xx_hal_can.o(i.HAL_CAN_Receive_IT)
    HAL_CAN_RxCpltCallback                   0x08001cc9   Thumb Code   268  stm32f4xx_it.o(i.HAL_CAN_RxCpltCallback)
    HAL_CAN_Transmit                         0x08001ded   Thumb Code   390  stm32f4xx_hal_can.o(i.HAL_CAN_Transmit)
    HAL_DMA_Abort_IT                         0x08001f81   Thumb Code    36  stm32f4xx_hal_dma.o(i.HAL_DMA_Abort_IT)
    HAL_DMA_IRQHandler                       0x08001fa5   Thumb Code   414  stm32f4xx_hal_dma.o(i.HAL_DMA_IRQHandler)
    HAL_DMA_Init                             0x0800214d   Thumb Code   202  stm32f4xx_hal_dma.o(i.HAL_DMA_Init)
    HAL_DMA_Start                            0x0800221d   Thumb Code    70  stm32f4xx_hal_dma.o(i.HAL_DMA_Start)
    HAL_DMA_Start_IT                         0x08002263   Thumb Code   120  stm32f4xx_hal_dma.o(i.HAL_DMA_Start_IT)
    HAL_Delay                                0x080022db   Thumb Code    22  stm32f4xx_hal.o(i.HAL_Delay)
    HAL_GPIO_EXTI_Callback                   0x080022f1   Thumb Code    78  stm32f4xx_it.o(i.HAL_GPIO_EXTI_Callback)
    HAL_GPIO_EXTI_IRQHandler                 0x08002361   Thumb Code    18  stm32f4xx_hal_gpio.o(i.HAL_GPIO_EXTI_IRQHandler)
    HAL_GPIO_Init                            0x08002379   Thumb Code   408  stm32f4xx_hal_gpio.o(i.HAL_GPIO_Init)
    HAL_GPIO_TogglePin                       0x08002545   Thumb Code     8  stm32f4xx_hal_gpio.o(i.HAL_GPIO_TogglePin)
    HAL_GPIO_WritePin                        0x0800254d   Thumb Code    10  stm32f4xx_hal_gpio.o(i.HAL_GPIO_WritePin)
    HAL_GetTick                              0x08002559   Thumb Code     6  stm32f4xx_hal.o(i.HAL_GetTick)
    HAL_IncTick                              0x08002565   Thumb Code    10  stm32f4xx_hal.o(i.HAL_IncTick)
    HAL_Init                                 0x08002575   Thumb Code    48  stm32f4xx_hal.o(i.HAL_Init)
    HAL_InitTick                             0x080025a9   Thumb Code   100  stm32f4xx_hal.o(i.HAL_InitTick)
    HAL_MspInit                              0x0800261d   Thumb Code    88  stm32f4xx_hal_msp.o(i.HAL_MspInit)
    HAL_NVIC_EnableIRQ                       0x08002675   Thumb Code    22  stm32f4xx_hal_cortex.o(i.HAL_NVIC_EnableIRQ)
    HAL_NVIC_SetPriority                     0x0800268d   Thumb Code    60  stm32f4xx_hal_cortex.o(i.HAL_NVIC_SetPriority)
    HAL_NVIC_SetPriorityGrouping             0x080026cd   Thumb Code    26  stm32f4xx_hal_cortex.o(i.HAL_NVIC_SetPriorityGrouping)
    HAL_RCC_ClockConfig                      0x080026f1   Thumb Code   364  stm32f4xx_hal_rcc.o(i.HAL_RCC_ClockConfig)
    HAL_RCC_GetClockConfig                   0x0800286d   Thumb Code    54  stm32f4xx_hal_rcc.o(i.HAL_RCC_GetClockConfig)
    HAL_RCC_GetHCLKFreq                      0x080028ad   Thumb Code     6  stm32f4xx_hal_rcc.o(i.HAL_RCC_GetHCLKFreq)
    HAL_RCC_GetPCLK1Freq                     0x080028b9   Thumb Code    34  stm32f4xx_hal_rcc.o(i.HAL_RCC_GetPCLK1Freq)
    HAL_RCC_GetPCLK2Freq                     0x080028e9   Thumb Code    34  stm32f4xx_hal_rcc.o(i.HAL_RCC_GetPCLK2Freq)
    HAL_RCC_GetSysClockFreq                  0x08002919   Thumb Code   104  stm32f4xx_hal_rcc.o(i.HAL_RCC_GetSysClockFreq)
    HAL_RCC_OscConfig                        0x0800298d   Thumb Code   722  stm32f4xx_hal_rcc.o(i.HAL_RCC_OscConfig)
    HAL_SPI_Init                             0x08002c71   Thumb Code   128  stm32f4xx_hal_spi.o(i.HAL_SPI_Init)
    HAL_SPI_MspInit                          0x08002cf1   Thumb Code    64  spi.o(i.HAL_SPI_MspInit)
    HAL_SPI_TransmitReceive                  0x08002d3d   Thumb Code   472  stm32f4xx_hal_spi.o(i.HAL_SPI_TransmitReceive)
    HAL_SYSTICK_CLKSourceConfig              0x08002f15   Thumb Code    24  stm32f4xx_hal_cortex.o(i.HAL_SYSTICK_CLKSourceConfig)
    HAL_SYSTICK_Config                       0x08002f2d   Thumb Code    40  stm32f4xx_hal_cortex.o(i.HAL_SYSTICK_Config)
    HAL_TIMEx_BreakCallback                  0x08002f55   Thumb Code     2  stm32f4xx_hal_tim_ex.o(i.HAL_TIMEx_BreakCallback)
    HAL_TIMEx_CommutationCallback            0x08002f57   Thumb Code     2  stm32f4xx_hal_tim_ex.o(i.HAL_TIMEx_CommutationCallback)
    HAL_TIM_Base_Init                        0x08002f59   Thumb Code    54  stm32f4xx_hal_tim.o(i.HAL_TIM_Base_Init)
    HAL_TIM_Base_MspInit                     0x08002f91   Thumb Code   144  tim.o(i.HAL_TIM_Base_MspInit)
    HAL_TIM_Base_Start_IT                    0x08003035   Thumb Code    24  stm32f4xx_hal_tim.o(i.HAL_TIM_Base_Start_IT)
    HAL_TIM_ConfigClockSource                0x0800304d   Thumb Code   242  stm32f4xx_hal_tim.o(i.HAL_TIM_ConfigClockSource)
    HAL_TIM_IC_CaptureCallback               0x0800313f   Thumb Code     2  stm32f4xx_hal_tim.o(i.HAL_TIM_IC_CaptureCallback)
    HAL_TIM_IRQHandler                       0x08003141   Thumb Code   358  stm32f4xx_hal_tim.o(i.HAL_TIM_IRQHandler)
    HAL_TIM_OC_DelayElapsedCallback          0x080032a7   Thumb Code     2  stm32f4xx_hal_tim.o(i.HAL_TIM_OC_DelayElapsedCallback)
    HAL_TIM_PWM_PulseFinishedCallback        0x080032a9   Thumb Code     2  stm32f4xx_hal_tim.o(i.HAL_TIM_PWM_PulseFinishedCallback)
    HAL_TIM_PeriodElapsedCallback            0x080032ad   Thumb Code    92  stm32f4xx_it.o(i.HAL_TIM_PeriodElapsedCallback)
    HAL_TIM_TriggerCallback                  0x08003329   Thumb Code     2  stm32f4xx_hal_tim.o(i.HAL_TIM_TriggerCallback)
    HAL_UART_ErrorCallback                   0x0800332b   Thumb Code     2  stm32f4xx_hal_uart.o(i.HAL_UART_ErrorCallback)
    HAL_UART_IRQHandler                      0x0800332d   Thumb Code   266  stm32f4xx_hal_uart.o(i.HAL_UART_IRQHandler)
    HAL_UART_Init                            0x0800343d   Thumb Code    98  stm32f4xx_hal_uart.o(i.HAL_UART_Init)
    HAL_UART_MspInit                         0x080034a1   Thumb Code   730  usart.o(i.HAL_UART_MspInit)
    HAL_UART_Receive_DMA                     0x080037bd   Thumb Code   130  stm32f4xx_hal_uart.o(i.HAL_UART_Receive_DMA)
    HAL_UART_RxCpltCallback                  0x08003849   Thumb Code     2  stm32f4xx_it.o(i.HAL_UART_RxCpltCallback)
    HAL_UART_Transmit                        0x0800384b   Thumb Code   186  stm32f4xx_hal_uart.o(i.HAL_UART_Transmit)
    HAL_UART_TxCpltCallback                  0x08003905   Thumb Code     2  stm32f4xx_hal_uart.o(i.HAL_UART_TxCpltCallback)
    HardFault_Handler                        0x08003907   Thumb Code     2  stm32f4xx_it.o(i.HardFault_Handler)
    IMU_Get_Data                             0x08003909   Thumb Code   176  communication.o(i.IMU_Get_Data)
    JY61_Data_Pro                            0x080039bd   Thumb Code   524  communication.o(i.JY61_Data_Pro)
    Limit_filter                             0x08003bed   Thumb Code    52  power_restriction.o(i.Limit_filter)
    MPU6500_Init                             0x08003c21   Thumb Code   212  communication.o(i.MPU6500_Init)
    MPU6500_Read_Reg                         0x08003d05   Thumb Code    68  communication.o(i.MPU6500_Read_Reg)
    MPU6500_Read_Regs                        0x08003d55   Thumb Code    80  communication.o(i.MPU6500_Read_Regs)
    MPU6500_Write_Reg                        0x08003db1   Thumb Code    72  communication.o(i.MPU6500_Write_Reg)
    MX_ADC1_Init                             0x08003e05   Thumb Code    74  adc.o(i.MX_ADC1_Init)
    MX_CAN1_Init                             0x08003e5d   Thumb Code    60  can.o(i.MX_CAN1_Init)
    MX_CAN2_Init                             0x08003ea1   Thumb Code    60  can.o(i.MX_CAN2_Init)
    MX_DMA_Init                              0x08003ee5   Thumb Code   120  dma.o(i.MX_DMA_Init)
    MX_FREERTOS_Init                         0x08003f61   Thumb Code   118  freertos.o(i.MX_FREERTOS_Init)
    MX_GPIO_Init                             0x08003fe1   Thumb Code   448  gpio.o(i.MX_GPIO_Init)
    MX_SPI5_Init                             0x080041c5   Thumb Code    62  spi.o(i.MX_SPI5_Init)
    MX_TIM12_Init                            0x0800420d   Thumb Code    60  tim.o(i.MX_TIM12_Init)
    MX_TIM3_Init                             0x08004251   Thumb Code    36  tim.o(i.MX_TIM3_Init)
    MX_TIM6_Init                             0x0800427d   Thumb Code    38  tim.o(i.MX_TIM6_Init)
    MX_UART4_Init                            0x080042ad   Thumb Code    48  usart.o(i.MX_UART4_Init)
    MX_UART8_Init                            0x080042e5   Thumb Code    48  usart.o(i.MX_UART8_Init)
    MX_USART1_UART_Init                      0x0800431d   Thumb Code    46  usart.o(i.MX_USART1_UART_Init)
    MX_USART2_UART_Init                      0x08004359   Thumb Code    48  usart.o(i.MX_USART2_UART_Init)
    MX_USART3_UART_Init                      0x08004391   Thumb Code    48  usart.o(i.MX_USART3_UART_Init)
    MX_USART6_UART_Init                      0x080043c9   Thumb Code    48  usart.o(i.MX_USART6_UART_Init)
    MemManage_Handler                        0x08004401   Thumb Code     2  stm32f4xx_it.o(i.MemManage_Handler)
    MouseKeyControlProcess                   0x08004405   Thumb Code    32  remote_task.o(i.MouseKeyControlProcess)
    NMI_Handler                              0x0800442d   Thumb Code     2  stm32f4xx_it.o(i.NMI_Handler)
    PID_struct_init                          0x08004451   Thumb Code    16  pid.o(i.PID_struct_init)
    RefreshDeviceOutLineTime                 0x08004469   Thumb Code    20  systemstate.o(i.RefreshDeviceOutLineTime)
    RefreshSysTime                           0x08004481   Thumb Code    10  systemstate.o(i.RefreshSysTime)
    RefreshTaskOutLineTime                   0x08004491   Thumb Code    20  systemstate.o(i.RefreshTaskOutLineTime)
    Remote_Ctrl                              0x080044a9   Thumb Code   100  communication.o(i.Remote_Ctrl)
    Remote_Data_Task                         0x08004511   Thumb Code    92  remote_task.o(i.Remote_Data_Task)
    ShotProcess                              0x08004635   Thumb Code   170  remote_task.o(i.ShotProcess)
    Shot_Motor                               0x08004701   Thumb Code    52  motor_use_can.o(i.Shot_Motor)
    StartDefaultTask                         0x08004739   Thumb Code     8  freertos.o(i.StartDefaultTask)
    SysTick_Handler                          0x08004741   Thumb Code     4  stm32f4xx_it.o(i.SysTick_Handler)
    SystemClock_Config                       0x08004745   Thumb Code   150  main.o(i.SystemClock_Config)
    SystemInit                               0x080047e5   Thumb Code    66  system_stm32f4xx.o(i.SystemInit)
    SystemState_Inite                        0x08004839   Thumb Code    18  systemstate.o(i.SystemState_Inite)
    TIM1_UP_TIM10_IRQHandler                 0x08004855   Thumb Code     6  stm32f4xx_it.o(i.TIM1_UP_TIM10_IRQHandler)
    TIM3_IRQHandler                          0x08004861   Thumb Code     6  stm32f4xx_it.o(i.TIM3_IRQHandler)
    TIM6_DAC_IRQHandler                      0x0800486d   Thumb Code     6  stm32f4xx_it.o(i.TIM6_DAC_IRQHandler)
    TIM8_BRK_TIM12_IRQHandler                0x08004879   Thumb Code     6  stm32f4xx_it.o(i.TIM8_BRK_TIM12_IRQHandler)
    TIM_Base_SetConfig                       0x08004885   Thumb Code   148  stm32f4xx_hal_tim.o(i.TIM_Base_SetConfig)
    UART4_IRQHandler                         0x080049b1   Thumb Code    90  stm32f4xx_it.o(i.UART4_IRQHandler)
    UART8_IRQHandler                         0x08004a19   Thumb Code    90  stm32f4xx_it.o(i.UART8_IRQHandler)
    USART1_IRQHandler                        0x08004f45   Thumb Code   102  stm32f4xx_it.o(i.USART1_IRQHandler)
    USART2_IRQHandler                        0x08004fbd   Thumb Code    94  stm32f4xx_it.o(i.USART2_IRQHandler)
    USART3_IRQHandler                        0x0800502d   Thumb Code    28  stm32f4xx_it.o(i.USART3_IRQHandler)
    USART6_IRQHandler                        0x0800504d   Thumb Code    90  stm32f4xx_it.o(i.USART6_IRQHandler)
    UsageFault_Handler                       0x080050b5   Thumb Code     2  stm32f4xx_it.o(i.UsageFault_Handler)
    Usart_SendArray                          0x080050b7   Thumb Code    34  usart.o(i.Usart_SendArray)
    Usart_SendByte                           0x080050d9   Thumb Code    16  usart.o(i.Usart_SendByte)
    __0printf                                0x080050ed   Thumb Code    22  printfa.o(i.__0printf)
    __1printf                                0x080050ed   Thumb Code     0  printfa.o(i.__0printf)
    __2printf                                0x080050ed   Thumb Code     0  printfa.o(i.__0printf)
    __c89printf                              0x080050ed   Thumb Code     0  printfa.o(i.__0printf)
    printf                                   0x080050ed   Thumb Code     0  printfa.o(i.__0printf)
    __scatterload_copy                       0x0800510d   Thumb Code    14  handlers.o(i.__scatterload_copy)
    __scatterload_null                       0x0800511b   Thumb Code     2  handlers.o(i.__scatterload_null)
    __scatterload_zeroinit                   0x0800511d   Thumb Code    14  handlers.o(i.__scatterload_zeroinit)
    abs_limit                                0x080059df   Thumb Code    42  pid.o(i.abs_limit)
    fputc                                    0x08005a09   Thumb Code    18  usart.o(i.fputc)
    get_moto_measure_3508                    0x08005a21   Thumb Code    72  motor_use_can.o(i.get_moto_measure_3508)
    get_moto_measure_6623                    0x08005a69   Thumb Code    68  motor_use_can.o(i.get_moto_measure_6623)
    get_moto_offset                          0x08005aad   Thumb Code    12  motor_use_can.o(i.get_moto_offset)
    gimbal_pid_init                          0x08005ab9   Thumb Code   184  gimbal_task.o(i.gimbal_pid_init)
    main                                     0x08005b89   Thumb Code    30  main.o(i.main)
    osDelay                                  0x08005bb3   Thumb Code    14  cmsis_os.o(i.osDelay)
    osDelayUntil                             0x08005bc1   Thumb Code    14  cmsis_os.o(i.osDelayUntil)
    osKernelStart                            0x08005bcf   Thumb Code    10  cmsis_os.o(i.osKernelStart)
    osSystickHandler                         0x08005bd9   Thumb Code    20  cmsis_os.o(i.osSystickHandler)
    osThreadCreate                           0x08005bed   Thumb Code    56  cmsis_os.o(i.osThreadCreate)
    pid_calc                                 0x08005c25   Thumb Code   448  pid.o(i.pid_calc)
    pvPortMalloc                             0x08005f8d   Thumb Code   210  heap_4.o(i.pvPortMalloc)
    pxPortInitialiseStack                    0x08006065   Thumb Code    36  port.o(i.pxPortInitialiseStack)
    testTask                                 0x0800608d   Thumb Code   134  test_task.o(i.testTask)
    uxListRemove                             0x0800613d   Thumb Code    36  list.o(i.uxListRemove)
    vListInitialise                          0x08006161   Thumb Code    22  list.o(i.vListInitialise)
    vListInitialiseItem                      0x08006177   Thumb Code     6  list.o(i.vListInitialiseItem)
    vListInsert                              0x0800617d   Thumb Code    48  list.o(i.vListInsert)
    vListInsertEnd                           0x080061ad   Thumb Code    24  list.o(i.vListInsertEnd)
    vPortEnterCritical                       0x080061c5   Thumb Code    54  port.o(i.vPortEnterCritical)
    vPortExitCritical                        0x08006205   Thumb Code    34  port.o(i.vPortExitCritical)
    vPortFree                                0x0800622d   Thumb Code    88  heap_4.o(i.vPortFree)
    vPortSetupTimerInterrupt                 0x08006289   Thumb Code    26  port.o(i.vPortSetupTimerInterrupt)
    vTaskDelay                               0x080062a9   Thumb Code    94  tasks.o(i.vTaskDelay)
    vTaskDelayUntil                          0x08006311   Thumb Code   158  tasks.o(i.vTaskDelayUntil)
    vTaskStartScheduler                      0x080063b9   Thumb Code    90  tasks.o(i.vTaskStartScheduler)
    vTaskSuspendAll                          0x08006425   Thumb Code    10  tasks.o(i.vTaskSuspendAll)
    vTaskSwitchContext                       0x08006435   Thumb Code   110  tasks.o(i.vTaskSwitchContext)
    vcan_sendware                            0x080064b1   Thumb Code    50  usart.o(i.vcan_sendware)
    xPortStartScheduler                      0x080064f1   Thumb Code   202  port.o(i.xPortStartScheduler)
    xPortSysTickHandler                      0x080065d1   Thumb Code    38  port.o(i.xPortSysTickHandler)
    xTaskGenericCreate                       0x080065fd   Thumb Code   434  tasks.o(i.xTaskGenericCreate)
    xTaskGetSchedulerState                   0x080067bd   Thumb Code    22  tasks.o(i.xTaskGetSchedulerState)
    xTaskGetTickCount                        0x080067d9   Thumb Code     6  tasks.o(i.xTaskGetTickCount)
    xTaskIncrementTick                       0x080067e5   Thumb Code   194  tasks.o(i.xTaskIncrementTick)
    xTaskResumeAll                           0x080068b1   Thumb Code   182  tasks.o(i.xTaskResumeAll)
    APBAHBPrescTable                         0x080069ec   Data          16  stm32f4xx_hal_rcc.o(.constdata)
    Region$$Table$$Base                      0x08006a3c   Number         0  anon$$obj.o(Region$$Table)
    Region$$Table$$Limit                     0x08006a5c   Number         0  anon$$obj.o(Region$$Table)
    defaultTaskHandle                        0x20000000   Data           4  freertos.o(.data)
    testTaskHandle                           0x20000004   Data           4  freertos.o(.data)
    RemoteDataTaskHandle                     0x20000008   Data           4  freertos.o(.data)
    GimbalTaskHandle                         0x2000000c   Data           4  freertos.o(.data)
    GunTaskHandle                            0x20000010   Data           4  freertos.o(.data)
    RemoteData_flag                          0x20000014   Data           1  stm32f4xx_it.o(.data)
    speed_golf                               0x20000018   Data           4  stm32f4xx_it.o(.data)
    gimbal_disable_flg                       0x2000002c   Data           1  gimbal_task.o(.data)
    gate1_counter                            0x20000034   Data           2  test_task.o(.data)
    Photoelectric_gate1                      0x20000038   Data           4  test_task.o(.data)
    Photoelectric_gate2                      0x2000003c   Data           4  test_task.o(.data)
    Golf_speed                               0x20000040   Data           4  test_task.o(.data)
    gate2_counter                            0x20000044   Data           2  test_task.o(.data)
    Micro_Tick                               0x20000048   Data           4  test_task.o(.data)
    shot_anjian_counter                      0x2000004c   Data           1  remote_task.o(.data)
    shot_frequency                           0x2000004d   Data           1  remote_task.o(.data)
    press_counter                            0x2000004e   Data           1  remote_task.o(.data)
    chassis_gimble_Mode_flg                  0x2000004f   Data           1  remote_task.o(.data)
    FreeRTOSRunTimeTicks                     0x20000058   Data           8  bsp.o(.data)
    MPU_id                                   0x20000064   Data           1  communication.o(.data)
    stcAcc                                   0x20000078   Data           8  communication.o(.data)
    stcGyro                                  0x20000080   Data           8  communication.o(.data)
    stcAngle                                 0x20000088   Data           8  communication.o(.data)
    USART6_RX_NUM                            0x2000009e   Data           2  communication.o(.data)
    UART8_RX_NUM                             0x200000a0   Data           2  communication.o(.data)
    UART4_RX_NUM                             0x200000a2   Data           2  communication.o(.data)
    pxCurrentTCB                             0x200000a4   Data           4  tasks.o(.data)
    SystemCoreClock                          0x20000108   Data           4  system_stm32f4xx.o(.data)
    uwTick                                   0x2000010c   Data           4  stm32f4xx_hal.o(.data)
    __stdout                                 0x20000110   Data           4  stdout.o(.data)
    pid_dial_pos                             0x20000114   Data         128  gun_task.o(.bss)
    pid_dial_spd                             0x20000194   Data         128  gun_task.o(.bss)
    pid_shot_spd                             0x20000214   Data         256  gun_task.o(.bss)
    ptr_heat_gun_t                           0x20000314   Data          24  gun_task.o(.bss)
    pid_yaw_jy61                             0x2000032c   Data         128  gimbal_task.o(.bss)
    pid_yaw_jy61_follow                      0x200003ac   Data         128  gimbal_task.o(.bss)
    pid_pit_jy61                             0x2000042c   Data         128  gimbal_task.o(.bss)
    pid_yaw_jy61_spd                         0x200004ac   Data         128  gimbal_task.o(.bss)
    pid_yaw_jy61_follow_spd                  0x2000052c   Data         128  gimbal_task.o(.bss)
    pid_pit_jy61_spd                         0x200005ac   Data         128  gimbal_task.o(.bss)
    yaw_set                                  0x2000062c   Data          16  gimbal_task.o(.bss)
    yaw_set_follow                           0x2000063c   Data          16  gimbal_task.o(.bss)
    pit_set                                  0x2000064c   Data          16  gimbal_task.o(.bss)
    hspi5                                    0x2000065c   Data          88  spi.o(.bss)
    hadc1                                    0x200006b4   Data          72  adc.o(.bss)
    hdma_adc1                                0x200006fc   Data          96  adc.o(.bss)
    htim5                                    0x2000075c   Data          60  tim.o(.bss)
    htim12                                   0x20000798   Data          60  tim.o(.bss)
    htim3                                    0x200007d4   Data          60  tim.o(.bss)
    htim6                                    0x20000810   Data          60  tim.o(.bss)
    hcan1                                    0x200008cc   Data          64  can.o(.bss)
    hcan2                                    0x2000090c   Data          64  can.o(.bss)
    huart1                                   0x2000094c   Data          64  usart.o(.bss)
    huart2                                   0x2000098c   Data          64  usart.o(.bss)
    huart3                                   0x200009cc   Data          64  usart.o(.bss)
    huart4                                   0x20000a0c   Data          64  usart.o(.bss)
    huart6                                   0x20000a4c   Data          64  usart.o(.bss)
    huart8                                   0x20000a8c   Data          64  usart.o(.bss)
    hdma_usart1_rx                           0x20000acc   Data          96  usart.o(.bss)
    hdma_usart2_rx                           0x20000b2c   Data          96  usart.o(.bss)
    hdma_uart4_rx                            0x20000b8c   Data          96  usart.o(.bss)
    hdma_usart6_rx                           0x20000bec   Data          96  usart.o(.bss)
    hdma_uart8_rx                            0x20000c4c   Data          96  usart.o(.bss)
    moto_chassis_get                         0x20000cac   Data         240  motor_use_can.o(.bss)
    moto_dial_get                            0x20000e44   Data          60  motor_use_can.o(.bss)
    moto_M_get                               0x20000e80   Data         120  motor_use_can.o(.bss)
    pit_get                                  0x20000ef8   Data          60  motor_use_can.o(.bss)
    yaw_get                                  0x20000f34   Data          60  motor_use_can.o(.bss)
    uhADCxConvertedValue                     0x20000f70   Data          40  power_restriction.o(.bss)
    current_get                              0x20000f98   Data          68  power_restriction.o(.bss)
    time_for_RP                              0x20000fe0   Data          24  power_restriction.o(.bss)
    SystemState                              0x20000ff8   Data          20  systemstate.o(.bss)
    g_Time_DeviceOutLine                     0x2000100c   Data          48  systemstate.o(.bss)
    g_Time_TASKOutLine                       0x2000103c   Data          28  systemstate.o(.bss)
    ptr_jy61_t_yaw                           0x20001058   Data          56  communication.o(.bss)
    ptr_jy61_t_pit                           0x20001090   Data          56  communication.o(.bss)
    ptr_jy61_t_angular_velocity              0x200010c8   Data          56  communication.o(.bss)
    imu_data                                 0x20001100   Data          20  communication.o(.bss)
    imu_data_offest                          0x20001114   Data          20  communication.o(.bss)
    USART1_RX_DATA                           0x20001158   Data          18  communication.o(.bss)
    USART6_RX_DATA                           0x2000116a   Data          33  communication.o(.bss)
    gy_data_filter                           0x2000118c   Data          10  communication.o(.bss)
    gz_data_filter                           0x20001196   Data          10  communication.o(.bss)
    RC_Ctl                                   0x200011a0   Data          20  communication.o(.bss)
    UART4_RX_DATA                            0x200011b4   Data          33  communication.o(.bss)
    minipc_rx                                0x200011d6   Data          12  minipc.o(.bss)
    USART2_RX_DATA                           0x200011e2   Data           9  minipc.o(.bss)
    htim1                                    0x20004edc   Data          60  stm32f4xx_hal.o(.bss)
    __initial_sp                             0x20005318   Data           0  startup_stm32f427xx.o(STACK)



==============================================================================

Memory Map of the image

  Image Entry point : 0x080001ad

  Load Region LR_IROM1 (Base: 0x08000000, Size: 0x00006b70, Max: 0x00200000, ABSOLUTE)

    Execution Region ER_IROM1 (Exec base: 0x08000000, Load base: 0x08000000, Size: 0x00006a5c, Max: 0x00200000, ABSOLUTE)

    Exec Addr    Load Addr    Size         Type   Attr      Idx    E Section Name        Object

    0x08000000   0x08000000   0x000001ac   Data   RO         3056    RESET               startup_stm32f427xx.o
    0x080001ac   0x080001ac   0x00000000   Code   RO         5957  * .ARM.Collect$$$$00000000  mc_w.l(entry.o)
    0x080001ac   0x080001ac   0x00000004   Code   RO         6271    .ARM.Collect$$$$00000001  mc_w.l(entry2.o)
    0x080001b0   0x080001b0   0x00000004   Code   RO         6274    .ARM.Collect$$$$00000004  mc_w.l(entry5.o)
    0x080001b4   0x080001b4   0x00000000   Code   RO         6276    .ARM.Collect$$$$00000008  mc_w.l(entry7b.o)
    0x080001b4   0x080001b4   0x00000000   Code   RO         6278    .ARM.Collect$$$$0000000A  mc_w.l(entry8b.o)
    0x080001b4   0x080001b4   0x00000008   Code   RO         6279    .ARM.Collect$$$$0000000B  mc_w.l(entry9a.o)
    0x080001bc   0x080001bc   0x00000000   Code   RO         6281    .ARM.Collect$$$$0000000D  mc_w.l(entry10a.o)
    0x080001bc   0x080001bc   0x00000000   Code   RO         6283    .ARM.Collect$$$$0000000F  mc_w.l(entry11a.o)
    0x080001bc   0x080001bc   0x00000004   Code   RO         6272    .ARM.Collect$$$$00002712  mc_w.l(entry2.o)
    0x080001c0   0x080001c0   0x000000ba   Code   RO         2989    .emb_text           port.o
    0x0800027a   0x0800027a   0x00000002   PAD
    0x0800027c   0x0800027c   0x00000024   Code   RO         3057    .text               startup_stm32f427xx.o
    0x080002a0   0x080002a0   0x00000024   Code   RO         5960    .text               mc_w.l(memcpya.o)
    0x080002c4   0x080002c4   0x00000024   Code   RO         5962    .text               mc_w.l(memseta.o)
    0x080002e8   0x080002e8   0x0000014e   Code   RO         6259    .text               mf_w.l(dadd.o)
    0x08000436   0x08000436   0x000000de   Code   RO         6261    .text               mf_w.l(ddiv.o)
    0x08000514   0x08000514   0x00000022   Code   RO         6263    .text               mf_w.l(dflti.o)
    0x08000536   0x08000536   0x0000001a   Code   RO         6265    .text               mf_w.l(dfltui.o)
    0x08000550   0x08000550   0x00000026   Code   RO         6267    .text               mf_w.l(f2d.o)
    0x08000576   0x08000576   0x00000038   Code   RO         6269    .text               mf_w.l(d2f.o)
    0x080005ae   0x080005ae   0x0000002c   Code   RO         6286    .text               mc_w.l(uidiv.o)
    0x080005da   0x080005da   0x00000062   Code   RO         6288    .text               mc_w.l(uldiv.o)
    0x0800063c   0x0800063c   0x0000001e   Code   RO         6290    .text               mc_w.l(llshl.o)
    0x0800065a   0x0800065a   0x00000024   Code   RO         6292    .text               mc_w.l(llsshr.o)
    0x0800067e   0x0800067e   0x00000000   Code   RO         6296    .text               mc_w.l(iusefp.o)
    0x0800067e   0x0800067e   0x0000006e   Code   RO         6297    .text               mf_w.l(fepilogue.o)
    0x080006ec   0x080006ec   0x000000ba   Code   RO         6299    .text               mf_w.l(depilogue.o)
    0x080007a6   0x080007a6   0x000000e4   Code   RO         6301    .text               mf_w.l(dmul.o)
    0x0800088a   0x0800088a   0x00000030   Code   RO         6303    .text               mf_w.l(dfixul.o)
    0x080008ba   0x080008ba   0x00000002   PAD
    0x080008bc   0x080008bc   0x00000030   Code   RO         6305    .text               mf_w.l(cdrcmple.o)
    0x080008ec   0x080008ec   0x00000024   Code   RO         6307    .text               mc_w.l(init.o)
    0x08000910   0x08000910   0x00000020   Code   RO         6309    .text               mc_w.l(llushr.o)
    0x08000930   0x08000930   0x00000062   Code   RO         5685    i.ADC_DMAConvCplt   stm32f4xx_hal_adc.o
    0x08000992   0x08000992   0x00000016   Code   RO         5686    i.ADC_DMAError      stm32f4xx_hal_adc.o
    0x080009a8   0x080009a8   0x0000000a   Code   RO         5687    i.ADC_DMAHalfConvCplt  stm32f4xx_hal_adc.o
    0x080009b2   0x080009b2   0x00000002   PAD
    0x080009b4   0x080009b4   0x00000134   Code   RO         5688    i.ADC_Init          stm32f4xx_hal_adc.o
    0x08000ae8   0x08000ae8   0x0000011c   Code   RO          834    i.BSP_Init          bsp.o
    0x08000c04   0x08000c04   0x00000002   Code   RO          372    i.BusFault_Handler  stm32f4xx_it.o
    0x08000c06   0x08000c06   0x00000002   PAD
    0x08000c08   0x08000c08   0x0000000c   Code   RO          373    i.CAN1_RX0_IRQHandler  stm32f4xx_it.o
    0x08000c14   0x08000c14   0x0000000c   Code   RO          374    i.CAN2_RX0_IRQHandler  stm32f4xx_it.o
    0x08000c20   0x08000c20   0x0000012c   Code   RO         3849    i.CAN_Receive_IT    stm32f4xx_hal_can.o
    0x08000d4c   0x08000d4c   0x0000003c   Code   RO         1246    i.CAN_Send_YK       motor_use_can.o
    0x08000d88   0x08000d88   0x00000050   Code   RO         1045    i.CanFilter_Init    can.o
    0x08000dd8   0x08000dd8   0x000000e4   Code   RO          743    i.ChassisModeProcess  remote_task.o
    0x08000ebc   0x08000ebc   0x00000038   Code   RO         1250    i.Cloud_Platform_Motor  motor_use_can.o
    0x08000ef4   0x08000ef4   0x00000030   Code   RO         1252    i.Cloud_Platform_Motor_Disable  motor_use_can.o
    0x08000f24   0x08000f24   0x00000010   Code   RO          835    i.ConfigureTimerForRunTimeStats  bsp.o
    0x08000f34   0x08000f34   0x0000000c   Code   RO          375    i.DMA1_Stream2_IRQHandler  stm32f4xx_it.o
    0x08000f40   0x08000f40   0x0000000c   Code   RO          376    i.DMA1_Stream5_IRQHandler  stm32f4xx_it.o
    0x08000f4c   0x08000f4c   0x0000000c   Code   RO          377    i.DMA1_Stream6_IRQHandler  stm32f4xx_it.o
    0x08000f58   0x08000f58   0x0000000c   Code   RO          378    i.DMA2_Stream1_IRQHandler  stm32f4xx_it.o
    0x08000f64   0x08000f64   0x0000000c   Code   RO          379    i.DMA2_Stream2_IRQHandler  stm32f4xx_it.o
    0x08000f70   0x08000f70   0x0000000c   Code   RO          380    i.DMA2_Stream4_IRQHandler  stm32f4xx_it.o
    0x08000f7c   0x08000f7c   0x00000028   Code   RO         5300    i.DMA_CalcBaseAndBitshift  stm32f4xx_hal_dma.o
    0x08000fa4   0x08000fa4   0x00000054   Code   RO         5301    i.DMA_CheckFifoParam  stm32f4xx_hal_dma.o
    0x08000ff8   0x08000ff8   0x00000028   Code   RO         5302    i.DMA_SetConfig     stm32f4xx_hal_dma.o
    0x08001020   0x08001020   0x00000002   Code   RO          381    i.DebugMon_Handler  stm32f4xx_it.o
    0x08001022   0x08001022   0x00000006   Code   RO          382    i.EXTI2_IRQHandler  stm32f4xx_it.o
    0x08001028   0x08001028   0x00000006   Code   RO          383    i.EXTI9_5_IRQHandler  stm32f4xx_it.o
    0x0800102e   0x0800102e   0x00000002   Code   RO            4    i.Error_Handler     main.o
    0x08001030   0x08001030   0x0000004c   Code   RO         1700    i.GetSystemTimer    systemstate.o
    0x0800107c   0x0800107c   0x00000348   Code   RO          655    i.Gimbal_Contrl_Task  gimbal_task.o
    0x080013c4   0x080013c4   0x00000094   Code   RO          612    i.Gun_Pid_Init      gun_task.o
    0x08001458   0x08001458   0x00000194   Code   RO          613    i.Gun_Task          gun_task.o
    0x080015ec   0x080015ec   0x00000154   Code   RO         5690    i.HAL_ADC_ConfigChannel  stm32f4xx_hal_adc.o
    0x08001740   0x08001740   0x00000002   Code   RO         5691    i.HAL_ADC_ConvCpltCallback  stm32f4xx_hal_adc.o
    0x08001742   0x08001742   0x00000002   Code   RO         5692    i.HAL_ADC_ConvHalfCpltCallback  stm32f4xx_hal_adc.o
    0x08001744   0x08001744   0x00000002   Code   RO         5694    i.HAL_ADC_ErrorCallback  stm32f4xx_hal_adc.o
    0x08001746   0x08001746   0x00000054   Code   RO         5699    i.HAL_ADC_Init      stm32f4xx_hal_adc.o
    0x0800179a   0x0800179a   0x00000002   PAD
    0x0800179c   0x0800179c   0x0000007c   Code   RO          938    i.HAL_ADC_MspInit   adc.o
    0x08001818   0x08001818   0x000000fc   Code   RO         5706    i.HAL_ADC_Start_DMA  stm32f4xx_hal_adc.o
    0x08001914   0x08001914   0x000000e4   Code   RO         3850    i.HAL_CAN_ConfigFilter  stm32f4xx_hal_can.o
    0x080019f8   0x080019f8   0x00000040   Code   RO         3855    i.HAL_CAN_IRQHandler  stm32f4xx_hal_can.o
    0x08001a38   0x08001a38   0x00000148   Code   RO         3856    i.HAL_CAN_Init      stm32f4xx_hal_can.o
    0x08001b80   0x08001b80   0x000000c0   Code   RO         1047    i.HAL_CAN_MspInit   can.o
    0x08001c40   0x08001c40   0x00000086   Code   RO         3860    i.HAL_CAN_Receive_IT  stm32f4xx_hal_can.o
    0x08001cc6   0x08001cc6   0x00000002   PAD
    0x08001cc8   0x08001cc8   0x00000124   Code   RO          384    i.HAL_CAN_RxCpltCallback  stm32f4xx_it.o
    0x08001dec   0x08001dec   0x00000194   Code   RO         3863    i.HAL_CAN_Transmit  stm32f4xx_hal_can.o
    0x08001f80   0x08001f80   0x00000024   Code   RO         5304    i.HAL_DMA_Abort_IT  stm32f4xx_hal_dma.o
    0x08001fa4   0x08001fa4   0x000001a8   Code   RO         5308    i.HAL_DMA_IRQHandler  stm32f4xx_hal_dma.o
    0x0800214c   0x0800214c   0x000000d0   Code   RO         5309    i.HAL_DMA_Init      stm32f4xx_hal_dma.o
    0x0800221c   0x0800221c   0x00000046   Code   RO         5312    i.HAL_DMA_Start     stm32f4xx_hal_dma.o
    0x08002262   0x08002262   0x00000078   Code   RO         5313    i.HAL_DMA_Start_IT  stm32f4xx_hal_dma.o
    0x080022da   0x080022da   0x00000016   Code   RO         4564    i.HAL_Delay         stm32f4xx_hal.o
    0x080022f0   0x080022f0   0x00000070   Code   RO          385    i.HAL_GPIO_EXTI_Callback  stm32f4xx_it.o
    0x08002360   0x08002360   0x00000018   Code   RO         3785    i.HAL_GPIO_EXTI_IRQHandler  stm32f4xx_hal_gpio.o
    0x08002378   0x08002378   0x000001cc   Code   RO         3786    i.HAL_GPIO_Init     stm32f4xx_hal_gpio.o
    0x08002544   0x08002544   0x00000008   Code   RO         3789    i.HAL_GPIO_TogglePin  stm32f4xx_hal_gpio.o
    0x0800254c   0x0800254c   0x0000000a   Code   RO         3790    i.HAL_GPIO_WritePin  stm32f4xx_hal_gpio.o
    0x08002556   0x08002556   0x00000002   PAD
    0x08002558   0x08002558   0x0000000c   Code   RO         4572    i.HAL_GetTick       stm32f4xx_hal.o
    0x08002564   0x08002564   0x00000010   Code   RO         4573    i.HAL_IncTick       stm32f4xx_hal.o
    0x08002574   0x08002574   0x00000034   Code   RO         4574    i.HAL_Init          stm32f4xx_hal.o
    0x080025a8   0x080025a8   0x00000074   Code   RO         4575    i.HAL_InitTick      stm32f4xx_hal.o
    0x0800261c   0x0800261c   0x00000058   Code   RO          589    i.HAL_MspInit       stm32f4xx_hal_msp.o
    0x08002674   0x08002674   0x00000016   Code   RO         4337    i.HAL_NVIC_EnableIRQ  stm32f4xx_hal_cortex.o
    0x0800268a   0x0800268a   0x00000002   PAD
    0x0800268c   0x0800268c   0x00000040   Code   RO         4343    i.HAL_NVIC_SetPriority  stm32f4xx_hal_cortex.o
    0x080026cc   0x080026cc   0x00000024   Code   RO         4344    i.HAL_NVIC_SetPriorityGrouping  stm32f4xx_hal_cortex.o
    0x080026f0   0x080026f0   0x0000017c   Code   RO         4957    i.HAL_RCC_ClockConfig  stm32f4xx_hal_rcc.o
    0x0800286c   0x0800286c   0x00000040   Code   RO         4961    i.HAL_RCC_GetClockConfig  stm32f4xx_hal_rcc.o
    0x080028ac   0x080028ac   0x0000000c   Code   RO         4962    i.HAL_RCC_GetHCLKFreq  stm32f4xx_hal_rcc.o
    0x080028b8   0x080028b8   0x00000030   Code   RO         4964    i.HAL_RCC_GetPCLK1Freq  stm32f4xx_hal_rcc.o
    0x080028e8   0x080028e8   0x00000030   Code   RO         4965    i.HAL_RCC_GetPCLK2Freq  stm32f4xx_hal_rcc.o
    0x08002918   0x08002918   0x00000074   Code   RO         4966    i.HAL_RCC_GetSysClockFreq  stm32f4xx_hal_rcc.o
    0x0800298c   0x0800298c   0x000002e4   Code   RO         4969    i.HAL_RCC_OscConfig  stm32f4xx_hal_rcc.o
    0x08002c70   0x08002c70   0x00000080   Code   RO         5414    i.HAL_SPI_Init      stm32f4xx_hal_spi.o
    0x08002cf0   0x08002cf0   0x0000004c   Code   RO          896    i.HAL_SPI_MspInit   spi.o
    0x08002d3c   0x08002d3c   0x000001d8   Code   RO         5423    i.HAL_SPI_TransmitReceive  stm32f4xx_hal_spi.o
    0x08002f14   0x08002f14   0x00000018   Code   RO         4346    i.HAL_SYSTICK_CLKSourceConfig  stm32f4xx_hal_cortex.o
    0x08002f2c   0x08002f2c   0x00000028   Code   RO         4348    i.HAL_SYSTICK_Config  stm32f4xx_hal_cortex.o
    0x08002f54   0x08002f54   0x00000002   Code   RO         5061    i.HAL_TIMEx_BreakCallback  stm32f4xx_hal_tim_ex.o
    0x08002f56   0x08002f56   0x00000002   Code   RO         5062    i.HAL_TIMEx_CommutationCallback  stm32f4xx_hal_tim_ex.o
    0x08002f58   0x08002f58   0x00000036   Code   RO         3136    i.HAL_TIM_Base_Init  stm32f4xx_hal_tim.o
    0x08002f8e   0x08002f8e   0x00000002   PAD
    0x08002f90   0x08002f90   0x000000a4   Code   RO          979    i.HAL_TIM_Base_MspInit  tim.o
    0x08003034   0x08003034   0x00000018   Code   RO         3141    i.HAL_TIM_Base_Start_IT  stm32f4xx_hal_tim.o
    0x0800304c   0x0800304c   0x000000f2   Code   RO         3145    i.HAL_TIM_ConfigClockSource  stm32f4xx_hal_tim.o
    0x0800313e   0x0800313e   0x00000002   Code   RO         3165    i.HAL_TIM_IC_CaptureCallback  stm32f4xx_hal_tim.o
    0x08003140   0x08003140   0x00000166   Code   RO         3178    i.HAL_TIM_IRQHandler  stm32f4xx_hal_tim.o
    0x080032a6   0x080032a6   0x00000002   Code   RO         3181    i.HAL_TIM_OC_DelayElapsedCallback  stm32f4xx_hal_tim.o
    0x080032a8   0x080032a8   0x00000002   Code   RO         3208    i.HAL_TIM_PWM_PulseFinishedCallback  stm32f4xx_hal_tim.o
    0x080032aa   0x080032aa   0x00000002   PAD
    0x080032ac   0x080032ac   0x0000007c   Code   RO          386    i.HAL_TIM_PeriodElapsedCallback  stm32f4xx_it.o
    0x08003328   0x08003328   0x00000002   Code   RO         3219    i.HAL_TIM_TriggerCallback  stm32f4xx_hal_tim.o
    0x0800332a   0x0800332a   0x00000002   Code   RO         4099    i.HAL_UART_ErrorCallback  stm32f4xx_hal_uart.o
    0x0800332c   0x0800332c   0x00000110   Code   RO         4102    i.HAL_UART_IRQHandler  stm32f4xx_hal_uart.o
    0x0800343c   0x0800343c   0x00000062   Code   RO         4103    i.HAL_UART_Init     stm32f4xx_hal_uart.o
    0x0800349e   0x0800349e   0x00000002   PAD
    0x080034a0   0x080034a0   0x0000031c   Code   RO         1149    i.HAL_UART_MspInit  usart.o
    0x080037bc   0x080037bc   0x0000008c   Code   RO         4107    i.HAL_UART_Receive_DMA  stm32f4xx_hal_uart.o
    0x08003848   0x08003848   0x00000002   Code   RO          387    i.HAL_UART_RxCpltCallback  stm32f4xx_it.o
    0x0800384a   0x0800384a   0x000000ba   Code   RO         4111    i.HAL_UART_Transmit  stm32f4xx_hal_uart.o
    0x08003904   0x08003904   0x00000002   Code   RO         4114    i.HAL_UART_TxCpltCallback  stm32f4xx_hal_uart.o
    0x08003906   0x08003906   0x00000002   Code   RO          388    i.HardFault_Handler  stm32f4xx_it.o
    0x08003908   0x08003908   0x000000b4   Code   RO         1719    i.IMU_Get_Data      communication.o
    0x080039bc   0x080039bc   0x00000230   Code   RO         1723    i.JY61_Data_Pro     communication.o
    0x08003bec   0x08003bec   0x00000034   Code   RO         1459    i.Limit_filter      power_restriction.o
    0x08003c20   0x08003c20   0x000000e4   Code   RO         1724    i.MPU6500_Init      communication.o
    0x08003d04   0x08003d04   0x00000050   Code   RO         1725    i.MPU6500_Read_Reg  communication.o
    0x08003d54   0x08003d54   0x0000005c   Code   RO         1726    i.MPU6500_Read_Regs  communication.o
    0x08003db0   0x08003db0   0x00000054   Code   RO         1729    i.MPU6500_Write_Reg  communication.o
    0x08003e04   0x08003e04   0x00000058   Code   RO          939    i.MX_ADC1_Init      adc.o
    0x08003e5c   0x08003e5c   0x00000044   Code   RO         1048    i.MX_CAN1_Init      can.o
    0x08003ea0   0x08003ea0   0x00000044   Code   RO         1049    i.MX_CAN2_Init      can.o
    0x08003ee4   0x08003ee4   0x0000007c   Code   RO         1124    i.MX_DMA_Init       dma.o
    0x08003f60   0x08003f60   0x00000080   Code   RO          293    i.MX_FREERTOS_Init  freertos.o
    0x08003fe0   0x08003fe0   0x000001e4   Code   RO         1100    i.MX_GPIO_Init      gpio.o
    0x080041c4   0x080041c4   0x00000048   Code   RO          897    i.MX_SPI5_Init      spi.o
    0x0800420c   0x0800420c   0x00000044   Code   RO          982    i.MX_TIM12_Init     tim.o
    0x08004250   0x08004250   0x0000002c   Code   RO          983    i.MX_TIM3_Init      tim.o
    0x0800427c   0x0800427c   0x00000030   Code   RO          985    i.MX_TIM6_Init      tim.o
    0x080042ac   0x080042ac   0x00000038   Code   RO         1150    i.MX_UART4_Init     usart.o
    0x080042e4   0x080042e4   0x00000038   Code   RO         1151    i.MX_UART8_Init     usart.o
    0x0800431c   0x0800431c   0x0000003c   Code   RO         1152    i.MX_USART1_UART_Init  usart.o
    0x08004358   0x08004358   0x00000038   Code   RO         1153    i.MX_USART2_UART_Init  usart.o
    0x08004390   0x08004390   0x00000038   Code   RO         1154    i.MX_USART3_UART_Init  usart.o
    0x080043c8   0x080043c8   0x00000038   Code   RO         1155    i.MX_USART6_UART_Init  usart.o
    0x08004400   0x08004400   0x00000002   Code   RO          389    i.MemManage_Handler  stm32f4xx_it.o
    0x08004402   0x08004402   0x00000002   PAD
    0x08004404   0x08004404   0x00000028   Code   RO          746    i.MouseKeyControlProcess  remote_task.o
    0x0800442c   0x0800442c   0x00000002   Code   RO          390    i.NMI_Handler       stm32f4xx_it.o
    0x0800442e   0x0800442e   0x00000020   Code   RO         4350    i.NVIC_SetPriority  stm32f4xx_hal_cortex.o
    0x0800444e   0x0800444e   0x00000002   PAD
    0x08004450   0x08004450   0x00000018   Code   RO         1356    i.PID_struct_init   pid.o
    0x08004468   0x08004468   0x00000018   Code   RO         1644    i.RefreshDeviceOutLineTime  systemstate.o
    0x08004480   0x08004480   0x00000010   Code   RO         1645    i.RefreshSysTime    systemstate.o
    0x08004490   0x08004490   0x00000018   Code   RO         1646    i.RefreshTaskOutLineTime  systemstate.o
    0x080044a8   0x080044a8   0x00000068   Code   RO         1731    i.Remote_Ctrl       communication.o
    0x08004510   0x08004510   0x0000006c   Code   RO          749    i.Remote_Data_Task  remote_task.o
    0x0800457c   0x0800457c   0x00000020   Code   RO         5436    i.SPI_CheckFlag_BSY  stm32f4xx_hal_spi.o
    0x0800459c   0x0800459c   0x00000096   Code   RO         5452    i.SPI_WaitFlagStateUntilTimeout  stm32f4xx_hal_spi.o
    0x08004632   0x08004632   0x00000002   PAD
    0x08004634   0x08004634   0x000000cc   Code   RO          750    i.ShotProcess       remote_task.o
    0x08004700   0x08004700   0x00000038   Code   RO         1253    i.Shot_Motor        motor_use_can.o
    0x08004738   0x08004738   0x00000008   Code   RO          294    i.StartDefaultTask  freertos.o
    0x08004740   0x08004740   0x00000004   Code   RO          391    i.SysTick_Handler   stm32f4xx_it.o
    0x08004744   0x08004744   0x000000a0   Code   RO            5    i.SystemClock_Config  main.o
    0x080047e4   0x080047e4   0x00000054   Code   RO         3065    i.SystemInit        system_stm32f4xx.o
    0x08004838   0x08004838   0x0000001c   Code   RO         1647    i.SystemState_Inite  systemstate.o
    0x08004854   0x08004854   0x0000000c   Code   RO          392    i.TIM1_UP_TIM10_IRQHandler  stm32f4xx_it.o
    0x08004860   0x08004860   0x0000000c   Code   RO          393    i.TIM3_IRQHandler   stm32f4xx_it.o
    0x0800486c   0x0800486c   0x0000000c   Code   RO          394    i.TIM6_DAC_IRQHandler  stm32f4xx_it.o
    0x08004878   0x08004878   0x0000000c   Code   RO          395    i.TIM8_BRK_TIM12_IRQHandler  stm32f4xx_it.o
    0x08004884   0x08004884   0x000000c0   Code   RO         3220    i.TIM_Base_SetConfig  stm32f4xx_hal_tim.o
    0x08004944   0x08004944   0x00000014   Code   RO         3227    i.TIM_ETR_SetConfig  stm32f4xx_hal_tim.o
    0x08004958   0x08004958   0x00000010   Code   RO         3228    i.TIM_ITRx_SetConfig  stm32f4xx_hal_tim.o
    0x08004968   0x08004968   0x00000022   Code   RO         3234    i.TIM_TI1_ConfigInputStage  stm32f4xx_hal_tim.o
    0x0800498a   0x0800498a   0x00000024   Code   RO         3236    i.TIM_TI2_ConfigInputStage  stm32f4xx_hal_tim.o
    0x080049ae   0x080049ae   0x00000002   PAD
    0x080049b0   0x080049b0   0x00000068   Code   RO          396    i.UART4_IRQHandler  stm32f4xx_it.o
    0x08004a18   0x08004a18   0x00000068   Code   RO          397    i.UART8_IRQHandler  stm32f4xx_it.o
    0x08004a80   0x08004a80   0x00000010   Code   RO         4116    i.UART_DMAAbortOnError  stm32f4xx_hal_uart.o
    0x08004a90   0x08004a90   0x0000004a   Code   RO         4117    i.UART_DMAError     stm32f4xx_hal_uart.o
    0x08004ada   0x08004ada   0x0000003c   Code   RO         4118    i.UART_DMAReceiveCplt  stm32f4xx_hal_uart.o
    0x08004b16   0x08004b16   0x0000001c   Code   RO         4121    i.UART_EndRxTransfer  stm32f4xx_hal_uart.o
    0x08004b32   0x08004b32   0x00000012   Code   RO         4122    i.UART_EndTxTransfer  stm32f4xx_hal_uart.o
    0x08004b44   0x08004b44   0x0000008c   Code   RO         4123    i.UART_Receive_IT   stm32f4xx_hal_uart.o
    0x08004bd0   0x08004bd0   0x000002ac   Code   RO         4124    i.UART_SetConfig    stm32f4xx_hal_uart.o
    0x08004e7c   0x08004e7c   0x00000062   Code   RO         4125    i.UART_Transmit_IT  stm32f4xx_hal_uart.o
    0x08004ede   0x08004ede   0x00000064   Code   RO         4126    i.UART_WaitOnFlagUntilTimeout  stm32f4xx_hal_uart.o
    0x08004f42   0x08004f42   0x00000002   PAD
    0x08004f44   0x08004f44   0x00000078   Code   RO          398    i.USART1_IRQHandler  stm32f4xx_it.o
    0x08004fbc   0x08004fbc   0x00000070   Code   RO          399    i.USART2_IRQHandler  stm32f4xx_it.o
    0x0800502c   0x0800502c   0x00000020   Code   RO          400    i.USART3_IRQHandler  stm32f4xx_it.o
    0x0800504c   0x0800504c   0x00000068   Code   RO          401    i.USART6_IRQHandler  stm32f4xx_it.o
    0x080050b4   0x080050b4   0x00000002   Code   RO          402    i.UsageFault_Handler  stm32f4xx_it.o
    0x080050b6   0x080050b6   0x00000022   Code   RO         1156    i.Usart_SendArray   usart.o
    0x080050d8   0x080050d8   0x00000014   Code   RO         1157    i.Usart_SendByte    usart.o
    0x080050ec   0x080050ec   0x00000020   Code   RO         6203    i.__0printf         mc_w.l(printfa.o)
    0x0800510c   0x0800510c   0x0000000e   Code   RO         6313    i.__scatterload_copy  mc_w.l(handlers.o)
    0x0800511a   0x0800511a   0x00000002   Code   RO         6314    i.__scatterload_null  mc_w.l(handlers.o)
    0x0800511c   0x0800511c   0x0000000e   Code   RO         6315    i.__scatterload_zeroinit  mc_w.l(handlers.o)
    0x0800512a   0x0800512a   0x00000002   PAD
    0x0800512c   0x0800512c   0x00000184   Code   RO         6210    i._fp_digits        mc_w.l(printfa.o)
    0x080052b0   0x080052b0   0x000006dc   Code   RO         6211    i._printf_core      mc_w.l(printfa.o)
    0x0800598c   0x0800598c   0x00000024   Code   RO         6212    i._printf_post_padding  mc_w.l(printfa.o)
    0x080059b0   0x080059b0   0x0000002e   Code   RO         6213    i._printf_pre_padding  mc_w.l(printfa.o)
    0x080059de   0x080059de   0x0000002a   Code   RO         1357    i.abs_limit         pid.o
    0x08005a08   0x08005a08   0x00000018   Code   RO         1158    i.fputc             usart.o
    0x08005a20   0x08005a20   0x00000048   Code   RO         1254    i.get_moto_measure_3508  motor_use_can.o
    0x08005a68   0x08005a68   0x00000044   Code   RO         1255    i.get_moto_measure_6623  motor_use_can.o
    0x08005aac   0x08005aac   0x0000000c   Code   RO         1256    i.get_moto_offset   motor_use_can.o
    0x08005ab8   0x08005ab8   0x000000d0   Code   RO          656    i.gimbal_pid_init   gimbal_task.o
    0x08005b88   0x08005b88   0x0000001e   Code   RO            6    i.main              main.o
    0x08005ba6   0x08005ba6   0x0000000c   Code   RO         2001    i.makeFreeRtosPriority  cmsis_os.o
    0x08005bb2   0x08005bb2   0x0000000e   Code   RO         2002    i.osDelay           cmsis_os.o
    0x08005bc0   0x08005bc0   0x0000000e   Code   RO         2003    i.osDelayUntil      cmsis_os.o
    0x08005bce   0x08005bce   0x0000000a   Code   RO         2005    i.osKernelStart     cmsis_os.o
    0x08005bd8   0x08005bd8   0x00000014   Code   RO         2034    i.osSystickHandler  cmsis_os.o
    0x08005bec   0x08005bec   0x00000038   Code   RO         2035    i.osThreadCreate    cmsis_os.o
    0x08005c24   0x08005c24   0x000001c4   Code   RO         1358    i.pid_calc          pid.o
    0x08005de8   0x08005de8   0x0000000e   Code   RO         1359    i.pid_param_init    pid.o
    0x08005df6   0x08005df6   0x00000006   Code   RO         1360    i.pid_reset         pid.o
    0x08005dfc   0x08005dfc   0x00000034   Code   RO         2332    i.prvAddCurrentTaskToDelayedList  tasks.o
    0x08005e30   0x08005e30   0x00000054   Code   RO         2333    i.prvCheckTasksWaitingTermination  tasks.o
    0x08005e84   0x08005e84   0x0000004c   Code   RO         2812    i.prvHeapInit       heap_4.o
    0x08005ed0   0x08005ed0   0x00000028   Code   RO         2334    i.prvIdleTask       tasks.o
    0x08005ef8   0x08005ef8   0x0000004c   Code   RO         2813    i.prvInsertBlockIntoFreeList  heap_4.o
    0x08005f44   0x08005f44   0x00000020   Code   RO         2336    i.prvResetNextTaskUnblockTime  tasks.o
    0x08005f64   0x08005f64   0x00000028   Code   RO         2990    i.prvTaskExitError  port.o
    0x08005f8c   0x08005f8c   0x000000d8   Code   RO         2814    i.pvPortMalloc      heap_4.o
    0x08006064   0x08006064   0x00000028   Code   RO         2991    i.pxPortInitialiseStack  port.o
    0x0800608c   0x0800608c   0x000000b0   Code   RO          705    i.testTask          test_task.o
    0x0800613c   0x0800613c   0x00000024   Code   RO         2953    i.uxListRemove      list.o
    0x08006160   0x08006160   0x00000016   Code   RO         2954    i.vListInitialise   list.o
    0x08006176   0x08006176   0x00000006   Code   RO         2955    i.vListInitialiseItem  list.o
    0x0800617c   0x0800617c   0x00000030   Code   RO         2956    i.vListInsert       list.o
    0x080061ac   0x080061ac   0x00000018   Code   RO         2957    i.vListInsertEnd    list.o
    0x080061c4   0x080061c4   0x00000040   Code   RO         2993    i.vPortEnterCritical  port.o
    0x08006204   0x08006204   0x00000028   Code   RO         2994    i.vPortExitCritical  port.o
    0x0800622c   0x0800622c   0x0000005c   Code   RO         2815    i.vPortFree         heap_4.o
    0x08006288   0x08006288   0x00000020   Code   RO         2995    i.vPortSetupTimerInterrupt  port.o
    0x080062a8   0x080062a8   0x00000068   Code   RO         2347    i.vTaskDelay        tasks.o
    0x08006310   0x08006310   0x000000a8   Code   RO         2348    i.vTaskDelayUntil   tasks.o
    0x080063b8   0x080063b8   0x0000006c   Code   RO         2362    i.vTaskStartScheduler  tasks.o
    0x08006424   0x08006424   0x00000010   Code   RO         2364    i.vTaskSuspendAll   tasks.o
    0x08006434   0x08006434   0x0000007c   Code   RO         2365    i.vTaskSwitchContext  tasks.o
    0x080064b0   0x080064b0   0x00000040   Code   RO         1159    i.vcan_sendware     usart.o
    0x080064f0   0x080064f0   0x000000e0   Code   RO         2997    i.xPortStartScheduler  port.o
    0x080065d0   0x080065d0   0x0000002c   Code   RO         2998    i.xPortSysTickHandler  port.o
    0x080065fc   0x080065fc   0x000001c0   Code   RO         2367    i.xTaskGenericCreate  tasks.o
    0x080067bc   0x080067bc   0x0000001c   Code   RO         2371    i.xTaskGetSchedulerState  tasks.o
    0x080067d8   0x080067d8   0x0000000c   Code   RO         2372    i.xTaskGetTickCount  tasks.o
    0x080067e4   0x080067e4   0x000000cc   Code   RO         2374    i.xTaskIncrementTick  tasks.o
    0x080068b0   0x080068b0   0x000000c4   Code   RO         2380    i.xTaskResumeAll    tasks.o
    0x08006974   0x08006974   0x00000064   Data   RO          295    .constdata          freertos.o
    0x080069d8   0x080069d8   0x00000014   Data   RO         1736    .constdata          communication.o
    0x080069ec   0x080069ec   0x00000010   Data   RO         4970    .constdata          stm32f4xx_hal_rcc.o
    0x080069fc   0x080069fc   0x00000008   Data   RO         5315    .constdata          stm32f4xx_hal_dma.o
    0x08006a04   0x08006a04   0x00000038   Data   RO          296    .conststring        freertos.o
    0x08006a3c   0x08006a3c   0x00000020   Data   RO         6311    Region$$Table       anon$$obj.o


    Execution Region RW_IRAM1 (Exec base: 0x20000000, Load base: 0x08006a5c, Size: 0x00005318, Max: 0x00030000, ABSOLUTE)

    Exec Addr    Load Addr    Size         Type   Attr      Idx    E Section Name        Object

    0x20000000   0x08006a5c   0x00000014   Data   RW          297    .data               freertos.o
    0x20000014   0x08006a70   0x00000010   Data   RW          403    .data               stm32f4xx_it.o
    0x20000024   0x08006a80   0x00000008   Data   RW          615    .data               gun_task.o
    0x2000002c   0x08006a88   0x00000006   Data   RW          662    .data               gimbal_task.o
    0x20000032   0x08006a8e   0x00000002   PAD
    0x20000034   0x08006a90   0x00000010   Data   RW          706    .data               test_task.o
    0x20000044   0x08006aa0   0x00000002   Data   RW          707    .data               test_task.o
    0x20000046   0x08006aa2   0x00000002   PAD
    0x20000048   0x08006aa4   0x00000004   Data   RW          709    .data               test_task.o
    0x2000004c   0x08006aa8   0x00000004   Data   RW          756    .data               remote_task.o
    0x20000050   0x08006aac   0x00000010   Data   RW          841    .data               bsp.o
    0x20000060   0x08006abc   0x00000004   Data   RW         1051    .data               can.o
    0x20000064   0x08006ac0   0x0000003a   Data   RW         1737    .data               communication.o
    0x2000009e   0x08006afa   0x00000002   Data   RW         1739    .data               communication.o
    0x200000a0   0x08006afc   0x00000002   Data   RW         1740    .data               communication.o
    0x200000a2   0x08006afe   0x00000002   Data   RW         1741    .data               communication.o
    0x200000a4   0x08006b00   0x00000040   Data   RW         2383    .data               tasks.o
    0x200000e4   0x08006b40   0x00000018   Data   RW         2820    .data               heap_4.o
    0x200000fc   0x08006b58   0x0000000c   Data   RW         2999    .data               port.o
    0x20000108   0x08006b64   0x00000004   Data   RW         3067    .data               system_stm32f4xx.o
    0x2000010c   0x08006b68   0x00000004   Data   RW         4582    .data               stm32f4xx_hal.o
    0x20000110   0x08006b6c   0x00000004   Data   RW         6285    .data               mc_w.l(stdout.o)
    0x20000114        -       0x00000218   Zero   RW          614    .bss                gun_task.o
    0x2000032c        -       0x00000330   Zero   RW          661    .bss                gimbal_task.o
    0x2000065c        -       0x00000058   Zero   RW          898    .bss                spi.o
    0x200006b4        -       0x000000a8   Zero   RW          940    .bss                adc.o
    0x2000075c        -       0x000000f0   Zero   RW          986    .bss                tim.o
    0x2000084c        -       0x00000100   Zero   RW         1050    .bss                can.o
    0x2000094c        -       0x00000360   Zero   RW         1160    .bss                usart.o
    0x20000cac        -       0x00000198   Zero   RW         1258    .bss                motor_use_can.o
    0x20000e44        -       0x0000003c   Zero   RW         1259    .bss                motor_use_can.o
    0x20000e80        -       0x00000078   Zero   RW         1260    .bss                motor_use_can.o
    0x20000ef8        -       0x0000003c   Zero   RW         1261    .bss                motor_use_can.o
    0x20000f34        -       0x0000003c   Zero   RW         1262    .bss                motor_use_can.o
    0x20000f70        -       0x00000088   Zero   RW         1470    .bss                power_restriction.o
    0x20000ff8        -       0x00000060   Zero   RW         1650    .bss                systemstate.o
    0x20001058        -       0x0000015c   Zero   RW         1733    .bss                communication.o
    0x200011b4        -       0x00000021   Zero   RW         1735    .bss                communication.o
    0x200011d5   0x08006b70   0x00000001   PAD
    0x200011d6        -       0x00000015   Zero   RW         1842    .bss                minipc.o
    0x200011eb   0x08006b70   0x00000001   PAD
    0x200011ec        -       0x000000f0   Zero   RW         2382    .bss                tasks.o
    0x200012dc        -       0x00003c00   Zero   RW         2819    .bss                heap_4.o
    0x20004edc        -       0x0000003c   Zero   RW         4580    .bss                stm32f4xx_hal.o
    0x20004f18        -       0x00000400   Zero   RW         3054    STACK               startup_stm32f427xx.o


==============================================================================

Image component sizes


      Code (inc. data)   RO Data    RW Data    ZI Data      Debug   Object Name

       212         34          0          0        168       1619   adc.o
       300         58          0         16          0       2104   bsp.o
       408         46          0          4        256       2955   can.o
       126          0          0          0          0      14259   cmsis_os.o
      1328         96         20         64        381      13594   communication.o
       124          4          0          0          0        786   dma.o
       136         10        156         20          0       6500   freertos.o
      1048         82          0          6        816       4446   gimbal_task.o
       484         36          0          0          0       1239   gpio.o
       552         64          0          8        536       4817   gun_task.o
       460         24          0         24      15360       7091   heap_4.o
       136          0          0          0          0       3438   list.o
       192         10          0          0          0     392140   main.o
         0          0          0          0         21       1179   minipc.o
       372         20          0          0        708       6063   motor_use_can.o
       538         12          0          0          0       5212   pid.o
       670         74          0         12          0       8252   port.o
        52          0          0          0        136       2744   power_restriction.o
       580         90          0          4          0       4475   remote_task.o
       148         22          0          0         88       1529   spi.o
        36          8        428          0       1024        784   startup_stm32f427xx.o
       218         32          0          4         60       4394   stm32f4xx_hal.o
      1120         48          0          0          0       7041   stm32f4xx_hal_adc.o
      1458         24          0          0          0       5787   stm32f4xx_hal_can.o
       218         14          0          0          0      30905   stm32f4xx_hal_cortex.o
      1022         22          8          0          0       7194   stm32f4xx_hal_dma.o
       502         58          0          0          0       3692   stm32f4xx_hal_gpio.o
        88          0          0          0          0        506   stm32f4xx_hal_msp.o
      1408         90         16          0          0       6412   stm32f4xx_hal_rcc.o
       782          0          0          0          0       4329   stm32f4xx_hal_spi.o
       984         44          0          0          0       9647   stm32f4xx_hal_tim.o
         4          0          0          0          0       1558   stm32f4xx_hal_tim_ex.o
      1918         24          0          0          0      11412   stm32f4xx_hal_uart.o
      1278        244          0         16          0      20963   stm32f4xx_it.o
        84         18          0          4          0       1281   system_stm32f4xx.o
       168         38          0          0         96       4442   systemstate.o
      1616        136          0         64        240      25845   tasks.o
       176         42          0         22          0       1672   test_task.o
       324         46          0          0        240       2700   tim.o
      1278        144          0          0        864       7580   usart.o

    ----------------------------------------------------------------------
     22578       1714        660        272      20996     642586   Object Totals
         0          0         32          0          0          0   (incl. Generated)
        30          0          0          4          2          0   (incl. Padding)

    ----------------------------------------------------------------------

      Code (inc. data)   RO Data    RW Data    ZI Data      Debug   Library Member Name

         0          0          0          0          0          0   entry.o
         0          0          0          0          0          0   entry10a.o
         0          0          0          0          0          0   entry11a.o
         8          4          0          0          0          0   entry2.o
         4          0          0          0          0          0   entry5.o
         0          0          0          0          0          0   entry7b.o
         0          0          0          0          0          0   entry8b.o
         8          4          0          0          0          0   entry9a.o
        30          0          0          0          0          0   handlers.o
        36          8          0          0          0         68   init.o
         0          0          0          0          0          0   iusefp.o
        30          0          0          0          0         68   llshl.o
        36          0          0          0          0         68   llsshr.o
        32          0          0          0          0         68   llushr.o
        36          0          0          0          0         68   memcpya.o
        36          0          0          0          0        108   memseta.o
      2258         90          0          0          0        452   printfa.o
         0          0          0          4          0          0   stdout.o
        44          0          0          0          0         80   uidiv.o
        98          0          0          0          0         92   uldiv.o
        48          0          0          0          0         68   cdrcmple.o
        56          0          0          0          0         88   d2f.o
       334          0          0          0          0        148   dadd.o
       222          0          0          0          0        100   ddiv.o
       186          0          0          0          0        176   depilogue.o
        48          0          0          0          0         68   dfixul.o
        34          0          0          0          0         76   dflti.o
        26          0          0          0          0         76   dfltui.o
       228          0          0          0          0         96   dmul.o
        38          0          0          0          0         68   f2d.o
       110          0          0          0          0        168   fepilogue.o

    ----------------------------------------------------------------------
      3990        106          0          4          0       2204   Library Totals
         4          0          0          0          0          0   (incl. Padding)

    ----------------------------------------------------------------------

      Code (inc. data)   RO Data    RW Data    ZI Data      Debug   Library Name

      2656        106          0          4          0       1072   mc_w.l
      1330          0          0          0          0       1132   mf_w.l

    ----------------------------------------------------------------------
      3990        106          0          4          0       2204   Library Totals

    ----------------------------------------------------------------------

==============================================================================


      Code (inc. data)   RO Data    RW Data    ZI Data      Debug   

     26568       1820        660        276      20996     623502   Grand Totals
     26568       1820        660        276      20996     623502   ELF Image Totals
     26568       1820        660        276          0          0   ROM Totals

==============================================================================

    Total RO  Size (Code + RO Data)                27228 (  26.59kB)
    Total RW  Size (RW Data + ZI Data)             21272 (  20.77kB)
    Total ROM Size (Code + RO Data + RW Data)      27504 (  26.86kB)

==============================================================================

