<html>
<body>
<pre>
<h1>µVision Build Log</h1>
<h2>Tool Versions:</h2>
IDE-Version: ¦ÌVision V5.27.1.0
Copyright (C) 2019 ARM Ltd and ARM Germany GmbH. All rights reserved.
License Information: a a, a, LIC=FYKHL-0TRB7-S96G4-F60QM-5QI69-BI0GM
 
Tool Versions:
Toolchain:       MDK-ARM Plus  Version: 5.27.1.0
Toolchain Path:  D:\Keil\ARM\ARMCC\Bin
C Compiler:      Armcc.exe V5.06 update 6 (build 750)
Assembler:       Armasm.exe V5.06 update 6 (build 750)
Linker/Locator:  ArmLink.exe V5.06 update 6 (build 750)
Library Manager: ArmAr.exe V5.06 update 6 (build 750)
Hex Converter:   FromElf.exe V5.06 update 6 (build 750)
CPU DLL:         SARMCM3.DLL V5.27.1.0
Dialog DLL:      DCM.DLL V1.17.2.0
Target DLL:      Segger\JL2CM3.dll V2.99.35.0
Dialog DLL:      TCM.DLL V1.36.1.0
 
<h2>Project:</h2>
F:\Work\hero_robot\µ×ÅÌ\MDK-ARM\Dipan_Board_Test.uvprojx
Project File Date:  05/11/2019

<h2>Output:</h2>
*** Using Compiler 'V5.06 update 6 (build 750)', folder: 'D:\Keil\ARM\ARMCC\Bin'
Build target 'Dipan_Board_Test'
compiling stm32f4xx_it.c...
../Src/stm32f4xx_it.c(393): warning:  #177-D: variable "pxHigherPriorityTaskWoken"  was declared but never referenced
    static  BaseType_t  pxHigherPriorityTaskWoken;
../Src/stm32f4xx_it.c(411): warning:  #177-D: variable "pxHigherPriorityTaskWoken"  was declared but never referenced
    static  BaseType_t  pxHigherPriorityTaskWoken;
../Src/stm32f4xx_it.c(429): warning:  #177-D: variable "pxHigherPriorityTaskWoken"  was declared but never referenced
  	static  BaseType_t  pxHigherPriorityTaskWoken;
../Src/stm32f4xx_it.c: 3 warnings, 0 errors
compiling freertos.c...
.\APP\status_task.h(27): warning:  #1-D: last line of file ends without a newline
  /************************ (C) COPYRIGHT STMicroelectronics *****END OF FILE****/
../Src/freertos.c: 1 warning, 0 errors
compiling main.c...
compiling chassis_task.c...
compiling test_task.c...
APP\test_task.h(29): warning:  #1-D: last line of file ends without a newline
  /************************ (C) COPYRIGHT STMicroelectronics *****END OF FILE****/
APP\test_task.c(65): warning:  #1-D: last line of file ends without a newline
  /************************ (C) COPYRIGHT STMicroelectronics *****END OF FILE****/
APP\test_task.c: 2 warnings, 0 errors
compiling status_task.c...
APP\status_task.h(27): warning:  #1-D: last line of file ends without a newline
  /************************ (C) COPYRIGHT STMicroelectronics *****END OF FILE****/
APP\status_task.c(116): warning:  #1-D: last line of file ends without a newline
  /************************ (C) COPYRIGHT STMicroelectronics *****END OF FILE****/
APP\status_task.c: 2 warnings, 0 errors
compiling BSP.c...
compiling data_pro_task.c...
compiling dma.c...
compiling gpio.c...
compiling tim.c...
compiling usart.c...
compiling stm32f4xx_hal_msp.c...
compiling can.c...
compiling adc.c...
compiling stm32f4xx_hal_timebase_TIM.c...
compiling minipc.c...
compiling Motor_USE_CAN.c...
MotorDriver\Motor_USE_CAN.c(272): warning:  #1-D: last line of file ends without a newline
  }
MotorDriver\Motor_USE_CAN.c(42): warning:  #177-D: variable "Cloud_Platform_Data"  was declared but never referenced
  static CAN_TxHeaderTypeDef  Cloud_Platform_Data;
MotorDriver\Motor_USE_CAN.c(43): warning:  #177-D: variable "Allocate_Motor_Data"  was declared but never referenced
  static CAN_TxHeaderTypeDef  Allocate_Motor_Data;
MotorDriver\Motor_USE_CAN.c(44): warning:  #177-D: variable "CANSend_DP"  was declared but never referenced
  static CAN_TxHeaderTypeDef  CANSend_DP;
MotorDriver\Motor_USE_CAN.c(45): warning:  #177-D: variable "CANSend_Referee_B"  was declared but never referenced
  static CAN_TxHeaderTypeDef  CANSend_Referee_B;
MotorDriver\Motor_USE_CAN.c(48): warning:  #177-D: variable "CANSend_MINI_S"  was declared but never referenced
  static CAN_TxHeaderTypeDef  CANSend_MINI_S;
MotorDriver\Motor_USE_CAN.c: 6 warnings, 0 errors
compiling communication.c...
compiling protocol.c...
Algorithm\protocol.c(273): warning:  #177-D: variable "crc8_flag"  was declared but never referenced
  		static uint8_t crc8_flag = 0,crc16_flag = 0;
Algorithm\protocol.c(273): warning:  #177-D: variable "crc16_flag"  was declared but never referenced
  		static uint8_t crc8_flag = 0,crc16_flag = 0;
Algorithm\protocol.c: 2 warnings, 0 errors
compiling Caloric_restriction.c...
compiling mecanum_calc.c...
compiling SystemState.c...
compiling pid.c...
compiling Power_restriction.c...
Algorithm\Power_restriction.c(376): warning:  #1035-D: single-precision operand implicitly converted to double-precision
          current_get.Current_Referee = (float)Robot.Chassis_Power.Chassis_Current * 0.001;
Algorithm\Power_restriction.c(504): warning:  #940-D: missing return statement at end of non-void function "Down_Shield" 
  }
Algorithm\Power_restriction.c(568): warning:  #177-D: variable "total_current"  was declared but never referenced
  		static float total_current = 0;
Algorithm\Power_restriction.c(569): warning:  #550-D: variable "flag"  was set but never used
  		static uint8_t flag = 0;
Algorithm\Power_restriction.c(711): warning:  #1035-D: single-precision operand implicitly converted to double-precision
      return (current_get.Capacitance_Volt - MinVoltOFCap)*12.5;	
Algorithm\Power_restriction.c: 5 warnings, 0 errors
compiling stm32f4xx_hal_adc.c...
compiling stm32f4xx_hal_adc_ex.c...
compiling stm32f4xx_hal_can.c...
compiling stm32f4xx_hal_tim.c...
compiling stm32f4xx_hal_tim_ex.c...
compiling stm32f4xx_hal_uart.c...
compiling stm32f4xx_hal_rcc.c...
compiling stm32f4xx_hal_rcc_ex.c...
compiling stm32f4xx_hal_flash_ramfunc.c...
compiling stm32f4xx_hal_flash.c...
compiling stm32f4xx_hal_flash_ex.c...
compiling stm32f4xx_hal_gpio.c...
compiling stm32f4xx_hal_dma.c...
compiling stm32f4xx_hal_pwr_ex.c...
compiling stm32f4xx_hal_pwr.c...
compiling stm32f4xx_hal_dma_ex.c...
assembling startup_stm32f407xx.s...
compiling heap_4.c...
compiling port.c...
compiling croutine.c...
compiling event_groups.c...
compiling list.c...
compiling queue.c...
compiling tasks.c...
compiling timers.c...
compiling cmsis_os.c...
compiling system_stm32f4xx.c...
compiling stm32f4xx_hal_cortex.c...
compiling stm32f4xx_hal.c...
linking...
Program Size: Code=23424 RO-data=1472 RW-data=312 ZI-data=20720  
FromELF: creating hex file...
"Dipan_Board_Test\Dipan_Board_Test.axf" - 0 Error(s), 21 Warning(s).

<h2>Software Packages used:</h2>

Package Vendor: ARM
                http://www.keil.com/pack/ARM.CMSIS.5.5.1.pack
                ARM.CMSIS.5.5.1
                CMSIS (Cortex Microcontroller Software Interface Standard)
   * Component: CORE Version: 5.2.0

Package Vendor: Keil
                http://www.keil.com/pack/Keil.STM32F4xx_DFP.2.9.0.pack
                Keil.STM32F4xx_DFP.2.9.0
                STMicroelectronics STM32F4 Series Device Support, Drivers and Examples

<h2>Collection of Component include folders:</h2>
  .\RTE\_Dipan_Board_Test
  D:\Keil\Packs\ARM\CMSIS\5.5.1\CMSIS\Core\Include
  D:\Keil\Packs\Keil\STM32F4xx_DFP\2.9.0\Drivers\CMSIS\Device\ST\STM32F4xx\Include

<h2>Collection of Component Files used:</h2>

   * Component: ARM::CMSIS:CORE:5.2.0
Build Time Elapsed:  00:02:46
</pre>
</body>
</html>
