<html>
<body>
<pre>
<h1>µVision Build Log</h1>
<h2>Tool Versions:</h2>
IDE-Version: ¦ÌVision V5.27.1.0
Copyright (C) 2019 ARM Ltd and ARM Germany GmbH. All rights reserved.
License Information: a a, a, LIC=FYKHL-0TRB7-S96G4-F60QM-5QI69-BI0GM
 
Tool Versions:
Toolchain:       MDK-ARM Plus  Version: 5.27.1.0
Toolchain Path:  D:\Keil\ARM\ARMCC\Bin
C Compiler:      Armcc.exe V5.06 update 6 (build 750)
Assembler:       Armasm.exe V5.06 update 6 (build 750)
Linker/Locator:  ArmLink.exe V5.06 update 6 (build 750)
Library Manager: ArmAr.exe V5.06 update 6 (build 750)
Hex Converter:   FromElf.exe V5.06 update 6 (build 750)
CPU DLL:         SARMCM3.DLL V5.27.1.0
Dialog DLL:      DCM.DLL V1.17.2.0
Target DLL:      Segger\JL2CM3.dll V2.99.35.0
Dialog DLL:      TCM.DLL V1.36.1.0
 
<h2>Project:</h2>
F:\Work\hero\µ×ÅÌ\MDK-ARM\Dipan_Board_Test.uvprojx
Project File Date:  04/30/2019

<h2>Output:</h2>
*** Using Compiler 'V5.06 update 6 (build 750)', folder: 'D:\Keil\ARM\ARMCC\Bin'
Build target 'Dipan_Board_Test'
compiling Motor_USE_CAN.c...
MotorDriver\Motor_USE_CAN.c(342): warning:  #1-D: last line of file ends without a newline
  }
MotorDriver\Motor_USE_CAN.c(42): warning:  #177-D: variable "Cloud_Platform_Data"  was declared but never referenced
  static CAN_TxHeaderTypeDef  Cloud_Platform_Data;
MotorDriver\Motor_USE_CAN.c(43): warning:  #177-D: variable "Allocate_Motor_Data"  was declared but never referenced
  static CAN_TxHeaderTypeDef  Allocate_Motor_Data;
MotorDriver\Motor_USE_CAN.c: 3 warnings, 0 errors
linking...
Program Size: Code=22700 RO-data=1568 RW-data=312 ZI-data=20536  
FromELF: creating hex file...
"Dipan_Board_Test\Dipan_Board_Test.axf" - 0 Error(s), 3 Warning(s).

<h2>Software Packages used:</h2>

Package Vendor: ARM
                http://www.keil.com/pack/ARM.CMSIS.5.5.1.pack
                ARM.CMSIS.5.5.1
                CMSIS (Cortex Microcontroller Software Interface Standard)
   * Component: CORE Version: 5.2.0

Package Vendor: Keil
                http://www.keil.com/pack/Keil.STM32F4xx_DFP.2.9.0.pack
                Keil.STM32F4xx_DFP.2.9.0
                STMicroelectronics STM32F4 Series Device Support, Drivers and Examples

<h2>Collection of Component include folders:</h2>
  .\RTE\_Dipan_Board_Test
  D:\Keil\Packs\ARM\CMSIS\5.5.1\CMSIS\Core\Include
  D:\Keil\Packs\Keil\STM32F4xx_DFP\2.9.0\Drivers\CMSIS\Device\ST\STM32F4xx\Include

<h2>Collection of Component Files used:</h2>

   * Component: ARM::CMSIS:CORE:5.2.0
Build Time Elapsed:  00:00:27
</pre>
</body>
</html>
